Archive member included to satisfy reference by file (symbol)

../Middlewares/ST/ARM/DSP/Lib/libarm_cortexM4lf_math.a(arm_rfft_fast_init_f32.o)
                              ./Core/Src/main.o (arm_rfft_fast_init_f32)
../Middlewares/ST/ARM/DSP/Lib/libarm_cortexM4lf_math.a(arm_rfft_fast_f32.o)
                              ./Core/Src/main.o (arm_rfft_fast_f32)
../Middlewares/ST/ARM/DSP/Lib/libarm_cortexM4lf_math.a(arm_cfft_f32.o)
                              ../Middlewares/ST/ARM/DSP/Lib/libarm_cortexM4lf_math.a(arm_rfft_fast_f32.o) (arm_cfft_f32)
../Middlewares/ST/ARM/DSP/Lib/libarm_cortexM4lf_math.a(arm_bitreversal2.o)
                              ../Middlewares/ST/ARM/DSP/Lib/libarm_cortexM4lf_math.a(arm_cfft_f32.o) (arm_bitreversal_32)
../Middlewares/ST/ARM/DSP/Lib/libarm_cortexM4lf_math.a(arm_cmplx_mag_f32.o)
                              ./Core/Src/main.o (arm_cmplx_mag_f32)
../Middlewares/ST/ARM/DSP/Lib/libarm_cortexM4lf_math.a(arm_common_tables.o)
                              ../Middlewares/ST/ARM/DSP/Lib/libarm_cortexM4lf_math.a(arm_rfft_fast_init_f32.o) (twiddleCoef_rfft_4096)
../Middlewares/ST/ARM/DSP/Lib/libarm_cortexM4lf_math.a(arm_cfft_radix8_f32.o)
                              ../Middlewares/ST/ARM/DSP/Lib/libarm_cortexM4lf_math.a(arm_cfft_f32.o) (arm_radix8_butterfly_f32)
/opt/st/stm32cubeide_1.13.2/plugins/com.st.stm32cube.ide.mcu.externaltools.gnu-tools-for-stm32.11.3.rel1.linux64_1.1.1.202309131626/tools/bin/../lib/gcc/arm-none-eabi/11.3.1/../../../../arm-none-eabi/lib/thumb/v7e-m+fp/hard/libm.a(libm_a-wf_sqrt.o)
                              ../Middlewares/ST/ARM/DSP/Lib/libarm_cortexM4lf_math.a(arm_cmplx_mag_f32.o) (sqrtf)
/opt/st/stm32cubeide_1.13.2/plugins/com.st.stm32cube.ide.mcu.externaltools.gnu-tools-for-stm32.11.3.rel1.linux64_1.1.1.202309131626/tools/bin/../lib/gcc/arm-none-eabi/11.3.1/../../../../arm-none-eabi/lib/thumb/v7e-m+fp/hard/libm.a(libm_a-ef_sqrt.o)
                              /opt/st/stm32cubeide_1.13.2/plugins/com.st.stm32cube.ide.mcu.externaltools.gnu-tools-for-stm32.11.3.rel1.linux64_1.1.1.202309131626/tools/bin/../lib/gcc/arm-none-eabi/11.3.1/../../../../arm-none-eabi/lib/thumb/v7e-m+fp/hard/libm.a(libm_a-wf_sqrt.o) (__ieee754_sqrtf)
/opt/st/stm32cubeide_1.13.2/plugins/com.st.stm32cube.ide.mcu.externaltools.gnu-tools-for-stm32.11.3.rel1.linux64_1.1.1.202309131626/tools/bin/../lib/gcc/arm-none-eabi/11.3.1/../../../../arm-none-eabi/lib/thumb/v7e-m+fp/hard/libc_nano.a(libc_a-exit.o)
                              /opt/st/stm32cubeide_1.13.2/plugins/com.st.stm32cube.ide.mcu.externaltools.gnu-tools-for-stm32.11.3.rel1.linux64_1.1.1.202309131626/tools/bin/../lib/gcc/arm-none-eabi/11.3.1/../../../../arm-none-eabi/lib/thumb/v7e-m+fp/hard/crt0.o (exit)
/opt/st/stm32cubeide_1.13.2/plugins/com.st.stm32cube.ide.mcu.externaltools.gnu-tools-for-stm32.11.3.rel1.linux64_1.1.1.202309131626/tools/bin/../lib/gcc/arm-none-eabi/11.3.1/../../../../arm-none-eabi/lib/thumb/v7e-m+fp/hard/libc_nano.a(libc_a-findfp.o)
                              /opt/st/stm32cubeide_1.13.2/plugins/com.st.stm32cube.ide.mcu.externaltools.gnu-tools-for-stm32.11.3.rel1.linux64_1.1.1.202309131626/tools/bin/../lib/gcc/arm-none-eabi/11.3.1/../../../../arm-none-eabi/lib/thumb/v7e-m+fp/hard/libc_nano.a(libc_a-exit.o) (__stdio_exit_handler)
/opt/st/stm32cubeide_1.13.2/plugins/com.st.stm32cube.ide.mcu.externaltools.gnu-tools-for-stm32.11.3.rel1.linux64_1.1.1.202309131626/tools/bin/../lib/gcc/arm-none-eabi/11.3.1/../../../../arm-none-eabi/lib/thumb/v7e-m+fp/hard/libc_nano.a(libc_a-fwalk.o)
                              /opt/st/stm32cubeide_1.13.2/plugins/com.st.stm32cube.ide.mcu.externaltools.gnu-tools-for-stm32.11.3.rel1.linux64_1.1.1.202309131626/tools/bin/../lib/gcc/arm-none-eabi/11.3.1/../../../../arm-none-eabi/lib/thumb/v7e-m+fp/hard/libc_nano.a(libc_a-findfp.o) (_fwalk_sglue)
/opt/st/stm32cubeide_1.13.2/plugins/com.st.stm32cube.ide.mcu.externaltools.gnu-tools-for-stm32.11.3.rel1.linux64_1.1.1.202309131626/tools/bin/../lib/gcc/arm-none-eabi/11.3.1/../../../../arm-none-eabi/lib/thumb/v7e-m+fp/hard/libc_nano.a(libc_a-sprintf.o)
                              ./Core/Src/main.o (sprintf)
/opt/st/stm32cubeide_1.13.2/plugins/com.st.stm32cube.ide.mcu.externaltools.gnu-tools-for-stm32.11.3.rel1.linux64_1.1.1.202309131626/tools/bin/../lib/gcc/arm-none-eabi/11.3.1/../../../../arm-none-eabi/lib/thumb/v7e-m+fp/hard/libc_nano.a(libc_a-stdio.o)
                              /opt/st/stm32cubeide_1.13.2/plugins/com.st.stm32cube.ide.mcu.externaltools.gnu-tools-for-stm32.11.3.rel1.linux64_1.1.1.202309131626/tools/bin/../lib/gcc/arm-none-eabi/11.3.1/../../../../arm-none-eabi/lib/thumb/v7e-m+fp/hard/libc_nano.a(libc_a-findfp.o) (__sread)
/opt/st/stm32cubeide_1.13.2/plugins/com.st.stm32cube.ide.mcu.externaltools.gnu-tools-for-stm32.11.3.rel1.linux64_1.1.1.202309131626/tools/bin/../lib/gcc/arm-none-eabi/11.3.1/../../../../arm-none-eabi/lib/thumb/v7e-m+fp/hard/libc_nano.a(libc_a-memset.o)
[...]
Memory Configuration

Name             Origin             Length             Attributes
RAM              0x0000000020000000 0x0000000000018000 xrw
RAM2             0x0000000010000000 0x0000000000008000 xrw
FLASH            0x0000000008000000 0x0000000000100000 xr
*default*        0x0000000000000000 0xffffffffffffffff

Linker script and memory map

LOAD /opt/st/stm32cubeide_1.13.2/plugins/com.st.stm32cube.ide.mcu.externaltools.gnu-tools-for-stm32.11.3.rel1.linux64_1.1.1.202309131626/tools/bin/../lib/gcc/arm-none-eabi/11.3.1/thumb/v7e-m+fp/hard/crti.o
LOAD /opt/st/stm32cubeide_1.13.2/plugins/com.st.stm32cube.ide.mcu.externaltools.gnu-tools-for-stm32.11.3.rel1.linux64_1.1.1.202309131626/tools/bin/../lib/gcc/arm-none-eabi/11.3.1/thumb/v7e-m+fp/hard/crtbegin.o
LOAD /opt/st/stm32cubeide_1.13.2/plugins/com.st.stm32cube.ide.mcu.externaltools.gnu-tools-for-stm32.11.3.rel1.linux64_1.1.1.202309131626/tools/bin/../lib/gcc/arm-none-eabi/11.3.1/../../../../arm-none-eabi/lib/thumb/v7e-m+fp/hard/crt0.o
LOAD ./Core/Src/main.o
LOAD ./Core/Src/stm32l4xx_hal_msp.o
LOAD ./Core/Src/stm32l4xx_it.o
LOAD ./Core/Src/syscalls.o
LOAD ./Core/Src/sysmem.o
LOAD ./Core/Src/system_stm32l4xx.o
LOAD ./Core/Startup/startup_stm32l476rgtx.o
LOAD ./Drivers/STM32L4xx_HAL_Driver/Src/stm32l4xx_hal.o
LOAD ./Drivers/STM32L4xx_HAL_Driver/Src/stm32l4xx_hal_adc.o
LOAD ./Drivers/STM32L4xx_HAL_Driver/Src/stm32l4xx_hal_adc_ex.o
LOAD ./Drivers/STM32L4xx_HAL_Driver/Src/stm32l4xx_hal_cortex.o
LOAD ./Drivers/STM32L4xx_HAL_Driver/Src/stm32l4xx_hal_dma.o
LOAD ./Drivers/STM32L4xx_HAL_Driver/Src/stm32l4xx_hal_dma_ex.o
LOAD ./Drivers/STM32L4xx_HAL_Driver/Src/stm32l4xx_hal_exti.o
LOAD ./Drivers/STM32L4xx_HAL_Driver/Src/stm32l4xx_hal_flash.o
LOAD ./Drivers/STM32L4xx_HAL_Driver/Src/stm32l4xx_hal_flash_ex.o
LOAD ./Drivers/STM32L4xx_HAL_Driver/Src/stm32l4xx_hal_flash_ramfunc.o
LOAD ./Drivers/STM32L4xx_HAL_Driver/Src/stm32l4xx_hal_gpio.o
LOAD ./Drivers/STM32L4xx_HAL_Driver/Src/stm32l4xx_hal_pwr.o
LOAD ./Drivers/STM32L4xx_HAL_Driver/Src/stm32l4xx_hal_pwr_ex.o
LOAD ./Drivers/STM32L4xx_HAL_Driver/Src/stm32l4xx_hal_rcc.o
LOAD ./Drivers/STM32L4xx_HAL_Driver/Src/stm32l4xx_hal_rcc_ex.o
LOAD ./Drivers/STM32L4xx_HAL_Driver/Src/stm32l4xx_hal_tim.o
LOAD ./Drivers/STM32L4xx_HAL_Driver/Src/stm32l4xx_hal_tim_ex.o
LOAD ./Drivers/STM32L4xx_HAL_Driver/Src/stm32l4xx_hal_uart.o
LOAD ./Drivers/STM32L4xx_HAL_Driver/Src/stm32l4xx_hal_uart_ex.o
LOAD ../Middlewares/ST/ARM/DSP/Lib/libarm_cortexM4lf_math.a
START GROUP
LOAD /opt/st/stm32cubeide_1.13.2/plugins/com.st.stm32cube.ide.mcu.externaltools.gnu-tools-for-stm32.11.3.rel1.linux64_1.1.1.202309131626/tools/bin/../lib/gcc/arm-none-eabi/11.3.1/../../../../arm-none-eabi/lib/thumb/v7e-m+fp/hard/libstdc++_nano.a
LOAD /opt/st/stm32cubeide_1.13.2/plugins/com.st.stm32cube.ide.mcu.externaltools.gnu-tools-for-stm32.11.3.rel1.linux64_1.1.1.202309131626/tools/bin/../lib/gcc/arm-none-eabi/11.3.1/../../../../arm-none-eabi/lib/thumb/v7e-m+fp/hard/libsupc++_nano.a
END GROUP
LOAD /opt/st/stm32cubeide_1.13.2/plugins/com.st.stm32cube.ide.mcu.externaltools.gnu-tools-for-stm32.11.3.rel1.linux64_1.1.1.202309131626/tools/bin/../lib/gcc/arm-none-eabi/11.3.1/../../../../arm-none-eabi/lib/thumb/v7e-m+fp/hard/libstdc++_nano.a
LOAD /opt/st/stm32cubeide_1.13.2/plugins/com.st.stm32cube.ide.mcu.externaltools.gnu-tools-for-stm32.11.3.rel1.linux64_1.1.1.202309131626/tools/bin/../lib/gcc/arm-none-eabi/11.3.1/../../../../arm-none-eabi/lib/thumb/v7e-m+fp/hard/libm.a
LOAD /opt/st/stm32cubeide_1.13.2/plugins/com.st.stm32cube.ide.mcu.externaltools.gnu-tools-for-stm32.11.3.rel1.linux64_1.1.1.202309131626/tools/bin/../lib/gcc/arm-none-eabi/11.3.1/../../../../arm-none-eabi/lib/thumb/v7e-m+fp/hard/libc_nano.a
START GROUP
LOAD /opt/st/stm32cubeide_1.13.2/plugins/com.st.stm32cube.ide.mcu.externaltools.gnu-tools-for-stm32.11.3.rel1.linux64_1.1.1.202309131626/tools/bin/../lib/gcc/arm-none-eabi/11.3.1/thumb/v7e-m+fp/hard/libgcc.a
LOAD /opt/st/stm32cubeide_1.13.2/plugins/com.st.stm32cube.ide.mcu.externaltools.gnu-tools-for-stm32.11.3.rel1.linux64_1.1.1.202309131626/tools/bin/../lib/gcc/arm-none-eabi/11.3.1/../../../../arm-none-eabi/lib/thumb/v7e-m+fp/hard/libc_nano.a
END GROUP
START GROUP
LOAD /opt/st/stm32cubeide_1.13.2/plugins/com.st.stm32cube.ide.mcu.externaltools.gnu-tools-for-stm32.11.3.rel1.linux64_1.1.1.202309131626/tools/bin/../lib/gcc/arm-none-eabi/11.3.1/thumb/v7e-m+fp/hard/libgcc.a
LOAD /opt/st/stm32cubeide_1.13.2/plugins/com.st.stm32cube.ide.mcu.externaltools.gnu-tools-for-stm32.11.3.rel1.linux64_1.1.1.202309131626/tools/bin/../lib/gcc/arm-none-eabi/11.3.1/../../../../arm-none-eabi/lib/thumb/v7e-m+fp/hard/libc_nano.a
LOAD /opt/st/stm32cubeide_1.13.2/plugins/com.st.stm32cube.ide.mcu.externaltools.gnu-tools-for-stm32.11.3.rel1.linux64_1.1.1.202309131626/tools/bin/../lib/gcc/arm-none-eabi/11.3.1/../../../../arm-none-eabi/lib/thumb/v7e-m+fp/hard/libnosys.a
END GROUP
START GROUP
LOAD /opt/st/stm32cubeide_1.13.2/plugins/com.st.stm32cube.ide.mcu.externaltools.gnu-tools-for-stm32.11.3.rel1.linux64_1.1.1.202309131626/tools/bin/../lib/gcc/arm-none-eabi/11.3.1/thumb/v7e-m+fp/hard/libgcc.a
LOAD /opt/st/stm32cubeide_1.13.2/plugins/com.st.stm32cube.ide.mcu.externaltools.gnu-tools-for-stm32.11.3.rel1.linux64_1.1.1.202309131626/tools/bin/../lib/gcc/arm-none-eabi/11.3.1/../../../../arm-none-eabi/lib/thumb/v7e-m+fp/hard/libc_nano.a
LOAD /opt/st/stm32cubeide_1.13.2/plugins/com.st.stm32cube.ide.mcu.externaltools.gnu-tools-for-stm32.11.3.rel1.linux64_1.1.1.202309131626/tools/bin/../lib/gcc/arm-none-eabi/11.3.1/../../../../arm-none-eabi/lib/thumb/v7e-m+fp/hard/libnosys.a
END GROUP
LOAD /opt/st/stm32cubeide_1.13.2/plugins/com.st.stm32cube.ide.mcu.externaltools.gnu-tools-for-stm32.11.3.rel1.linux64_1.1.1.202309131626/tools/bin/../lib/gcc/arm-none-eabi/11.3.1/thumb/v7e-m+fp/hard/crtend.o
LOAD /opt/st/stm32cubeide_1.13.2/plugins/com.st.stm32cube.ide.mcu.externaltools.gnu-tools-for-stm32.11.3.rel1.linux64_1.1.1.202309131626/tools/bin/../lib/gcc/arm-none-eabi/11.3.1/thumb/v7e-m+fp/hard/crtn.o
                0x0000000020018000                _estack = (ORIGIN (RAM) + LENGTH (RAM))
                0x0000000000000200                _Min_Heap_Size = 0x200
                0x0000000000000400                _Min_Stack_Size = 0x400

.isr_vector     0x0000000008000000      0x188
                0x0000000008000000                . = ALIGN (0x4)
 *(.isr_vector)
 .isr_vector    0x0000000008000000      0x188 ./Core/Startup/startup_stm32l476rgtx.o
                0x0000000008000000                g_pfnVectors
                0x0000000008000188                . = ALIGN (0x4)

.text           0x0000000008000190     0x7098
                0x0000000008000190                . = ALIGN (0x4)
 *(.text)
 .text          0x0000000008000190       0x40 /opt/st/stm32cubeide_1.13.2/plugins/com.st.stm32cube.ide.mcu.externaltools.gnu-tools-for-stm32.11.3.rel1.linux64_1.1.1.202309131626/tools/bin/../lib/gcc/arm-none-eabi/11.3.1/thumb/v7e-m+fp/hard/crtbegin.o
 .text          0x00000000080001d0       0x10 /opt/st/stm32cubeide_1.13.2/plugins/com.st.stm32cube.ide.mcu.externaltools.gnu-tools-for-stm32.11.3.rel1.linux64_1.1.1.202309131626/tools/bin/../lib/gcc/arm-none-eabi/11.3.1/../../../../arm-none-eabi/lib/thumb/v7e-m+fp/hard/libc_nano.a(libc_a-strlen.o)
                0x00000000080001d0                strlen
 .text          0x00000000080001e0       0xa0 /opt/st/stm32cubeide_1.13.2/plugins/com.st.stm32cube.ide.mcu.externaltools.gnu-tools-for-stm32.11.3.rel1.linux64_1.1.1.202309131626/tools/bin/../lib/gcc/arm-none-eabi/11.3.1/../../../../arm-none-eabi/lib/thumb/v7e-m+fp/hard/libc_nano.a(libc_a-memchr.o)
                0x00000000080001e0                memchr
 .text          0x0000000008000280      0x254 /opt/st/stm32cubeide_1.13.2/plugins/com.st.stm32cube.ide.mcu.externaltools.gnu-tools-for-stm32.11.3.rel1.linux64_1.1.1.202309131626/tools/bin/../lib/gcc/arm-none-eabi/11.3.1/thumb/v7e-m+fp/hard/libgcc.a(_arm_muldf3.o)
                0x0000000008000280                __aeabi_dmul
                0x0000000008000280                __muldf3
 .text          0x00000000080004d4      0x378 /opt/st/stm32cubeide_1.13.2/plugins/com.st.stm32cube.ide.mcu.externaltools.gnu-tools-for-stm32.11.3.rel1.linux64_1.1.1.202309131626/tools/bin/../lib/gcc/arm-none-eabi/11.3.1/thumb/v7e-m+fp/hard/libgcc.a(_arm_addsubdf3.o)
                0x00000000080004d4                __aeabi_drsub
                0x00000000080004dc                __aeabi_dsub
                0x00000000080004dc                __subdf3
                0x00000000080004e0                __adddf3
                0x00000000080004e0                __aeabi_dadd
                0x0000000008000758                __aeabi_ui2d
                0x0000000008000758                __floatunsidf
                0x0000000008000778                __floatsidf
                0x0000000008000778                __aeabi_i2d
                0x000000000800079c                __extendsfdf2
                0x000000000800079c                __aeabi_f2d
                0x00000000080007e0                __aeabi_ul2d
                0x00000000080007e0                __floatundidf
                0x00000000080007f0                __floatdidf
                0x00000000080007f0                __aeabi_l2d
 .text          0x000000000800084c       0xa0 /opt/st/stm32cubeide_1.13.2/plugins/com.st.stm32cube.ide.mcu.externaltools.gnu-tools-for-stm32.11.3.rel1.linux64_1.1.1.202309131626/tools/bin/../lib/gcc/arm-none-eabi/11.3.1/thumb/v7e-m+fp/hard/libgcc.a(_arm_truncdfsf2.o)
                0x000000000800084c                __aeabi_d2f
                0x000000000800084c                __truncdfsf2
 .text          0x00000000080008ec       0x30 /opt/st/stm32cubeide_1.13.2/plugins/com.st.stm32cube.ide.mcu.externaltools.gnu-tools-for-stm32.11.3.rel1.linux64_1.1.1.202309131626/tools/bin/../lib/gcc/arm-none-eabi/11.3.1/thumb/v7e-m+fp/hard/libgcc.a(_aeabi_uldivmod.o)
                0x00000000080008ec                __aeabi_uldivmod
 .text          0x000000000800091c      0x2c8 /opt/st/stm32cubeide_1.13.2/plugins/com.st.stm32cube.ide.mcu.externaltools.gnu-tools-for-stm32.11.3.rel1.linux64_1.1.1.202309131626/tools/bin/../lib/gcc/arm-none-eabi/11.3.1/thumb/v7e-m+fp/hard/libgcc.a(_udivmoddi4.o)
                0x000000000800091c                __udivmoddi4
 .text          0x0000000008000be4        0x4 /opt/st/stm32cubeide_1.13.2/plugins/com.st.stm32cube.ide.mcu.externaltools.gnu-tools-for-stm32.11.3.rel1.linux64_1.1.1.202309131626/tools/bin/../lib/gcc/arm-none-eabi/11.3.1/thumb/v7e-m+fp/hard/libgcc.a(_dvmd_tls.o)
                0x0000000008000be4                __aeabi_ldiv0
                0x0000000008000be4                __aeabi_idiv0
 *(.text*)
 .text.main     0x0000000008000be8      0x244 ./Core/Src/main.o
                0x0000000008000be8                main
 .text.SystemClock_Config
                0x0000000008000e2c       0xa2 ./Core/Src/main.o
                0x0000000008000e2c                SystemClock_Config
 *fill*         0x0000000008000ece        0x2 
 .text.MX_ADC1_Init
                0x0000000008000ed0       0xec ./Core/Src/main.o
 .text.MX_USART2_UART_Init
                0x0000000008000fbc       0x60 ./Core/Src/main.o
 .text.MX_DMA_Init
                0x000000000800101c       0x3c ./Core/Src/main.o
 .text.MX_GPIO_Init
                0x0000000008001058       0xcc ./Core/Src/main.o
 .text.Error_Handler
                0x0000000008001124        0xa ./Core/Src/main.o
                0x0000000008001124                Error_Handler
 *fill*         0x000000000800112e        0x2 
 .text.HAL_MspInit
                0x0000000008001130       0x48 ./Core/Src/stm32l4xx_hal_msp.o
                0x0000000008001130                HAL_MspInit
 .text.HAL_ADC_MspInit
                0x0000000008001178      0x134 ./Core/Src/stm32l4xx_hal_msp.o
                0x0000000008001178                HAL_ADC_MspInit
 .text.HAL_UART_MspInit
                0x00000000080012ac       0xb8 ./Core/Src/stm32l4xx_hal_msp.o
                0x00000000080012ac                HAL_UART_MspInit
 .text.NMI_Handler
                0x0000000008001364        0x6 ./Core/Src/stm32l4xx_it.o
                0x0000000008001364                NMI_Handler
 .text.HardFault_Handler
                0x000000000800136a        0x6 ./Core/Src/stm32l4xx_it.o
                0x000000000800136a                HardFault_Handler
 .text.MemManage_Handler
                0x0000000008001370        0x6 ./Core/Src/stm32l4xx_it.o
                0x0000000008001370                MemManage_Handler
 .text.BusFault_Handler
                0x0000000008001376        0x6 ./Core/Src/stm32l4xx_it.o
                0x0000000008001376                BusFault_Handler
 .text.UsageFault_Handler
                0x000000000800137c        0x6 ./Core/Src/stm32l4xx_it.o
                0x000000000800137c                UsageFault_Handler
 .text.SVC_Handler
                0x0000000008001382        0xe ./Core/Src/stm32l4xx_it.o
                0x0000000008001382                SVC_Handler
 .text.DebugMon_Handler
                0x0000000008001390        0xe ./Core/Src/stm32l4xx_it.o
                0x0000000008001390                DebugMon_Handler
 .text.PendSV_Handler
                0x000000000800139e        0xe ./Core/Src/stm32l4xx_it.o
                0x000000000800139e                PendSV_Handler
 .text.SysTick_Handler
                0x00000000080013ac        0xc ./Core/Src/stm32l4xx_it.o
                0x00000000080013ac                SysTick_Handler
 .text._sbrk    0x00000000080013b8       0x6c ./Core/Src/sysmem.o
                0x00000000080013b8                _sbrk
 .text.SystemInit
                0x0000000008001424       0x24 ./Core/Src/system_stm32l4xx.o
                0x0000000008001424                SystemInit
 .text.Reset_Handler
                0x0000000008001448       0x50 ./Core/Startup/startup_stm32l476rgtx.o
                0x0000000008001448                Reset_Handler
 .text.Default_Handler
                0x0000000008001498        0x2 ./Core/Startup/startup_stm32l476rgtx.o
                0x0000000008001498                RTC_Alarm_IRQHandler
                0x0000000008001498                EXTI2_IRQHandler
                0x0000000008001498                TIM8_TRG_COM_IRQHandler
                0x0000000008001498                TIM8_CC_IRQHandler
                0x0000000008001498                TIM1_CC_IRQHandler
                0x0000000008001498                TSC_IRQHandler
                0x0000000008001498                TAMP_STAMP_IRQHandler
                0x0000000008001498                EXTI3_IRQHandler
                0x0000000008001498                LPTIM2_IRQHandler
                0x0000000008001498                DFSDM1_FLT1_IRQHandler
                0x0000000008001498                I2C3_ER_IRQHandler
                0x0000000008001498                DFSDM1_FLT2_IRQHandler
                0x0000000008001498                EXTI0_IRQHandler
                0x0000000008001498                I2C2_EV_IRQHandler
                0x0000000008001498                CAN1_RX0_IRQHandler
                0x0000000008001498                FPU_IRQHandler
                0x0000000008001498                TIM1_UP_TIM16_IRQHandler
                0x0000000008001498                ADC1_2_IRQHandler
                0x0000000008001498                SPI1_IRQHandler
                0x0000000008001498                TIM6_DAC_IRQHandler
                0x0000000008001498                TIM8_UP_IRQHandler
                0x0000000008001498                DMA2_Channel2_IRQHandler
                0x0000000008001498                DMA1_Channel4_IRQHandler
                0x0000000008001498                SAI2_IRQHandler
                0x0000000008001498                DFSDM1_FLT3_IRQHandler
                0x0000000008001498                USART3_IRQHandler
                0x0000000008001498                DMA1_Channel7_IRQHandler
                0x0000000008001498                CAN1_RX1_IRQHandler
                0x0000000008001498                LCD_IRQHandler
                0x0000000008001498                UART5_IRQHandler
                0x0000000008001498                ADC3_IRQHandler
                0x0000000008001498                TIM4_IRQHandler
                0x0000000008001498                DMA2_Channel1_IRQHandler
                0x0000000008001498                QUADSPI_IRQHandler
                0x0000000008001498                I2C1_EV_IRQHandler
                0x0000000008001498                DMA1_Channel6_IRQHandler
                0x0000000008001498                UART4_IRQHandler
                0x0000000008001498                DMA2_Channel4_IRQHandler
                0x0000000008001498                TIM3_IRQHandler
                0x0000000008001498                RCC_IRQHandler
                0x0000000008001498                DMA1_Channel1_IRQHandler
                0x0000000008001498                Default_Handler
                0x0000000008001498                DMA2_Channel7_IRQHandler
                0x0000000008001498                EXTI15_10_IRQHandler
                0x0000000008001498                TIM7_IRQHandler
                0x0000000008001498                SDMMC1_IRQHandler
                0x0000000008001498                TIM5_IRQHandler
                0x0000000008001498                I2C3_EV_IRQHandler
                0x0000000008001498                EXTI9_5_IRQHandler
                0x0000000008001498                RTC_WKUP_IRQHandler
                0x0000000008001498                PVD_PVM_IRQHandler
                0x0000000008001498                SPI2_IRQHandler
                0x0000000008001498                CAN1_TX_IRQHandler
                0x0000000008001498                DMA2_Channel5_IRQHandler
                0x0000000008001498                DMA1_Channel5_IRQHandler
                0x0000000008001498                EXTI4_IRQHandler
                0x0000000008001498                RNG_IRQHandler
                0x0000000008001498                TIM1_TRG_COM_TIM17_IRQHandler
                0x0000000008001498                DMA1_Channel3_IRQHandler
                0x0000000008001498                COMP_IRQHandler
                0x0000000008001498                WWDG_IRQHandler
                0x0000000008001498                LPUART1_IRQHandler
                0x0000000008001498                DMA2_Channel6_IRQHandler
                0x0000000008001498                TIM2_IRQHandler
                0x0000000008001498                EXTI1_IRQHandler
                0x0000000008001498                USART2_IRQHandler
                0x0000000008001498                DFSDM1_FLT0_IRQHandler
                0x0000000008001498                I2C2_ER_IRQHandler
                0x0000000008001498                DMA1_Channel2_IRQHandler
                0x0000000008001498                TIM8_BRK_IRQHandler
                0x0000000008001498                CAN1_SCE_IRQHandler
                0x0000000008001498                FLASH_IRQHandler
                0x0000000008001498                USART1_IRQHandler
                0x0000000008001498                OTG_FS_IRQHandler
                0x0000000008001498                SPI3_IRQHandler
                0x0000000008001498                I2C1_ER_IRQHandler
                0x0000000008001498                FMC_IRQHandler
                0x0000000008001498                SWPMI1_IRQHandler
                0x0000000008001498                LPTIM1_IRQHandler
                0x0000000008001498                SAI1_IRQHandler
                0x0000000008001498                DMA2_Channel3_IRQHandler
                0x0000000008001498                TIM1_BRK_TIM15_IRQHandler
 *fill*         0x000000000800149a        0x2 
 .text.HAL_Init
                0x000000000800149c       0x40 ./Drivers/STM32L4xx_HAL_Driver/Src/stm32l4xx_hal.o
                0x000000000800149c                HAL_Init
 .text.HAL_InitTick
                0x00000000080014dc       0x78 ./Drivers/STM32L4xx_HAL_Driver/Src/stm32l4xx_hal.o
                0x00000000080014dc                HAL_InitTick
 .text.HAL_IncTick
                0x0000000008001554       0x28 ./Drivers/STM32L4xx_HAL_Driver/Src/stm32l4xx_hal.o
                0x0000000008001554                HAL_IncTick
 .text.HAL_GetTick
                0x000000000800157c       0x18 ./Drivers/STM32L4xx_HAL_Driver/Src/stm32l4xx_hal.o
                0x000000000800157c                HAL_GetTick
 .text.HAL_Delay
                0x0000000008001594       0x48 ./Drivers/STM32L4xx_HAL_Driver/Src/stm32l4xx_hal.o
                0x0000000008001594                HAL_Delay
 .text.LL_ADC_SetCommonClock
                0x00000000080015dc       0x26 ./Drivers/STM32L4xx_HAL_Driver/Src/stm32l4xx_hal_adc.o
 .text.LL_ADC_SetCommonPathInternalCh
                0x0000000008001602       0x26 ./Drivers/STM32L4xx_HAL_Driver/Src/stm32l4xx_hal_adc.o
 .text.LL_ADC_GetCommonPathInternalCh
                0x0000000008001628       0x1c ./Drivers/STM32L4xx_HAL_Driver/Src/stm32l4xx_hal_adc.o
 .text.LL_ADC_SetOffset
                0x0000000008001644       0x48 ./Drivers/STM32L4xx_HAL_Driver/Src/stm32l4xx_hal_adc.o
 .text.LL_ADC_GetOffsetChannel
                0x000000000800168c       0x2c ./Drivers/STM32L4xx_HAL_Driver/Src/stm32l4xx_hal_adc.o
 .text.LL_ADC_SetOffsetState
                0x00000000080016b8       0x36 ./Drivers/STM32L4xx_HAL_Driver/Src/stm32l4xx_hal_adc.o
 .text.LL_ADC_REG_IsTriggerSourceSWStart
                0x00000000080016ee       0x26 ./Drivers/STM32L4xx_HAL_Driver/Src/stm32l4xx_hal_adc.o
 .text.LL_ADC_REG_SetSequencerRanks
                0x0000000008001714       0x58 ./Drivers/STM32L4xx_HAL_Driver/Src/stm32l4xx_hal_adc.o
 .text.LL_ADC_SetChannelSamplingTime
                0x000000000800176c       0x56 ./Drivers/STM32L4xx_HAL_Driver/Src/stm32l4xx_hal_adc.o
 *fill*         0x00000000080017c2        0x2 
 .text.LL_ADC_SetChannelSingleDiff
                0x00000000080017c4       0x48 ./Drivers/STM32L4xx_HAL_Driver/Src/stm32l4xx_hal_adc.o
 .text.LL_ADC_GetMultimode
                0x000000000800180c       0x1c ./Drivers/STM32L4xx_HAL_Driver/Src/stm32l4xx_hal_adc.o
 .text.LL_ADC_GetMultiDMATransfer
                0x0000000008001828       0x1c ./Drivers/STM32L4xx_HAL_Driver/Src/stm32l4xx_hal_adc.o
 .text.LL_ADC_DisableDeepPowerDown
                0x0000000008001844       0x24 ./Drivers/STM32L4xx_HAL_Driver/Src/stm32l4xx_hal_adc.o
 .text.LL_ADC_IsDeepPowerDownEnabled
                0x0000000008001868       0x28 ./Drivers/STM32L4xx_HAL_Driver/Src/stm32l4xx_hal_adc.o
 .text.LL_ADC_EnableInternalRegulator
                0x0000000008001890       0x28 ./Drivers/STM32L4xx_HAL_Driver/Src/stm32l4xx_hal_adc.o
 .text.LL_ADC_IsInternalRegulatorEnabled
                0x00000000080018b8       0x28 ./Drivers/STM32L4xx_HAL_Driver/Src/stm32l4xx_hal_adc.o
 .text.LL_ADC_Enable
                0x00000000080018e0       0x28 ./Drivers/STM32L4xx_HAL_Driver/Src/stm32l4xx_hal_adc.o
 .text.LL_ADC_Disable
                0x0000000008001908       0x28 ./Drivers/STM32L4xx_HAL_Driver/Src/stm32l4xx_hal_adc.o
 .text.LL_ADC_IsEnabled
                0x0000000008001930       0x26 ./Drivers/STM32L4xx_HAL_Driver/Src/stm32l4xx_hal_adc.o
 .text.LL_ADC_IsDisableOngoing
                0x0000000008001956       0x26 ./Drivers/STM32L4xx_HAL_Driver/Src/stm32l4xx_hal_adc.o
 .text.LL_ADC_REG_StartConversion
                0x000000000800197c       0x28 ./Drivers/STM32L4xx_HAL_Driver/Src/stm32l4xx_hal_adc.o
 .text.LL_ADC_REG_StopConversion
                0x00000000080019a4       0x28 ./Drivers/STM32L4xx_HAL_Driver/Src/stm32l4xx_hal_adc.o
 .text.LL_ADC_REG_IsConversionOngoing
                0x00000000080019cc       0x26 ./Drivers/STM32L4xx_HAL_Driver/Src/stm32l4xx_hal_adc.o
 .text.LL_ADC_INJ_StopConversion
                0x00000000080019f2       0x28 ./Drivers/STM32L4xx_HAL_Driver/Src/stm32l4xx_hal_adc.o
 .text.LL_ADC_INJ_IsConversionOngoing
                0x0000000008001a1a       0x26 ./Drivers/STM32L4xx_HAL_Driver/Src/stm32l4xx_hal_adc.o
 .text.HAL_ADC_Init
                0x0000000008001a40      0x2a0 ./Drivers/STM32L4xx_HAL_Driver/Src/stm32l4xx_hal_adc.o
                0x0000000008001a40                HAL_ADC_Init
 .text.HAL_ADC_Start
                0x0000000008001ce0      0x174 ./Drivers/STM32L4xx_HAL_Driver/Src/stm32l4xx_hal_adc.o
                0x0000000008001ce0                HAL_ADC_Start
 .text.HAL_ADC_Stop
                0x0000000008001e54       0x66 ./Drivers/STM32L4xx_HAL_Driver/Src/stm32l4xx_hal_adc.o
                0x0000000008001e54                HAL_ADC_Stop
 *fill*         0x0000000008001eba        0x2 
 .text.HAL_ADC_PollForConversion
                0x0000000008001ebc      0x1b0 ./Drivers/STM32L4xx_HAL_Driver/Src/stm32l4xx_hal_adc.o
                0x0000000008001ebc                HAL_ADC_PollForConversion
 .text.HAL_ADC_GetValue
                0x000000000800206c       0x1a ./Drivers/STM32L4xx_HAL_Driver/Src/stm32l4xx_hal_adc.o
                0x000000000800206c                HAL_ADC_GetValue
 *fill*         0x0000000008002086        0x2 
 .text.HAL_ADC_ConfigChannel
                0x0000000008002088      0x7e4 ./Drivers/STM32L4xx_HAL_Driver/Src/stm32l4xx_hal_adc.o
                0x0000000008002088                HAL_ADC_ConfigChannel
 .text.ADC_ConversionStop
                0x000000000800286c      0x178 ./Drivers/STM32L4xx_HAL_Driver/Src/stm32l4xx_hal_adc.o
                0x000000000800286c                ADC_ConversionStop
 .text.ADC_Enable
                0x00000000080029e4      0x10c ./Drivers/STM32L4xx_HAL_Driver/Src/stm32l4xx_hal_adc.o
                0x00000000080029e4                ADC_Enable
 .text.ADC_Disable
                0x0000000008002af0       0xbe ./Drivers/STM32L4xx_HAL_Driver/Src/stm32l4xx_hal_adc.o
                0x0000000008002af0                ADC_Disable
 .text.LL_ADC_IsEnabled
                0x0000000008002bae       0x26 ./Drivers/STM32L4xx_HAL_Driver/Src/stm32l4xx_hal_adc_ex.o
 .text.LL_ADC_StartCalibration
                0x0000000008002bd4       0x32 ./Drivers/STM32L4xx_HAL_Driver/Src/stm32l4xx_hal_adc_ex.o
 .text.LL_ADC_IsCalibrationOnGoing
                0x0000000008002c06       0x28 ./Drivers/STM32L4xx_HAL_Driver/Src/stm32l4xx_hal_adc_ex.o
 .text.LL_ADC_REG_IsConversionOngoing
                0x0000000008002c2e       0x26 ./Drivers/STM32L4xx_HAL_Driver/Src/stm32l4xx_hal_adc_ex.o
 .text.HAL_ADCEx_Calibration_Start
                0x0000000008002c54       0xc0 ./Drivers/STM32L4xx_HAL_Driver/Src/stm32l4xx_hal_adc_ex.o
                0x0000000008002c54                HAL_ADCEx_Calibration_Start
 .text.HAL_ADCEx_MultiModeConfigChannel
                0x0000000008002d14      0x160 ./Drivers/STM32L4xx_HAL_Driver/Src/stm32l4xx_hal_adc_ex.o
                0x0000000008002d14                HAL_ADCEx_MultiModeConfigChannel
 .text.__NVIC_SetPriorityGrouping
                0x0000000008002e74       0x48 ./Drivers/STM32L4xx_HAL_Driver/Src/stm32l4xx_hal_cortex.o
 .text.__NVIC_GetPriorityGrouping
                0x0000000008002ebc       0x1c ./Drivers/STM32L4xx_HAL_Driver/Src/stm32l4xx_hal_cortex.o
 .text.__NVIC_EnableIRQ
                0x0000000008002ed8       0x3c ./Drivers/STM32L4xx_HAL_Driver/Src/stm32l4xx_hal_cortex.o
 .text.__NVIC_SetPriority
                0x0000000008002f14       0x54 ./Drivers/STM32L4xx_HAL_Driver/Src/stm32l4xx_hal_cortex.o
 .text.NVIC_EncodePriority
                0x0000000008002f68       0x66 ./Drivers/STM32L4xx_HAL_Driver/Src/stm32l4xx_hal_cortex.o
 *fill*         0x0000000008002fce        0x2 
 .text.SysTick_Config
                0x0000000008002fd0       0x44 ./Drivers/STM32L4xx_HAL_Driver/Src/stm32l4xx_hal_cortex.o
 .text.HAL_NVIC_SetPriorityGrouping
                0x0000000008003014       0x16 ./Drivers/STM32L4xx_HAL_Driver/Src/stm32l4xx_hal_cortex.o
                0x0000000008003014                HAL_NVIC_SetPriorityGrouping
 .text.HAL_NVIC_SetPriority
                0x000000000800302a       0x38 ./Drivers/STM32L4xx_HAL_Driver/Src/stm32l4xx_hal_cortex.o
                0x000000000800302a                HAL_NVIC_SetPriority
 .text.HAL_NVIC_EnableIRQ
                0x0000000008003062       0x1c ./Drivers/STM32L4xx_HAL_Driver/Src/stm32l4xx_hal_cortex.o
                0x0000000008003062                HAL_NVIC_EnableIRQ
 .text.HAL_SYSTICK_Config
                0x000000000800307e       0x18 ./Drivers/STM32L4xx_HAL_Driver/Src/stm32l4xx_hal_cortex.o
                0x000000000800307e                HAL_SYSTICK_Config
 *fill*         0x0000000008003096        0x2 
 .text.HAL_GPIO_Init
                0x0000000008003098      0x354 ./Drivers/STM32L4xx_HAL_Driver/Src/stm32l4xx_hal_gpio.o
                0x0000000008003098                HAL_GPIO_Init
 .text.HAL_GPIO_WritePin
                0x00000000080033ec       0x30 ./Drivers/STM32L4xx_HAL_Driver/Src/stm32l4xx_hal_gpio.o
                0x00000000080033ec                HAL_GPIO_WritePin
 .text.HAL_PWREx_GetVoltageRange
                0x000000000800341c       0x1c ./Drivers/STM32L4xx_HAL_Driver/Src/stm32l4xx_hal_pwr_ex.o
                0x000000000800341c                HAL_PWREx_GetVoltageRange
 .text.HAL_PWREx_ControlVoltageScaling
                0x0000000008003438       0xac ./Drivers/STM32L4xx_HAL_Driver/Src/stm32l4xx_hal_pwr_ex.o
                0x0000000008003438                HAL_PWREx_ControlVoltageScaling
 .text.HAL_RCC_OscConfig
                0x00000000080034e4      0x7b8 ./Drivers/STM32L4xx_HAL_Driver/Src/stm32l4xx_hal_rcc.o
                0x00000000080034e4                HAL_RCC_OscConfig
 .text.HAL_RCC_ClockConfig
                0x0000000008003c9c      0x200 ./Drivers/STM32L4xx_HAL_Driver/Src/stm32l4xx_hal_rcc.o
                0x0000000008003c9c                HAL_RCC_ClockConfig
 .text.HAL_RCC_GetSysClockFreq
                0x0000000008003e9c      0x118 ./Drivers/STM32L4xx_HAL_Driver/Src/stm32l4xx_hal_rcc.o
                0x0000000008003e9c                HAL_RCC_GetSysClockFreq
 .text.HAL_RCC_GetHCLKFreq
                0x0000000008003fb4       0x18 ./Drivers/STM32L4xx_HAL_Driver/Src/stm32l4xx_hal_rcc.o
                0x0000000008003fb4                HAL_RCC_GetHCLKFreq
 .text.HAL_RCC_GetPCLK1Freq
                0x0000000008003fcc       0x2c ./Drivers/STM32L4xx_HAL_Driver/Src/stm32l4xx_hal_rcc.o
                0x0000000008003fcc                HAL_RCC_GetPCLK1Freq
 .text.HAL_RCC_GetPCLK2Freq
                0x0000000008003ff8       0x2c ./Drivers/STM32L4xx_HAL_Driver/Src/stm32l4xx_hal_rcc.o
                0x0000000008003ff8                HAL_RCC_GetPCLK2Freq
 .text.RCC_SetFlashLatencyFromMSIRange
                0x0000000008004024       0xc0 ./Drivers/STM32L4xx_HAL_Driver/Src/stm32l4xx_hal_rcc.o
 .text.HAL_RCCEx_PeriphCLKConfig
                0x00000000080040e4      0x5d4 ./Drivers/STM32L4xx_HAL_Driver/Src/stm32l4xx_hal_rcc_ex.o
                0x00000000080040e4                HAL_RCCEx_PeriphCLKConfig
 .text.RCCEx_PLLSAI1_Config
                0x00000000080046b8      0x1e8 ./Drivers/STM32L4xx_HAL_Driver/Src/stm32l4xx_hal_rcc_ex.o
 .text.RCCEx_PLLSAI2_Config
                0x00000000080048a0      0x1bc ./Drivers/STM32L4xx_HAL_Driver/Src/stm32l4xx_hal_rcc_ex.o
 .text.HAL_UART_Init
                0x0000000008004a5c       0x9c ./Drivers/STM32L4xx_HAL_Driver/Src/stm32l4xx_hal_uart.o
                0x0000000008004a5c                HAL_UART_Init
 .text.HAL_UART_Transmit
                0x0000000008004af8      0x114 ./Drivers/STM32L4xx_HAL_Driver/Src/stm32l4xx_hal_uart.o
                0x0000000008004af8                HAL_UART_Transmit
 .text.UART_SetConfig
                0x0000000008004c0c      0x570 ./Drivers/STM32L4xx_HAL_Driver/Src/stm32l4xx_hal_uart.o
                0x0000000008004c0c                UART_SetConfig
 .text.UART_AdvFeatureConfig
                0x000000000800517c      0x144 ./Drivers/STM32L4xx_HAL_Driver/Src/stm32l4xx_hal_uart.o
                0x000000000800517c                UART_AdvFeatureConfig
 .text.UART_CheckIdleState
                0x00000000080052c0      0x150 ./Drivers/STM32L4xx_HAL_Driver/Src/stm32l4xx_hal_uart.o
                0x00000000080052c0                UART_CheckIdleState
 .text.UART_WaitOnFlagUntilTimeout
                0x0000000008005410       0xce ./Drivers/STM32L4xx_HAL_Driver/Src/stm32l4xx_hal_uart.o
                0x0000000008005410                UART_WaitOnFlagUntilTimeout
 .text.UART_EndRxTransfer
                0x00000000080054de       0xc8 ./Drivers/STM32L4xx_HAL_Driver/Src/stm32l4xx_hal_uart.o
 *fill*         0x00000000080055a6        0x2 
 .text.arm_rfft_32_fast_init_f32
                0x00000000080055a8       0x34 ../Middlewares/ST/ARM/DSP/Lib/libarm_cortexM4lf_math.a(arm_rfft_fast_init_f32.o)
                0x00000000080055a8                arm_rfft_32_fast_init_f32
 .text.arm_rfft_64_fast_init_f32
                0x00000000080055dc       0x34 ../Middlewares/ST/ARM/DSP/Lib/libarm_cortexM4lf_math.a(arm_rfft_fast_init_f32.o)
                0x00000000080055dc                arm_rfft_64_fast_init_f32
 .text.arm_rfft_256_fast_init_f32
                0x0000000008005610       0x38 ../Middlewares/ST/ARM/DSP/Lib/libarm_cortexM4lf_math.a(arm_rfft_fast_init_f32.o)
                0x0000000008005610                arm_rfft_256_fast_init_f32
 .text.arm_rfft_512_fast_init_f32
                0x0000000008005648       0x3c ../Middlewares/ST/ARM/DSP/Lib/libarm_cortexM4lf_math.a(arm_rfft_fast_init_f32.o)
                0x0000000008005648                arm_rfft_512_fast_init_f32
 .text.arm_rfft_1024_fast_init_f32
                0x0000000008005684       0x3c ../Middlewares/ST/ARM/DSP/Lib/libarm_cortexM4lf_math.a(arm_rfft_fast_init_f32.o)
                0x0000000008005684                arm_rfft_1024_fast_init_f32
 .text.arm_rfft_2048_fast_init_f32
                0x00000000080056c0       0x3c ../Middlewares/ST/ARM/DSP/Lib/libarm_cortexM4lf_math.a(arm_rfft_fast_init_f32.o)
                0x00000000080056c0                arm_rfft_2048_fast_init_f32
 .text.arm_rfft_4096_fast_init_f32
                0x00000000080056fc       0x3c ../Middlewares/ST/ARM/DSP/Lib/libarm_cortexM4lf_math.a(arm_rfft_fast_init_f32.o)
                0x00000000080056fc                arm_rfft_4096_fast_init_f32
 .text.arm_rfft_fast_init_f32
                0x0000000008005738       0x68 ../Middlewares/ST/ARM/DSP/Lib/libarm_cortexM4lf_math.a(arm_rfft_fast_init_f32.o)
                0x0000000008005738                arm_rfft_fast_init_f32
 .text.stage_rfft_f32
                0x00000000080057a0       0xb4 ../Middlewares/ST/ARM/DSP/Lib/libarm_cortexM4lf_math.a(arm_rfft_fast_f32.o)
                0x00000000080057a0                stage_rfft_f32
 .text.merge_rfft_f32
                0x0000000008005854       0xac ../Middlewares/ST/ARM/DSP/Lib/libarm_cortexM4lf_math.a(arm_rfft_fast_f32.o)
                0x0000000008005854                merge_rfft_f32
 .text.arm_rfft_fast_f32
                0x0000000008005900       0x40 ../Middlewares/ST/ARM/DSP/Lib/libarm_cortexM4lf_math.a(arm_rfft_fast_f32.o)
                0x0000000008005900                arm_rfft_fast_f32
 .text.arm_cfft_radix8by2_f32
                0x0000000008005940      0x1a0 ../Middlewares/ST/ARM/DSP/Lib/libarm_cortexM4lf_math.a(arm_cfft_f32.o)
                0x0000000008005940                arm_cfft_radix8by2_f32
 .text.arm_cfft_radix8by4_f32
                0x0000000008005ae0      0x4ac ../Middlewares/ST/ARM/DSP/Lib/libarm_cortexM4lf_math.a(arm_cfft_f32.o)
                0x0000000008005ae0                arm_cfft_radix8by4_f32
 .text.arm_cfft_f32
                0x0000000008005f8c       0xf0 ../Middlewares/ST/ARM/DSP/Lib/libarm_cortexM4lf_math.a(arm_cfft_f32.o)
                0x0000000008005f8c                arm_cfft_f32
 .text.arm_bitreversal_32
                0x000000000800607c       0x40 ../Middlewares/ST/ARM/DSP/Lib/libarm_cortexM4lf_math.a(arm_bitreversal2.o)
                0x000000000800607c                arm_bitreversal_32
 .text.arm_cmplx_mag_f32
                0x00000000080060bc      0x248 ../Middlewares/ST/ARM/DSP/Lib/libarm_cortexM4lf_math.a(arm_cmplx_mag_f32.o)
                0x00000000080060bc                arm_cmplx_mag_f32
 .text.arm_radix8_butterfly_f32
                0x0000000008006304      0x580 ../Middlewares/ST/ARM/DSP/Lib/libarm_cortexM4lf_math.a(arm_cfft_radix8_f32.o)
                0x0000000008006304                arm_radix8_butterfly_f32
 .text.sqrtf    0x0000000008006884       0x3c /opt/st/stm32cubeide_1.13.2/plugins/com.st.stm32cube.ide.mcu.externaltools.gnu-tools-for-stm32.11.3.rel1.linux64_1.1.1.202309131626/tools/bin/../lib/gcc/arm-none-eabi/11.3.1/../../../../arm-none-eabi/lib/thumb/v7e-m+fp/hard/libm.a(libm_a-wf_sqrt.o)
                0x0000000008006884                sqrtf
 .text.__ieee754_sqrtf
                0x00000000080068c0        0x6 /opt/st/stm32cubeide_1.13.2/plugins/com.st.stm32cube.ide.mcu.externaltools.gnu-tools-for-stm32.11.3.rel1.linux64_1.1.1.202309131626/tools/bin/../lib/gcc/arm-none-eabi/11.3.1/../../../../arm-none-eabi/lib/thumb/v7e-m+fp/hard/libm.a(libm_a-ef_sqrt.o)
                0x00000000080068c0                __ieee754_sqrtf
 *fill*         0x00000000080068c6        0x2 
 .text.sprintf  0x00000000080068c8       0x40 /opt/st/stm32cubeide_1.13.2/plugins/com.st.stm32cube.ide.mcu.externaltools.gnu-tools-for-stm32.11.3.rel1.linux64_1.1.1.202309131626/tools/bin/../lib/gcc/arm-none-eabi/11.3.1/../../../../arm-none-eabi/lib/thumb/v7e-m+fp/hard/libc_nano.a(libc_a-sprintf.o)
                0x00000000080068c8                sprintf
                0x00000000080068c8                siprintf
 .text.memset   0x0000000008006908       0x10 /opt/st/stm32cubeide_1.13.2/plugins/com.st.stm32cube.ide.mcu.externaltools.gnu-tools-for-stm32.11.3.rel1.linux64_1.1.1.202309131626/tools/bin/../lib/gcc/arm-none-eabi/11.3.1/../../../../arm-none-eabi/lib/thumb/v7e-m+fp/hard/libc_nano.a(libc_a-memset.o)
                0x0000000008006908                memset
 .text.__errno  0x0000000008006918        0xc /opt/st/stm32cubeide_1.13.2/plugins/com.st.stm32cube.ide.mcu.externaltools.gnu-tools-for-stm32.11.3.rel1.linux64_1.1.1.202309131626/tools/bin/../lib/gcc/arm-none-eabi/11.3.1/../../../../arm-none-eabi/lib/thumb/v7e-m+fp/hard/libc_nano.a(libc_a-errno.o)
                0x0000000008006918                __errno
 .text.__libc_init_array
                0x0000000008006924       0x48 /opt/st/stm32cubeide_1.13.2/plugins/com.st.stm32cube.ide.mcu.externaltools.gnu-tools-for-stm32.11.3.rel1.linux64_1.1.1.202309131626/tools/bin/../lib/gcc/arm-none-eabi/11.3.1/../../../../arm-none-eabi/lib/thumb/v7e-m+fp/hard/libc_nano.a(libc_a-init.o)
                0x0000000008006924                __libc_init_array
 .text.__retarget_lock_acquire_recursive
                0x000000000800696c        0x2 /opt/st/stm32cubeide_1.13.2/plugins/com.st.stm32cube.ide.mcu.externaltools.gnu-tools-for-stm32.11.3.rel1.linux64_1.1.1.202309131626/tools/bin/../lib/gcc/arm-none-eabi/11.3.1/../../../../arm-none-eabi/lib/thumb/v7e-m+fp/hard/libc_nano.a(libc_a-lock.o)
                0x000000000800696c                __retarget_lock_acquire_recursive
 .text.__retarget_lock_release_recursive
                0x000000000800696e        0x2 /opt/st/stm32cubeide_1.13.2/plugins/com.st.stm32cube.ide.mcu.externaltools.gnu-tools-for-stm32.11.3.rel1.linux64_1.1.1.202309131626/tools/bin/../lib/gcc/arm-none-eabi/11.3.1/../../../../arm-none-eabi/lib/thumb/v7e-m+fp/hard/libc_nano.a(libc_a-lock.o)
                0x000000000800696e                __retarget_lock_release_recursive
 .text._free_r  0x0000000008006970       0x98 /opt/st/stm32cubeide_1.13.2/plugins/com.st.stm32cube.ide.mcu.externaltools.gnu-tools-for-stm32.11.3.rel1.linux64_1.1.1.202309131626/tools/bin/../lib/gcc/arm-none-eabi/11.3.1/../../../../arm-none-eabi/lib/thumb/v7e-m+fp/hard/libc_nano.a(libc_a-freer.o)
                0x0000000008006970                _free_r
 .text.sbrk_aligned
                0x0000000008006a08       0x40 /opt/st/stm32cubeide_1.13.2/plugins/com.st.stm32cube.ide.mcu.externaltools.gnu-tools-for-stm32.11.3.rel1.linux64_1.1.1.202309131626/tools/bin/../lib/gcc/arm-none-eabi/11.3.1/../../../../arm-none-eabi/lib/thumb/v7e-m+fp/hard/libc_nano.a(libc_a-mallocr.o)
 .text._malloc_r
                0x0000000008006a48      0x100 /opt/st/stm32cubeide_1.13.2/plugins/com.st.stm32cube.ide.mcu.externaltools.gnu-tools-for-stm32.11.3.rel1.linux64_1.1.1.202309131626/tools/bin/../lib/gcc/arm-none-eabi/11.3.1/../../../../arm-none-eabi/lib/thumb/v7e-m+fp/hard/libc_nano.a(libc_a-mallocr.o)
                0x0000000008006a48                _malloc_r
 .text.__malloc_lock
                0x0000000008006b48        0xc /opt/st/stm32cubeide_1.13.2/plugins/com.st.stm32cube.ide.mcu.externaltools.gnu-tools-for-stm32.11.3.rel1.linux64_1.1.1.202309131626/tools/bin/../lib/gcc/arm-none-eabi/11.3.1/../../../../arm-none-eabi/lib/thumb/v7e-m+fp/hard/libc_nano.a(libc_a-mlock.o)
                0x0000000008006b48                __malloc_lock
 .text.__malloc_unlock
                0x0000000008006b54        0xc /opt/st/stm32cubeide_1.13.2/plugins/com.st.stm32cube.ide.mcu.externaltools.gnu-tools-for-stm32.11.3.rel1.linux64_1.1.1.202309131626/tools/bin/../lib/gcc/arm-none-eabi/11.3.1/../../../../arm-none-eabi/lib/thumb/v7e-m+fp/hard/libc_nano.a(libc_a-mlock.o)
                0x0000000008006b54                __malloc_unlock
 .text.__ssputs_r
                0x0000000008006b60       0xb4 /opt/st/stm32cubeide_1.13.2/plugins/com.st.stm32cube.ide.mcu.externaltools.gnu-tools-for-stm32.11.3.rel1.linux64_1.1.1.202309131626/tools/bin/../lib/gcc/arm-none-eabi/11.3.1/../../../../arm-none-eabi/lib/thumb/v7e-m+fp/hard/libc_nano.a(libc_a-nano-svfprintf.o)
                0x0000000008006b60                __ssputs_r
 .text._svfprintf_r
                0x0000000008006c14      0x1fc /opt/st/stm32cubeide_1.13.2/plugins/com.st.stm32cube.ide.mcu.externaltools.gnu-tools-for-stm32.11.3.rel1.linux64_1.1.1.202309131626/tools/bin/../lib/gcc/arm-none-eabi/11.3.1/../../../../arm-none-eabi/lib/thumb/v7e-m+fp/hard/libc_nano.a(libc_a-nano-svfprintf.o)
                0x0000000008006c14                _svfprintf_r
                0x0000000008006c14                _svfiprintf_r
 .text._printf_common
                0x0000000008006e10       0xda /opt/st/stm32cubeide_1.13.2/plugins/com.st.stm32cube.ide.mcu.externaltools.gnu-tools-for-stm32.11.3.rel1.linux64_1.1.1.202309131626/tools/bin/../lib/gcc/arm-none-eabi/11.3.1/../../../../arm-none-eabi/lib/thumb/v7e-m+fp/hard/libc_nano.a(libc_a-nano-vfprintf_i.o)
                0x0000000008006e10                _printf_common
 *fill*         0x0000000008006eea        0x2 
 .text._printf_i
                0x0000000008006eec      0x244 /opt/st/stm32cubeide_1.13.2/plugins/com.st.stm32cube.ide.mcu.externaltools.gnu-tools-for-stm32.11.3.rel1.linux64_1.1.1.202309131626/tools/bin/../lib/gcc/arm-none-eabi/11.3.1/../../../../arm-none-eabi/lib/thumb/v7e-m+fp/hard/libc_nano.a(libc_a-nano-vfprintf_i.o)
                0x0000000008006eec                _printf_i
 .text.memmove  0x0000000008007130       0x34 /opt/st/stm32cubeide_1.13.2/plugins/com.st.stm32cube.ide.mcu.externaltools.gnu-tools-for-stm32.11.3.rel1.linux64_1.1.1.202309131626/tools/bin/../lib/gcc/arm-none-eabi/11.3.1/../../../../arm-none-eabi/lib/thumb/v7e-m+fp/hard/libc_nano.a(libc_a-memmove.o)
                0x0000000008007130                memmove
 .text._sbrk_r  0x0000000008007164       0x20 /opt/st/stm32cubeide_1.13.2/plugins/com.st.stm32cube.ide.mcu.externaltools.gnu-tools-for-stm32.11.3.rel1.linux64_1.1.1.202309131626/tools/bin/../lib/gcc/arm-none-eabi/11.3.1/../../../../arm-none-eabi/lib/thumb/v7e-m+fp/hard/libc_nano.a(libc_a-sbrkr.o)
                0x0000000008007164                _sbrk_r
 .text.memcpy   0x0000000008007184       0x1c /opt/st/stm32cubeide_1.13.2/plugins/com.st.stm32cube.ide.mcu.externaltools.gnu-tools-for-stm32.11.3.rel1.linux64_1.1.1.202309131626/tools/bin/../lib/gcc/arm-none-eabi/11.3.1/../../../../arm-none-eabi/lib/thumb/v7e-m+fp/hard/libc_nano.a(libc_a-memcpy-stub.o)
                0x0000000008007184                memcpy
 .text._realloc_r
                0x00000000080071a0       0x5e /opt/st/stm32cubeide_1.13.2/plugins/com.st.stm32cube.ide.mcu.externaltools.gnu-tools-for-stm32.11.3.rel1.linux64_1.1.1.202309131626/tools/bin/../lib/gcc/arm-none-eabi/11.3.1/../../../../arm-none-eabi/lib/thumb/v7e-m+fp/hard/libc_nano.a(libc_a-reallocr.o)
                0x00000000080071a0                _realloc_r
 .text._malloc_usable_size_r
                0x00000000080071fe       0x10 /opt/st/stm32cubeide_1.13.2/plugins/com.st.stm32cube.ide.mcu.externaltools.gnu-tools-for-stm32.11.3.rel1.linux64_1.1.1.202309131626/tools/bin/../lib/gcc/arm-none-eabi/11.3.1/../../../../arm-none-eabi/lib/thumb/v7e-m+fp/hard/libc_nano.a(libc_a-msizer.o)
                0x00000000080071fe                _malloc_usable_size_r
 *(.glue_7)
 .glue_7        0x000000000800720e        0x0 linker stubs
 *(.glue_7t)
 .glue_7t       0x000000000800720e        0x0 linker stubs
 *(.eh_frame)
 *fill*         0x000000000800720e        0x2 
 .eh_frame      0x0000000008007210        0x0 /opt/st/stm32cubeide_1.13.2/plugins/com.st.stm32cube.ide.mcu.externaltools.gnu-tools-for-stm32.11.3.rel1.linux64_1.1.1.202309131626/tools/bin/../lib/gcc/arm-none-eabi/11.3.1/thumb/v7e-m+fp/hard/crtbegin.o
 *(.init)
 .init          0x0000000008007210        0x4 /opt/st/stm32cubeide_1.13.2/plugins/com.st.stm32cube.ide.mcu.externaltools.gnu-tools-for-stm32.11.3.rel1.linux64_1.1.1.202309131626/tools/bin/../lib/gcc/arm-none-eabi/11.3.1/thumb/v7e-m+fp/hard/crti.o
                0x0000000008007210                _init
 .init          0x0000000008007214        0x8 /opt/st/stm32cubeide_1.13.2/plugins/com.st.stm32cube.ide.mcu.externaltools.gnu-tools-for-stm32.11.3.rel1.linux64_1.1.1.202309131626/tools/bin/../lib/gcc/arm-none-eabi/11.3.1/thumb/v7e-m+fp/hard/crtn.o
 *(.fini)
 .fini          0x000000000800721c        0x4 /opt/st/stm32cubeide_1.13.2/plugins/com.st.stm32cube.ide.mcu.externaltools.gnu-tools-for-stm32.11.3.rel1.linux64_1.1.1.202309131626/tools/bin/../lib/gcc/arm-none-eabi/11.3.1/thumb/v7e-m+fp/hard/crti.o
                0x000000000800721c                _fini
 .fini          0x0000000008007220        0x8 /opt/st/stm32cubeide_1.13.2/plugins/com.st.stm32cube.ide.mcu.externaltools.gnu-tools-for-stm32.11.3.rel1.linux64_1.1.1.202309131626/tools/bin/../lib/gcc/arm-none-eabi/11.3.1/thumb/v7e-m+fp/hard/crtn.o
                0x0000000008007228                . = ALIGN (0x4)
                0x0000000008007228                _etext = .

.vfp11_veneer   0x0000000008007228        0x0
 .vfp11_veneer  0x0000000008007228        0x0 linker stubs

.v4_bx          0x0000000008007228        0x0
 .v4_bx         0x0000000008007228        0x0 linker stubs

.iplt           0x0000000008007228        0x0
 .iplt          0x0000000008007228        0x0 /opt/st/stm32cubeide_1.13.2/plugins/com.st.stm32cube.ide.mcu.externaltools.gnu-tools-for-stm32.11.3.rel1.linux64_1.1.1.202309131626/tools/bin/../lib/gcc/arm-none-eabi/11.3.1/thumb/v7e-m+fp/hard/crtbegin.o

.rodata         0x0000000008007228    0x13080
                0x0000000008007228                . = ALIGN (0x4)
 *(.rodata)
 .rodata        0x0000000008007228       0x1c ./Core/Src/main.o
 *(.rodata*)
 .rodata.AHBPrescTable
                0x0000000008007244       0x10 ./Core/Src/system_stm32l4xx.o
                0x0000000008007244                AHBPrescTable
 .rodata.APBPrescTable
                0x0000000008007254        0x8 ./Core/Src/system_stm32l4xx.o
                0x0000000008007254                APBPrescTable
 .rodata.MSIRangeTable
                0x000000000800725c       0x30 ./Core/Src/system_stm32l4xx.o
                0x000000000800725c                MSIRangeTable
 .rodata.armBitRevIndexTable1024
                0x000000000800728c      0xe10 ../Middlewares/ST/ARM/DSP/Lib/libarm_cortexM4lf_math.a(arm_common_tables.o)
                0x000000000800728c                armBitRevIndexTable1024
 .rodata.armBitRevIndexTable128
                0x000000000800809c      0x1a0 ../Middlewares/ST/ARM/DSP/Lib/libarm_cortexM4lf_math.a(arm_common_tables.o)
                0x000000000800809c                armBitRevIndexTable128
 .rodata.armBitRevIndexTable16
                0x000000000800823c       0x28 ../Middlewares/ST/ARM/DSP/Lib/libarm_cortexM4lf_math.a(arm_common_tables.o)
                0x000000000800823c                armBitRevIndexTable16
 .rodata.armBitRevIndexTable2048
                0x0000000008008264     0x1dc0 ../Middlewares/ST/ARM/DSP/Lib/libarm_cortexM4lf_math.a(arm_common_tables.o)
                0x0000000008008264                armBitRevIndexTable2048
 .rodata.armBitRevIndexTable256
                0x000000000800a024      0x370 ../Middlewares/ST/ARM/DSP/Lib/libarm_cortexM4lf_math.a(arm_common_tables.o)
                0x000000000800a024                armBitRevIndexTable256
 .rodata.armBitRevIndexTable32
                0x000000000800a394       0x60 ../Middlewares/ST/ARM/DSP/Lib/libarm_cortexM4lf_math.a(arm_common_tables.o)
                0x000000000800a394                armBitRevIndexTable32
 .rodata.armBitRevIndexTable512
                0x000000000800a3f4      0x380 ../Middlewares/ST/ARM/DSP/Lib/libarm_cortexM4lf_math.a(arm_common_tables.o)
                0x000000000800a3f4                armBitRevIndexTable512
 .rodata.twiddleCoef_1024
                0x000000000800a774     0x2000 ../Middlewares/ST/ARM/DSP/Lib/libarm_cortexM4lf_math.a(arm_common_tables.o)
                0x000000000800a774                twiddleCoef_1024
 .rodata.twiddleCoef_128
                0x000000000800c774      0x400 ../Middlewares/ST/ARM/DSP/Lib/libarm_cortexM4lf_math.a(arm_common_tables.o)
                0x000000000800c774                twiddleCoef_128
 .rodata.twiddleCoef_16
                0x000000000800cb74       0x80 ../Middlewares/ST/ARM/DSP/Lib/libarm_cortexM4lf_math.a(arm_common_tables.o)
                0x000000000800cb74                twiddleCoef_16
 .rodata.twiddleCoef_2048
                0x000000000800cbf4     0x4000 ../Middlewares/ST/ARM/DSP/Lib/libarm_cortexM4lf_math.a(arm_common_tables.o)
                0x000000000800cbf4                twiddleCoef_2048
 .rodata.twiddleCoef_256
                0x0000000008010bf4      0x800 ../Middlewares/ST/ARM/DSP/Lib/libarm_cortexM4lf_math.a(arm_common_tables.o)
                0x0000000008010bf4                twiddleCoef_256
 .rodata.twiddleCoef_32
                0x00000000080113f4      0x100 ../Middlewares/ST/ARM/DSP/Lib/libarm_cortexM4lf_math.a(arm_common_tables.o)
                0x00000000080113f4                twiddleCoef_32
 .rodata.twiddleCoef_512
                0x00000000080114f4     0x1000 ../Middlewares/ST/ARM/DSP/Lib/libarm_cortexM4lf_math.a(arm_common_tables.o)
                0x00000000080114f4                twiddleCoef_512
 .rodata.twiddleCoef_rfft_1024
                0x00000000080124f4     0x1000 ../Middlewares/ST/ARM/DSP/Lib/libarm_cortexM4lf_math.a(arm_common_tables.o)
                0x00000000080124f4                twiddleCoef_rfft_1024
 .rodata.twiddleCoef_rfft_2048
                0x00000000080134f4     0x2000 ../Middlewares/ST/ARM/DSP/Lib/libarm_cortexM4lf_math.a(arm_common_tables.o)
                0x00000000080134f4                twiddleCoef_rfft_2048
 .rodata.twiddleCoef_rfft_256
                0x00000000080154f4      0x400 ../Middlewares/ST/ARM/DSP/Lib/libarm_cortexM4lf_math.a(arm_common_tables.o)
                0x00000000080154f4                twiddleCoef_rfft_256
 .rodata.twiddleCoef_rfft_32
                0x00000000080158f4       0x80 ../Middlewares/ST/ARM/DSP/Lib/libarm_cortexM4lf_math.a(arm_common_tables.o)
                0x00000000080158f4                twiddleCoef_rfft_32
 .rodata.twiddleCoef_rfft_4096
                0x0000000008015974     0x4000 ../Middlewares/ST/ARM/DSP/Lib/libarm_cortexM4lf_math.a(arm_common_tables.o)
                0x0000000008015974                twiddleCoef_rfft_4096
 .rodata.twiddleCoef_rfft_512
                0x0000000008019974      0x800 ../Middlewares/ST/ARM/DSP/Lib/libarm_cortexM4lf_math.a(arm_common_tables.o)
                0x0000000008019974                twiddleCoef_rfft_512
 .rodata.twiddleCoef_rfft_64
                0x000000000801a174      0x100 ../Middlewares/ST/ARM/DSP/Lib/libarm_cortexM4lf_math.a(arm_common_tables.o)
                0x000000000801a174                twiddleCoef_rfft_64
 .rodata._svfprintf_r.str1.1
                0x000000000801a274       0x11 /opt/st/stm32cubeide_1.13.2/plugins/com.st.stm32cube.ide.mcu.externaltools.gnu-tools-for-stm32.11.3.rel1.linux64_1.1.1.202309131626/tools/bin/../lib/gcc/arm-none-eabi/11.3.1/../../../../arm-none-eabi/lib/thumb/v7e-m+fp/hard/libc_nano.a(libc_a-nano-svfprintf.o)
 .rodata._printf_i.str1.1
                0x000000000801a285       0x22 /opt/st/stm32cubeide_1.13.2/plugins/com.st.stm32cube.ide.mcu.externaltools.gnu-tools-for-stm32.11.3.rel1.linux64_1.1.1.202309131626/tools/bin/../lib/gcc/arm-none-eabi/11.3.1/../../../../arm-none-eabi/lib/thumb/v7e-m+fp/hard/libc_nano.a(libc_a-nano-vfprintf_i.o)
                0x000000000801a2a8                . = ALIGN (0x4)
 *fill*         0x000000000801a2a7        0x1 

.ARM.extab      0x000000000801a2a8        0x0
                0x000000000801a2a8                . = ALIGN (0x4)
 *(.ARM.extab* .gnu.linkonce.armextab.*)
                0x000000000801a2a8                . = ALIGN (0x4)

.ARM            0x000000000801a2a8        0x8
                0x000000000801a2a8                . = ALIGN (0x4)
                0x000000000801a2a8                __exidx_start = .
 *(.ARM.exidx*)
 .ARM.exidx     0x000000000801a2a8        0x8 /opt/st/stm32cubeide_1.13.2/plugins/com.st.stm32cube.ide.mcu.externaltools.gnu-tools-for-stm32.11.3.rel1.linux64_1.1.1.202309131626/tools/bin/../lib/gcc/arm-none-eabi/11.3.1/thumb/v7e-m+fp/hard/libgcc.a(_udivmoddi4.o)
                0x000000000801a2b0                __exidx_end = .
                0x000000000801a2b0                . = ALIGN (0x4)

.rel.dyn        0x000000000801a2b0        0x0
 .rel.iplt      0x000000000801a2b0        0x0 /opt/st/stm32cubeide_1.13.2/plugins/com.st.stm32cube.ide.mcu.externaltools.gnu-tools-for-stm32.11.3.rel1.linux64_1.1.1.202309131626/tools/bin/../lib/gcc/arm-none-eabi/11.3.1/thumb/v7e-m+fp/hard/crtbegin.o

.preinit_array  0x000000000801a2b0        0x0
                0x000000000801a2b0                . = ALIGN (0x4)
                0x000000000801a2b0                PROVIDE (__preinit_array_start = .)
 *(.preinit_array*)
                0x000000000801a2b0                PROVIDE (__preinit_array_end = .)
                0x000000000801a2b0                . = ALIGN (0x4)

.init_array     0x000000000801a2b0        0x4
                0x000000000801a2b0                . = ALIGN (0x4)
                0x000000000801a2b0                PROVIDE (__init_array_start = .)
 *(SORT_BY_NAME(.init_array.*))
 *(.init_array*)
 .init_array    0x000000000801a2b0        0x4 /opt/st/stm32cubeide_1.13.2/plugins/com.st.stm32cube.ide.mcu.externaltools.gnu-tools-for-stm32.11.3.rel1.linux64_1.1.1.202309131626/tools/bin/../lib/gcc/arm-none-eabi/11.3.1/thumb/v7e-m+fp/hard/crtbegin.o
                0x000000000801a2b4                PROVIDE (__init_array_end = .)
                0x000000000801a2b4                . = ALIGN (0x4)

.fini_array     0x000000000801a2b4        0x4
                0x000000000801a2b4                . = ALIGN (0x4)
                [!provide]                        PROVIDE (__fini_array_start = .)
 *(SORT_BY_NAME(.fini_array.*))
 *(.fini_array*)
 .fini_array    0x000000000801a2b4        0x4 /opt/st/stm32cubeide_1.13.2/plugins/com.st.stm32cube.ide.mcu.externaltools.gnu-tools-for-stm32.11.3.rel1.linux64_1.1.1.202309131626/tools/bin/../lib/gcc/arm-none-eabi/11.3.1/thumb/v7e-m+fp/hard/crtbegin.o
                [!provide]                        PROVIDE (__fini_array_end = .)
                0x000000000801a2b8                . = ALIGN (0x4)
                0x000000000801a2b8                _sidata = LOADADDR (.data)

.data           0x0000000020000000       0x5c load address 0x000000000801a2b8
                0x0000000020000000                . = ALIGN (0x4)
                0x0000000020000000                _sdata = .
 *(.data)
 *(.data*)
 .data.SystemCoreClock
                0x0000000020000000        0x4 ./Core/Src/system_stm32l4xx.o
                0x0000000020000000                SystemCoreClock
 .data.uwTickPrio
                0x0000000020000004        0x4 ./Drivers/STM32L4xx_HAL_Driver/Src/stm32l4xx_hal.o
                0x0000000020000004                uwTickPrio
 .data.uwTickFreq
                0x0000000020000008        0x1 ./Drivers/STM32L4xx_HAL_Driver/Src/stm32l4xx_hal.o
                0x0000000020000008                uwTickFreq
 *fill*         0x0000000020000009        0x3 
 .data._impure_data
                0x000000002000000c       0x4c /opt/st/stm32cubeide_1.13.2/plugins/com.st.stm32cube.ide.mcu.externaltools.gnu-tools-for-stm32.11.3.rel1.linux64_1.1.1.202309131626/tools/bin/../lib/gcc/arm-none-eabi/11.3.1/../../../../arm-none-eabi/lib/thumb/v7e-m+fp/hard/libc_nano.a(libc_a-impure.o)
                0x000000002000000c                _impure_data
 .data._impure_ptr
                0x0000000020000058        0x4 /opt/st/stm32cubeide_1.13.2/plugins/com.st.stm32cube.ide.mcu.externaltools.gnu-tools-for-stm32.11.3.rel1.linux64_1.1.1.202309131626/tools/bin/../lib/gcc/arm-none-eabi/11.3.1/../../../../arm-none-eabi/lib/thumb/v7e-m+fp/hard/libc_nano.a(libc_a-impure.o)
                0x0000000020000058                _impure_ptr
 *(.RamFunc)
 *(.RamFunc*)
                0x000000002000005c                . = ALIGN (0x4)
                0x000000002000005c                _edata = .

.igot.plt       0x000000002000005c        0x0 load address 0x000000000801a314
 .igot.plt      0x000000002000005c        0x0 /opt/st/stm32cubeide_1.13.2/plugins/com.st.stm32cube.ide.mcu.externaltools.gnu-tools-for-stm32.11.3.rel1.linux64_1.1.1.202309131626/tools/bin/../lib/gcc/arm-none-eabi/11.3.1/thumb/v7e-m+fp/hard/crtbegin.o
                0x000000002000005c                . = ALIGN (0x4)

.bss            0x000000002000005c     0xc288 load address 0x000000000801a314
                0x000000002000005c                _sbss = .
                0x000000002000005c                __bss_start__ = _sbss
 *(.bss)
 .bss           0x000000002000005c       0x1c /opt/st/stm32cubeide_1.13.2/plugins/com.st.stm32cube.ide.mcu.externaltools.gnu-tools-for-stm32.11.3.rel1.linux64_1.1.1.202309131626/tools/bin/../lib/gcc/arm-none-eabi/11.3.1/thumb/v7e-m+fp/hard/crtbegin.o
 *(.bss*)
 .bss.hadc1     0x0000000020000078       0x64 ./Core/Src/main.o
                0x0000000020000078                hadc1
 .bss.huart2    0x00000000200000dc       0x88 ./Core/Src/main.o
                0x00000000200000dc                huart2
 .bss.value_adc1
                0x0000000020000164        0x4 ./Core/Src/main.o
                0x0000000020000164                value_adc1
 .bss.adcData   0x0000000020000168     0x4000 ./Core/Src/main.o
                0x0000000020000168                adcData
 .bss.Voltage   0x0000000020004168        0x4 ./Core/Src/main.o
                0x0000000020004168                Voltage
 .bss.kai       0x000000002000416c       0x14 ./Core/Src/main.o
                0x000000002000416c                kai
 .bss.FFTResultsMAX
                0x0000000020004180        0x4 ./Core/Src/main.o
                0x0000000020004180                FFTResultsMAX
 .bss.samplingfrequency
                0x0000000020004184        0x4 ./Core/Src/main.o
                0x0000000020004184                samplingfrequency
 .bss.signalfrequency
                0x0000000020004188        0x4 ./Core/Src/main.o
                0x0000000020004188                signalfrequency
 .bss.FFTResults
                0x000000002000418c     0x4000 ./Core/Src/main.o
                0x000000002000418c                FFTResults
 .bss.FFTResultsR
                0x000000002000818c     0x4000 ./Core/Src/main.o
                0x000000002000818c                FFTResultsR
 .bss.dominantfrequency
                0x000000002000c18c        0x4 ./Core/Src/main.o
                0x000000002000c18c                dominantfrequency
 .bss.HAL_RCC_ADC_CLK_ENABLED
                0x000000002000c190        0x4 ./Core/Src/stm32l4xx_hal_msp.o
 .bss.__sbrk_heap_end
                0x000000002000c194        0x4 ./Core/Src/sysmem.o
 .bss.uwTick    0x000000002000c198        0x4 ./Drivers/STM32L4xx_HAL_Driver/Src/stm32l4xx_hal.o
                0x000000002000c198                uwTick
 .bss.__sf      0x000000002000c19c      0x138 /opt/st/stm32cubeide_1.13.2/plugins/com.st.stm32cube.ide.mcu.externaltools.gnu-tools-for-stm32.11.3.rel1.linux64_1.1.1.202309131626/tools/bin/../lib/gcc/arm-none-eabi/11.3.1/../../../../arm-none-eabi/lib/thumb/v7e-m+fp/hard/libc_nano.a(libc_a-findfp.o)
                0x000000002000c19c                __sf
 .bss.errno     0x000000002000c2d4        0x4 /opt/st/stm32cubeide_1.13.2/plugins/com.st.stm32cube.ide.mcu.externaltools.gnu-tools-for-stm32.11.3.rel1.linux64_1.1.1.202309131626/tools/bin/../lib/gcc/arm-none-eabi/11.3.1/../../../../arm-none-eabi/lib/thumb/v7e-m+fp/hard/libc_nano.a(libc_a-reent.o)
                0x000000002000c2d4                errno
 .bss.__lock___malloc_recursive_mutex
                0x000000002000c2d8        0x1 /opt/st/stm32cubeide_1.13.2/plugins/com.st.stm32cube.ide.mcu.externaltools.gnu-tools-for-stm32.11.3.rel1.linux64_1.1.1.202309131626/tools/bin/../lib/gcc/arm-none-eabi/11.3.1/../../../../arm-none-eabi/lib/thumb/v7e-m+fp/hard/libc_nano.a(libc_a-lock.o)
                0x000000002000c2d8                __lock___malloc_recursive_mutex
 *fill*         0x000000002000c2d9        0x3 
 .bss.__malloc_free_list
                0x000000002000c2dc        0x4 /opt/st/stm32cubeide_1.13.2/plugins/com.st.stm32cube.ide.mcu.externaltools.gnu-tools-for-stm32.11.3.rel1.linux64_1.1.1.202309131626/tools/bin/../lib/gcc/arm-none-eabi/11.3.1/../../../../arm-none-eabi/lib/thumb/v7e-m+fp/hard/libc_nano.a(libc_a-mallocr.o)
                0x000000002000c2dc                __malloc_free_list
 .bss.__malloc_sbrk_start
                0x000000002000c2e0        0x4 /opt/st/stm32cubeide_1.13.2/plugins/com.st.stm32cube.ide.mcu.externaltools.gnu-tools-for-stm32.11.3.rel1.linux64_1.1.1.202309131626/tools/bin/../lib/gcc/arm-none-eabi/11.3.1/../../../../arm-none-eabi/lib/thumb/v7e-m+fp/hard/libc_nano.a(libc_a-mallocr.o)
                0x000000002000c2e0                __malloc_sbrk_start
 *(COMMON)
                0x000000002000c2e4                . = ALIGN (0x4)
                0x000000002000c2e4                _ebss = .
                0x000000002000c2e4                __bss_end__ = _ebss

._user_heap_stack
                0x000000002000c2e4      0x604 load address 0x000000000801a314
                0x000000002000c2e8                . = ALIGN (0x8)
 *fill*         0x000000002000c2e4        0x4 
                [!provide]                        PROVIDE (end = .)
                0x000000002000c2e8                PROVIDE (_end = .)
                0x000000002000c4e8                . = (. + _Min_Heap_Size)
 *fill*         0x000000002000c2e8      0x200 
                0x000000002000c8e8                . = (. + _Min_Stack_Size)
 *fill*         0x000000002000c4e8      0x400 
                0x000000002000c8e8                . = ALIGN (0x8)

/DISCARD/
 libc.a(*)
 libm.a(*)
 libgcc.a(*)

.ARM.attributes
                0x0000000000000000       0x30
 *(.ARM.attributes)
 .ARM.attributes
                0x0000000000000000       0x1e /opt/st/stm32cubeide_1.13.2/plugins/com.st.stm32cube.ide.mcu.externaltools.gnu-tools-for-stm32.11.3.rel1.linux64_1.1.1.202309131626/tools/bin/../lib/gcc/arm-none-eabi/11.3.1/thumb/v7e-m+fp/hard/crti.o
 .ARM.attributes
                0x000000000000001e       0x34 /opt/st/stm32cubeide_1.13.2/plugins/com.st.stm32cube.ide.mcu.externaltools.gnu-tools-for-stm32.11.3.rel1.linux64_1.1.1.202309131626/tools/bin/../lib/gcc/arm-none-eabi/11.3.1/thumb/v7e-m+fp/hard/crtbegin.o
 .ARM.attributes
                0x0000000000000052       0x34 ./Core/Src/main.o
 .ARM.attributes
                0x0000000000000086       0x34 ./Core/Src/stm32l4xx_hal_msp.o
 .ARM.attributes
                0x00000000000000ba       0x34 ./Core/Src/stm32l4xx_it.o
 .ARM.attributes
                0x00000000000000ee       0x34 ./Core/Src/sysmem.o
 .ARM.attributes
                0x0000000000000122       0x34 ./Core/Src/system_stm32l4xx.o
 .ARM.attributes
                0x0000000000000156       0x21 ./Core/Startup/startup_stm32l476rgtx.o
 .ARM.attributes
                0x0000000000000177       0x34 ./Drivers/STM32L4xx_HAL_Driver/Src/stm32l4xx_hal.o
 .ARM.attributes
                0x00000000000001ab       0x34 ./Drivers/STM32L4xx_HAL_Driver/Src/stm32l4xx_hal_adc.o
 .ARM.attributes
                0x00000000000001df       0x34 ./Drivers/STM32L4xx_HAL_Driver/Src/stm32l4xx_hal_adc_ex.o
 .ARM.attributes
                0x0000000000000213       0x34 ./Drivers/STM32L4xx_HAL_Driver/Src/stm32l4xx_hal_cortex.o
 .ARM.attributes
                0x0000000000000247       0x34 ./Drivers/STM32L4xx_HAL_Driver/Src/stm32l4xx_hal_gpio.o
 .ARM.attributes
                0x000000000000027b       0x34 ./Drivers/STM32L4xx_HAL_Driver/Src/stm32l4xx_hal_pwr_ex.o
 .ARM.attributes
                0x00000000000002af       0x34 ./Drivers/STM32L4xx_HAL_Driver/Src/stm32l4xx_hal_rcc.o
 .ARM.attributes
                0x00000000000002e3       0x34 ./Drivers/STM32L4xx_HAL_Driver/Src/stm32l4xx_hal_rcc_ex.o
 .ARM.attributes
                0x0000000000000317       0x34 ./Drivers/STM32L4xx_HAL_Driver/Src/stm32l4xx_hal_uart.o
 .ARM.attributes
                0x000000000000034b       0x34 ../Middlewares/ST/ARM/DSP/Lib/libarm_cortexM4lf_math.a(arm_rfft_fast_init_f32.o)
 .ARM.attributes
                0x000000000000037f       0x34 ../Middlewares/ST/ARM/DSP/Lib/libarm_cortexM4lf_math.a(arm_rfft_fast_f32.o)
 .ARM.attributes
                0x00000000000003b3       0x34 ../Middlewares/ST/ARM/DSP/Lib/libarm_cortexM4lf_math.a(arm_cfft_f32.o)
 .ARM.attributes
                0x00000000000003e7       0x34 ../Middlewares/ST/ARM/DSP/Lib/libarm_cortexM4lf_math.a(arm_bitreversal2.o)
 .ARM.attributes
                0x000000000000041b       0x34 ../Middlewares/ST/ARM/DSP/Lib/libarm_cortexM4lf_math.a(arm_cmplx_mag_f32.o)
 .ARM.attributes
                0x000000000000044f       0x39 ../Middlewares/ST/ARM/DSP/Lib/libarm_cortexM4lf_math.a(arm_common_tables.o)
 .ARM.attributes
                0x0000000000000488       0x34 ../Middlewares/ST/ARM/DSP/Lib/libarm_cortexM4lf_math.a(arm_cfft_radix8_f32.o)
 .ARM.attributes
                0x00000000000004bc       0x34 /opt/st/stm32cubeide_1.13.2/plugins/com.st.stm32cube.ide.mcu.externaltools.gnu-tools-for-stm32.11.3.rel1.linux64_1.1.1.202309131626/tools/bin/../lib/gcc/arm-none-eabi/11.3.1/../../../../arm-none-eabi/lib/thumb/v7e-m+fp/hard/libm.a(libm_a-wf_sqrt.o)
 .ARM.attributes
                0x00000000000004f0       0x34 /opt/st/stm32cubeide_1.13.2/plugins/com.st.stm32cube.ide.mcu.externaltools.gnu-tools-for-stm32.11.3.rel1.linux64_1.1.1.202309131626/tools/bin/../lib/gcc/arm-none-eabi/11.3.1/../../../../arm-none-eabi/lib/thumb/v7e-m+fp/hard/libm.a(libm_a-ef_sqrt.o)
 .ARM.attributes
                0x0000000000000524       0x34 /opt/st/stm32cubeide_1.13.2/plugins/com.st.stm32cube.ide.mcu.externaltools.gnu-tools-for-stm32.11.3.rel1.linux64_1.1.1.202309131626/tools/bin/../lib/gcc/arm-none-eabi/11.3.1/../../../../arm-none-eabi/lib/thumb/v7e-m+fp/hard/libc_nano.a(libc_a-findfp.o)
 .ARM.attributes
                0x0000000000000558       0x34 /opt/st/stm32cubeide_1.13.2/plugins/com.st.stm32cube.ide.mcu.externaltools.gnu-tools-for-stm32.11.3.rel1.linux64_1.1.1.202309131626/tools/bin/../lib/gcc/arm-none-eabi/11.3.1/../../../../arm-none-eabi/lib/thumb/v7e-m+fp/hard/libc_nano.a(libc_a-sprintf.o)
 .ARM.attributes
                0x000000000000058c       0x34 /opt/st/stm32cubeide_1.13.2/plugins/com.st.stm32cube.ide.mcu.externaltools.gnu-tools-for-stm32.11.3.rel1.linux64_1.1.1.202309131626/tools/bin/../lib/gcc/arm-none-eabi/11.3.1/../../../../arm-none-eabi/lib/thumb/v7e-m+fp/hard/libc_nano.a(libc_a-memset.o)
 .ARM.attributes
                0x00000000000005c0       0x34 /opt/st/stm32cubeide_1.13.2/plugins/com.st.stm32cube.ide.mcu.externaltools.gnu-tools-for-stm32.11.3.rel1.linux64_1.1.1.202309131626/tools/bin/../lib/gcc/arm-none-eabi/11.3.1/../../../../arm-none-eabi/lib/thumb/v7e-m+fp/hard/libc_nano.a(libc_a-reent.o)
 .ARM.attributes
                0x00000000000005f4       0x34 /opt/st/stm32cubeide_1.13.2/plugins/com.st.stm32cube.ide.mcu.externaltools.gnu-tools-for-stm32.11.3.rel1.linux64_1.1.1.202309131626/tools/bin/../lib/gcc/arm-none-eabi/11.3.1/../../../../arm-none-eabi/lib/thumb/v7e-m+fp/hard/libc_nano.a(libc_a-impure.o)
 .ARM.attributes
                0x0000000000000628       0x34 /opt/st/stm32cubeide_1.13.2/plugins/com.st.stm32cube.ide.mcu.externaltools.gnu-tools-for-stm32.11.3.rel1.linux64_1.1.1.202309131626/tools/bin/../lib/gcc/arm-none-eabi/11.3.1/../../../../arm-none-eabi/lib/thumb/v7e-m+fp/hard/libc_nano.a(libc_a-errno.o)
 .ARM.attributes
                0x000000000000065c       0x34 /opt/st/stm32cubeide_1.13.2/plugins/com.st.stm32cube.ide.mcu.externaltools.gnu-tools-for-stm32.11.3.rel1.linux64_1.1.1.202309131626/tools/bin/../lib/gcc/arm-none-eabi/11.3.1/../../../../arm-none-eabi/lib/thumb/v7e-m+fp/hard/libc_nano.a(libc_a-init.o)
 .ARM.attributes
                0x0000000000000690       0x34 /opt/st/stm32cubeide_1.13.2/plugins/com.st.stm32cube.ide.mcu.externaltools.gnu-tools-for-stm32.11.3.rel1.linux64_1.1.1.202309131626/tools/bin/../lib/gcc/arm-none-eabi/11.3.1/../../../../arm-none-eabi/lib/thumb/v7e-m+fp/hard/libc_nano.a(libc_a-lock.o)
 .ARM.attributes
                0x00000000000006c4       0x17 /opt/st/stm32cubeide_1.13.2/plugins/com.st.stm32cube.ide.mcu.externaltools.gnu-tools-for-stm32.11.3.rel1.linux64_1.1.1.202309131626/tools/bin/../lib/gcc/arm-none-eabi/11.3.1/../../../../arm-none-eabi/lib/thumb/v7e-m+fp/hard/libc_nano.a(libc_a-strlen.o)
 .ARM.attributes
                0x00000000000006db       0x34 /opt/st/stm32cubeide_1.13.2/plugins/com.st.stm32cube.ide.mcu.externaltools.gnu-tools-for-stm32.11.3.rel1.linux64_1.1.1.202309131626/tools/bin/../lib/gcc/arm-none-eabi/11.3.1/../../../../arm-none-eabi/lib/thumb/v7e-m+fp/hard/libc_nano.a(libc_a-freer.o)
 .ARM.attributes
                0x000000000000070f       0x34 /opt/st/stm32cubeide_1.13.2/plugins/com.st.stm32cube.ide.mcu.externaltools.gnu-tools-for-stm32.11.3.rel1.linux64_1.1.1.202309131626/tools/bin/../lib/gcc/arm-none-eabi/11.3.1/../../../../arm-none-eabi/lib/thumb/v7e-m+fp/hard/libc_nano.a(libc_a-mallocr.o)
 .ARM.attributes
                0x0000000000000743       0x34 /opt/st/stm32cubeide_1.13.2/plugins/com.st.stm32cube.ide.mcu.externaltools.gnu-tools-for-stm32.11.3.rel1.linux64_1.1.1.202309131626/tools/bin/../lib/gcc/arm-none-eabi/11.3.1/../../../../arm-none-eabi/lib/thumb/v7e-m+fp/hard/libc_nano.a(libc_a-mlock.o)
 .ARM.attributes
                0x0000000000000777       0x34 /opt/st/stm32cubeide_1.13.2/plugins/com.st.stm32cube.ide.mcu.externaltools.gnu-tools-for-stm32.11.3.rel1.linux64_1.1.1.202309131626/tools/bin/../lib/gcc/arm-none-eabi/11.3.1/../../../../arm-none-eabi/lib/thumb/v7e-m+fp/hard/libc_nano.a(libc_a-nano-svfprintf.o)
 .ARM.attributes
                0x00000000000007ab       0x34 /opt/st/stm32cubeide_1.13.2/plugins/com.st.stm32cube.ide.mcu.externaltools.gnu-tools-for-stm32.11.3.rel1.linux64_1.1.1.202309131626/tools/bin/../lib/gcc/arm-none-eabi/11.3.1/../../../../arm-none-eabi/lib/thumb/v7e-m+fp/hard/libc_nano.a(libc_a-nano-vfprintf_i.o)
 .ARM.attributes
                0x00000000000007df       0x34 /opt/st/stm32cubeide_1.13.2/plugins/com.st.stm32cube.ide.mcu.externaltools.gnu-tools-for-stm32.11.3.rel1.linux64_1.1.1.202309131626/tools/bin/../lib/gcc/arm-none-eabi/11.3.1/../../../../arm-none-eabi/lib/thumb/v7e-m+fp/hard/libc_nano.a(libc_a-memmove.o)
 .ARM.attributes
                0x0000000000000813       0x34 /opt/st/stm32cubeide_1.13.2/plugins/com.st.stm32cube.ide.mcu.externaltools.gnu-tools-for-stm32.11.3.rel1.linux64_1.1.1.202309131626/tools/bin/../lib/gcc/arm-none-eabi/11.3.1/../../../../arm-none-eabi/lib/thumb/v7e-m+fp/hard/libc_nano.a(libc_a-sbrkr.o)
 .ARM.attributes
                0x0000000000000847       0x1c /opt/st/stm32cubeide_1.13.2/plugins/com.st.stm32cube.ide.mcu.externaltools.gnu-tools-for-stm32.11.3.rel1.linux64_1.1.1.202309131626/tools/bin/../lib/gcc/arm-none-eabi/11.3.1/../../../../arm-none-eabi/lib/thumb/v7e-m+fp/hard/libc_nano.a(libc_a-memchr.o)
 .ARM.attributes
                0x0000000000000863       0x34 /opt/st/stm32cubeide_1.13.2/plugins/com.st.stm32cube.ide.mcu.externaltools.gnu-tools-for-stm32.11.3.rel1.linux64_1.1.1.202309131626/tools/bin/../lib/gcc/arm-none-eabi/11.3.1/../../../../arm-none-eabi/lib/thumb/v7e-m+fp/hard/libc_nano.a(libc_a-memcpy-stub.o)
 .ARM.attributes
                0x0000000000000897       0x34 /opt/st/stm32cubeide_1.13.2/plugins/com.st.stm32cube.ide.mcu.externaltools.gnu-tools-for-stm32.11.3.rel1.linux64_1.1.1.202309131626/tools/bin/../lib/gcc/arm-none-eabi/11.3.1/../../../../arm-none-eabi/lib/thumb/v7e-m+fp/hard/libc_nano.a(libc_a-reallocr.o)
 .ARM.attributes
                0x00000000000008cb       0x34 /opt/st/stm32cubeide_1.13.2/plugins/com.st.stm32cube.ide.mcu.externaltools.gnu-tools-for-stm32.11.3.rel1.linux64_1.1.1.202309131626/tools/bin/../lib/gcc/arm-none-eabi/11.3.1/../../../../arm-none-eabi/lib/thumb/v7e-m+fp/hard/libc_nano.a(libc_a-msizer.o)
 .ARM.attributes
                0x00000000000008ff       0x1e /opt/st/stm32cubeide_1.13.2/plugins/com.st.stm32cube.ide.mcu.externaltools.gnu-tools-for-stm32.11.3.rel1.linux64_1.1.1.202309131626/tools/bin/../lib/gcc/arm-none-eabi/11.3.1/thumb/v7e-m+fp/hard/libgcc.a(_arm_muldf3.o)
 .ARM.attributes
                0x000000000000091d       0x1e /opt/st/stm32cubeide_1.13.2/plugins/com.st.stm32cube.ide.mcu.externaltools.gnu-tools-for-stm32.11.3.rel1.linux64_1.1.1.202309131626/tools/bin/../lib/gcc/arm-none-eabi/11.3.1/thumb/v7e-m+fp/hard/libgcc.a(_arm_addsubdf3.o)
 .ARM.attributes
                0x000000000000093b       0x1e /opt/st/stm32cubeide_1.13.2/plugins/com.st.stm32cube.ide.mcu.externaltools.gnu-tools-for-stm32.11.3.rel1.linux64_1.1.1.202309131626/tools/bin/../lib/gcc/arm-none-eabi/11.3.1/thumb/v7e-m+fp/hard/libgcc.a(_arm_truncdfsf2.o)
 .ARM.attributes
                0x0000000000000959       0x1e /opt/st/stm32cubeide_1.13.2/plugins/com.st.stm32cube.ide.mcu.externaltools.gnu-tools-for-stm32.11.3.rel1.linux64_1.1.1.202309131626/tools/bin/../lib/gcc/arm-none-eabi/11.3.1/thumb/v7e-m+fp/hard/libgcc.a(_aeabi_uldivmod.o)
 .ARM.attributes
                0x0000000000000977       0x34 /opt/st/stm32cubeide_1.13.2/plugins/com.st.stm32cube.ide.mcu.externaltools.gnu-tools-for-stm32.11.3.rel1.linux64_1.1.1.202309131626/tools/bin/../lib/gcc/arm-none-eabi/11.3.1/thumb/v7e-m+fp/hard/libgcc.a(_udivmoddi4.o)
 .ARM.attributes
                0x00000000000009ab       0x1e /opt/st/stm32cubeide_1.13.2/plugins/com.st.stm32cube.ide.mcu.externaltools.gnu-tools-for-stm32.11.3.rel1.linux64_1.1.1.202309131626/tools/bin/../lib/gcc/arm-none-eabi/11.3.1/thumb/v7e-m+fp/hard/libgcc.a(_dvmd_tls.o)
 .ARM.attributes
                0x00000000000009c9       0x1e /opt/st/stm32cubeide_1.13.2/plugins/com.st.stm32cube.ide.mcu.externaltools.gnu-tools-for-stm32.11.3.rel1.linux64_1.1.1.202309131626/tools/bin/../lib/gcc/arm-none-eabi/11.3.1/thumb/v7e-m+fp/hard/crtn.o
OUTPUT(Task4.2.elf elf32-littlearm)
LOAD linker stubs
LOAD /opt/st/stm32cubeide_1.13.2/plugins/com.st.stm32cube.ide.mcu.externaltools.gnu-tools-for-stm32.11.3.rel1.linux64_1.1.1.202309131626/tools/bin/../lib/gcc/arm-none-eabi/11.3.1/../../../../arm-none-eabi/lib/thumb/v7e-m+fp/hard/libc.a
LOAD /opt/st/stm32cubeide_1.13.2/plugins/com.st.stm32cube.ide.mcu.externaltools.gnu-tools-for-stm32.11.3.rel1.linux64_1.1.1.202309131626/tools/bin/../lib/gcc/arm-none-eabi/11.3.1/../../../../arm-none-eabi/lib/thumb/v7e-m+fp/hard/libm.a
LOAD /opt/st/stm32cubeide_1.13.2/plugins/com.st.stm32cube.ide.mcu.externaltools.gnu-tools-for-stm32.11.3.rel1.linux64_1.1.1.202309131626/tools/bin/../lib/gcc/arm-none-eabi/11.3.1/thumb/v7e-m+fp/hard/libgcc.a

.comment        0x0000000000000000       0xb8
 .comment       0x0000000000000000       0x43 /opt/st/stm32cubeide_1.13.2/plugins/com.st.stm32cube.ide.mcu.externaltools.gnu-tools-for-stm32.11.3.rel1.linux64_1.1.1.202309131626/tools/bin/../lib/gcc/arm-none-eabi/11.3.1/thumb/v7e-m+fp/hard/crtbegin.o
                                         0x44 (size before relaxing)
 .comment       0x0000000000000043       0x44 ./Core/Src/main.o
 .comment       0x0000000000000043       0x44 ./Core/Src/stm32l4xx_hal_msp.o
 .comment       0x0000000000000043       0x44 ./Core/Src/stm32l4xx_it.o
 .comment       0x0000000000000043       0x44 ./Core/Src/sysmem.o
 .comment       0x0000000000000043       0x44 ./Core/Src/system_stm32l4xx.o
 .comment       0x0000000000000043       0x44 ./Drivers/STM32L4xx_HAL_Driver/Src/stm32l4xx_hal.o
 .comment       0x0000000000000043       0x44 ./Drivers/STM32L4xx_HAL_Driver/Src/stm32l4xx_hal_adc.o
 .comment       0x0000000000000043       0x44 ./Drivers/STM32L4xx_HAL_Driver/Src/stm32l4xx_hal_adc_ex.o
 .comment       0x0000000000000043       0x44 ./Drivers/STM32L4xx_HAL_Driver/Src/stm32l4xx_hal_cortex.o
 .comment       0x0000000000000043       0x44 ./Drivers/STM32L4xx_HAL_Driver/Src/stm32l4xx_hal_gpio.o
 .comment       0x0000000000000043       0x44 ./Drivers/STM32L4xx_HAL_Driver/Src/stm32l4xx_hal_pwr_ex.o
 .comment       0x0000000000000043       0x44 ./Drivers/STM32L4xx_HAL_Driver/Src/stm32l4xx_hal_rcc.o
 .comment       0x0000000000000043       0x44 ./Drivers/STM32L4xx_HAL_Driver/Src/stm32l4xx_hal_rcc_ex.o
 .comment       0x0000000000000043       0x44 ./Drivers/STM32L4xx_HAL_Driver/Src/stm32l4xx_hal_uart.o
 .comment       0x0000000000000043       0x75 ../Middlewares/ST/ARM/DSP/Lib/libarm_cortexM4lf_math.a(arm_rfft_fast_init_f32.o)
                                         0x76 (size before relaxing)
 .comment       0x00000000000000b8       0x76 ../Middlewares/ST/ARM/DSP/Lib/libarm_cortexM4lf_math.a(arm_rfft_fast_f32.o)
 .comment       0x00000000000000b8       0x76 ../Middlewares/ST/ARM/DSP/Lib/libarm_cortexM4lf_math.a(arm_cfft_f32.o)
 .comment       0x00000000000000b8       0x76 ../Middlewares/ST/ARM/DSP/Lib/libarm_cortexM4lf_math.a(arm_bitreversal2.o)
 .comment       0x00000000000000b8       0x76 ../Middlewares/ST/ARM/DSP/Lib/libarm_cortexM4lf_math.a(arm_cmplx_mag_f32.o)
 .comment       0x00000000000000b8       0x76 ../Middlewares/ST/ARM/DSP/Lib/libarm_cortexM4lf_math.a(arm_common_tables.o)
 .comment       0x00000000000000b8       0x76 ../Middlewares/ST/ARM/DSP/Lib/libarm_cortexM4lf_math.a(arm_cfft_radix8_f32.o)

.debug_info     0x0000000000000000    0x17e48
 .debug_info    0x0000000000000000     0x194d ./Core/Src/main.o
 .debug_info    0x000000000000194d     0x1224 ./Core/Src/stm32l4xx_hal_msp.o
 .debug_info    0x0000000000002b71      0x113 ./Core/Src/stm32l4xx_it.o
 .debug_info    0x0000000000002c84      0x168 ./Core/Src/sysmem.o
 .debug_info    0x0000000000002dec      0x5b1 ./Core/Src/system_stm32l4xx.o
 .debug_info    0x000000000000339d       0x23 ./Core/Startup/startup_stm32l476rgtx.o
 .debug_info    0x00000000000033c0      0xc09 ./Drivers/STM32L4xx_HAL_Driver/Src/stm32l4xx_hal.o
 .debug_info    0x0000000000003fc9     0x1db8 ./Drivers/STM32L4xx_HAL_Driver/Src/stm32l4xx_hal_adc.o
 .debug_info    0x0000000000005d81     0x1b24 ./Drivers/STM32L4xx_HAL_Driver/Src/stm32l4xx_hal_adc_ex.o
 .debug_info    0x00000000000078a5      0xd4c ./Drivers/STM32L4xx_HAL_Driver/Src/stm32l4xx_hal_cortex.o
 .debug_info    0x00000000000085f1      0x757 ./Drivers/STM32L4xx_HAL_Driver/Src/stm32l4xx_hal_gpio.o
 .debug_info    0x0000000000008d48      0x99e ./Drivers/STM32L4xx_HAL_Driver/Src/stm32l4xx_hal_pwr_ex.o
 .debug_info    0x00000000000096e6      0xc14 ./Drivers/STM32L4xx_HAL_Driver/Src/stm32l4xx_hal_rcc.o
 .debug_info    0x000000000000a2fa      0xe11 ./Drivers/STM32L4xx_HAL_Driver/Src/stm32l4xx_hal_rcc_ex.o
 .debug_info    0x000000000000b10b     0x3b69 ./Drivers/STM32L4xx_HAL_Driver/Src/stm32l4xx_hal_uart.o
 .debug_info    0x000000000000ec74     0x192a ../Middlewares/ST/ARM/DSP/Lib/libarm_cortexM4lf_math.a(arm_rfft_fast_init_f32.o)
 .debug_info    0x000000000001059e      0xf91 ../Middlewares/ST/ARM/DSP/Lib/libarm_cortexM4lf_math.a(arm_rfft_fast_f32.o)
 .debug_info    0x000000000001152f     0x1c5b ../Middlewares/ST/ARM/DSP/Lib/libarm_cortexM4lf_math.a(arm_cfft_f32.o)
 .debug_info    0x000000000001318a     0x16a6 ../Middlewares/ST/ARM/DSP/Lib/libarm_cortexM4lf_math.a(arm_bitreversal2.o)
 .debug_info    0x0000000000014830      0xcba ../Middlewares/ST/ARM/DSP/Lib/libarm_cortexM4lf_math.a(arm_cmplx_mag_f32.o)
 .debug_info    0x00000000000154ea     0x1a84 ../Middlewares/ST/ARM/DSP/Lib/libarm_cortexM4lf_math.a(arm_common_tables.o)
 .debug_info    0x0000000000016f6e      0xeda ../Middlewares/ST/ARM/DSP/Lib/libarm_cortexM4lf_math.a(arm_cfft_radix8_f32.o)

.debug_abbrev   0x0000000000000000     0x2f0e
 .debug_abbrev  0x0000000000000000      0x2ca ./Core/Src/main.o
 .debug_abbrev  0x00000000000002ca      0x1fd ./Core/Src/stm32l4xx_hal_msp.o
 .debug_abbrev  0x00000000000004c7       0x73 ./Core/Src/stm32l4xx_it.o
 .debug_abbrev  0x000000000000053a       0xbc ./Core/Src/sysmem.o
 .debug_abbrev  0x00000000000005f6      0x11a ./Core/Src/system_stm32l4xx.o
 .debug_abbrev  0x0000000000000710       0x12 ./Core/Startup/startup_stm32l476rgtx.o
 .debug_abbrev  0x0000000000000722      0x243 ./Drivers/STM32L4xx_HAL_Driver/Src/stm32l4xx_hal.o
 .debug_abbrev  0x0000000000000965      0x2de ./Drivers/STM32L4xx_HAL_Driver/Src/stm32l4xx_hal_adc.o
 .debug_abbrev  0x0000000000000c43      0x2f1 ./Drivers/STM32L4xx_HAL_Driver/Src/stm32l4xx_hal_adc_ex.o
 .debug_abbrev  0x0000000000000f34      0x327 ./Drivers/STM32L4xx_HAL_Driver/Src/stm32l4xx_hal_cortex.o
 .debug_abbrev  0x000000000000125b      0x1cb ./Drivers/STM32L4xx_HAL_Driver/Src/stm32l4xx_hal_gpio.o
 .debug_abbrev  0x0000000000001426      0x1f9 ./Drivers/STM32L4xx_HAL_Driver/Src/stm32l4xx_hal_pwr_ex.o
 .debug_abbrev  0x000000000000161f      0x2cb ./Drivers/STM32L4xx_HAL_Driver/Src/stm32l4xx_hal_rcc.o
 .debug_abbrev  0x00000000000018ea      0x2a6 ./Drivers/STM32L4xx_HAL_Driver/Src/stm32l4xx_hal_rcc_ex.o
 .debug_abbrev  0x0000000000001b90      0x2d0 ./Drivers/STM32L4xx_HAL_Driver/Src/stm32l4xx_hal_uart.o
 .debug_abbrev  0x0000000000001e60      0x2a0 ../Middlewares/ST/ARM/DSP/Lib/libarm_cortexM4lf_math.a(arm_rfft_fast_init_f32.o)
 .debug_abbrev  0x0000000000002100      0x2b8 ../Middlewares/ST/ARM/DSP/Lib/libarm_cortexM4lf_math.a(arm_rfft_fast_f32.o)
 .debug_abbrev  0x00000000000023b8      0x2e0 ../Middlewares/ST/ARM/DSP/Lib/libarm_cortexM4lf_math.a(arm_cfft_f32.o)
 .debug_abbrev  0x0000000000002698      0x206 ../Middlewares/ST/ARM/DSP/Lib/libarm_cortexM4lf_math.a(arm_bitreversal2.o)
 .debug_abbrev  0x000000000000289e      0x288 ../Middlewares/ST/ARM/DSP/Lib/libarm_cortexM4lf_math.a(arm_cmplx_mag_f32.o)
 .debug_abbrev  0x0000000000002b26      0x1dd ../Middlewares/ST/ARM/DSP/Lib/libarm_cortexM4lf_math.a(arm_common_tables.o)
 .debug_abbrev  0x0000000000002d03      0x20b ../Middlewares/ST/ARM/DSP/Lib/libarm_cortexM4lf_math.a(arm_cfft_radix8_f32.o)

.debug_aranges  0x0000000000000000      0xde0
 .debug_aranges
                0x0000000000000000       0x50 ./Core/Src/main.o
 .debug_aranges
                0x0000000000000050       0x40 ./Core/Src/stm32l4xx_hal_msp.o
 .debug_aranges
                0x0000000000000090       0x60 ./Core/Src/stm32l4xx_it.o
 .debug_aranges
                0x00000000000000f0       0x20 ./Core/Src/sysmem.o
 .debug_aranges
                0x0000000000000110       0x28 ./Core/Src/system_stm32l4xx.o
 .debug_aranges
                0x0000000000000138       0x28 ./Core/Startup/startup_stm32l476rgtx.o
 .debug_aranges
                0x0000000000000160      0x130 ./Drivers/STM32L4xx_HAL_Driver/Src/stm32l4xx_hal.o
 .debug_aranges
                0x0000000000000290      0x220 ./Drivers/STM32L4xx_HAL_Driver/Src/stm32l4xx_hal_adc.o
 .debug_aranges
                0x00000000000004b0      0x1a8 ./Drivers/STM32L4xx_HAL_Driver/Src/stm32l4xx_hal_adc_ex.o
 .debug_aranges
                0x0000000000000658      0x118 ./Drivers/STM32L4xx_HAL_Driver/Src/stm32l4xx_hal_cortex.o
 .debug_aranges
                0x0000000000000770       0x58 ./Drivers/STM32L4xx_HAL_Driver/Src/stm32l4xx_hal_gpio.o
 .debug_aranges
                0x00000000000007c8      0x160 ./Drivers/STM32L4xx_HAL_Driver/Src/stm32l4xx_hal_pwr_ex.o
 .debug_aranges
                0x0000000000000928       0x90 ./Drivers/STM32L4xx_HAL_Driver/Src/stm32l4xx_hal_rcc.o
 .debug_aranges
                0x00000000000009b8       0xc0 ./Drivers/STM32L4xx_HAL_Driver/Src/stm32l4xx_hal_rcc_ex.o
 .debug_aranges
                0x0000000000000a78      0x228 ./Drivers/STM32L4xx_HAL_Driver/Src/stm32l4xx_hal_uart.o
 .debug_aranges
                0x0000000000000ca0       0x60 ../Middlewares/ST/ARM/DSP/Lib/libarm_cortexM4lf_math.a(arm_rfft_fast_init_f32.o)
 .debug_aranges
                0x0000000000000d00       0x30 ../Middlewares/ST/ARM/DSP/Lib/libarm_cortexM4lf_math.a(arm_rfft_fast_f32.o)
 .debug_aranges
                0x0000000000000d30       0x30 ../Middlewares/ST/ARM/DSP/Lib/libarm_cortexM4lf_math.a(arm_cfft_f32.o)
 .debug_aranges
                0x0000000000000d60       0x28 ../Middlewares/ST/ARM/DSP/Lib/libarm_cortexM4lf_math.a(arm_bitreversal2.o)
 .debug_aranges
                0x0000000000000d88       0x20 ../Middlewares/ST/ARM/DSP/Lib/libarm_cortexM4lf_math.a(arm_cmplx_mag_f32.o)
 .debug_aranges
                0x0000000000000da8       0x18 ../Middlewares/ST/ARM/DSP/Lib/libarm_cortexM4lf_math.a(arm_common_tables.o)
 .debug_aranges
                0x0000000000000dc0       0x20 ../Middlewares/ST/ARM/DSP/Lib/libarm_cortexM4lf_math.a(arm_cfft_radix8_f32.o)

.debug_rnglists
                0x0000000000000000      0x9bd
 .debug_rnglists
                0x0000000000000000       0x3b ./Core/Src/main.o
 .debug_rnglists
                0x000000000000003b       0x2e ./Core/Src/stm32l4xx_hal_msp.o
 .debug_rnglists
                0x0000000000000069       0x43 ./Core/Src/stm32l4xx_it.o
 .debug_rnglists
                0x00000000000000ac       0x13 ./Core/Src/sysmem.o
 .debug_rnglists
                0x00000000000000bf       0x1a ./Core/Src/system_stm32l4xx.o
 .debug_rnglists
                0x00000000000000d9       0x19 ./Core/Startup/startup_stm32l476rgtx.o
 .debug_rnglists
                0x00000000000000f2       0xdf ./Drivers/STM32L4xx_HAL_Driver/Src/stm32l4xx_hal.o
 .debug_rnglists
                0x00000000000001d1      0x1b1 ./Drivers/STM32L4xx_HAL_Driver/Src/stm32l4xx_hal_adc.o
 .debug_rnglists
                0x0000000000000382      0x148 ./Drivers/STM32L4xx_HAL_Driver/Src/stm32l4xx_hal_adc_ex.o
 .debug_rnglists
                0x00000000000004ca       0xce ./Drivers/STM32L4xx_HAL_Driver/Src/stm32l4xx_hal_cortex.o
 .debug_rnglists
                0x0000000000000598       0x3f ./Drivers/STM32L4xx_HAL_Driver/Src/stm32l4xx_hal_gpio.o
 .debug_rnglists
                0x00000000000005d7      0x109 ./Drivers/STM32L4xx_HAL_Driver/Src/stm32l4xx_hal_pwr_ex.o
 .debug_rnglists
                0x00000000000006e0       0x6d ./Drivers/STM32L4xx_HAL_Driver/Src/stm32l4xx_hal_rcc.o
 .debug_rnglists
                0x000000000000074d       0x95 ./Drivers/STM32L4xx_HAL_Driver/Src/stm32l4xx_hal_rcc_ex.o
 .debug_rnglists
                0x00000000000007e2      0x1db ./Drivers/STM32L4xx_HAL_Driver/Src/stm32l4xx_hal_uart.o

.debug_macro    0x0000000000000000    0x27acf
 .debug_macro   0x0000000000000000      0x31e ./Core/Src/main.o
 .debug_macro   0x000000000000031e      0xaae ./Core/Src/main.o
 .debug_macro   0x0000000000000dcc      0x1a7 ./Core/Src/main.o
 .debug_macro   0x0000000000000f73       0x2e ./Core/Src/main.o
 .debug_macro   0x0000000000000fa1       0x28 ./Core/Src/main.o
 .debug_macro   0x0000000000000fc9       0x22 ./Core/Src/main.o
 .debug_macro   0x0000000000000feb       0x8e ./Core/Src/main.o
 .debug_macro   0x0000000000001079       0x51 ./Core/Src/main.o
 .debug_macro   0x00000000000010ca      0x103 ./Core/Src/main.o
 .debug_macro   0x00000000000011cd       0x6a ./Core/Src/main.o
 .debug_macro   0x0000000000001237      0x1df ./Core/Src/main.o
 .debug_macro   0x0000000000001416       0x1c ./Core/Src/main.o
 .debug_macro   0x0000000000001432       0x22 ./Core/Src/main.o
 .debug_macro   0x0000000000001454       0xfb ./Core/Src/main.o
 .debug_macro   0x000000000000154f     0x1011 ./Core/Src/main.o
 .debug_macro   0x0000000000002560      0x11f ./Core/Src/main.o
 .debug_macro   0x000000000000267f    0x1a17a ./Core/Src/main.o
 .debug_macro   0x000000000001c7f9       0x6d ./Core/Src/main.o
 .debug_macro   0x000000000001c866     0x38e6 ./Core/Src/main.o
 .debug_macro   0x000000000002014c      0x174 ./Core/Src/main.o
 .debug_macro   0x00000000000202c0       0x5c ./Core/Src/main.o
 .debug_macro   0x000000000002031c     0x159e ./Core/Src/main.o
 .debug_macro   0x00000000000218ba      0x5a5 ./Core/Src/main.o
 .debug_macro   0x0000000000021e5f      0x1b9 ./Core/Src/main.o
 .debug_macro   0x0000000000022018      0x18b ./Core/Src/main.o
 .debug_macro   0x00000000000221a3      0x26b ./Core/Src/main.o
 .debug_macro   0x000000000002240e      0x23d ./Core/Src/main.o
 .debug_macro   0x000000000002264b      0xf91 ./Core/Src/main.o
 .debug_macro   0x00000000000235dc      0x632 ./Core/Src/main.o
 .debug_macro   0x0000000000023c0e      0x30c ./Core/Src/main.o
 .debug_macro   0x0000000000023f1a      0x241 ./Core/Src/main.o
 .debug_macro   0x000000000002415b      0x37c ./Core/Src/main.o
 .debug_macro   0x00000000000244d7       0xd6 ./Core/Src/main.o
 .debug_macro   0x00000000000245ad      0x122 ./Core/Src/main.o
 .debug_macro   0x00000000000246cf      0x3ef ./Core/Src/main.o
 .debug_macro   0x0000000000024abe      0x5cf ./Core/Src/main.o
 .debug_macro   0x000000000002508d       0x44 ./Core/Src/main.o
 .debug_macro   0x00000000000250d1      0x330 ./Core/Src/main.o
 .debug_macro   0x0000000000025401       0x58 ./Core/Src/main.o
 .debug_macro   0x0000000000025459       0x61 ./Core/Src/main.o
 .debug_macro   0x00000000000254ba       0x2a ./Core/Src/main.o
 .debug_macro   0x00000000000254e4       0x43 ./Core/Src/main.o
 .debug_macro   0x0000000000025527       0x34 ./Core/Src/main.o
 .debug_macro   0x000000000002555b       0x16 ./Core/Src/main.o
 .debug_macro   0x0000000000025571       0x35 ./Core/Src/main.o
 .debug_macro   0x00000000000255a6      0x369 ./Core/Src/main.o
 .debug_macro   0x000000000002590f       0x10 ./Core/Src/main.o
 .debug_macro   0x000000000002591f       0x16 ./Core/Src/main.o
 .debug_macro   0x0000000000025935       0x43 ./Core/Src/main.o
 .debug_macro   0x0000000000025978       0x34 ./Core/Src/main.o
 .debug_macro   0x00000000000259ac       0x10 ./Core/Src/main.o
 .debug_macro   0x00000000000259bc       0x58 ./Core/Src/main.o
 .debug_macro   0x0000000000025a14       0x8e ./Core/Src/main.o
 .debug_macro   0x0000000000025aa2       0x1c ./Core/Src/main.o
 .debug_macro   0x0000000000025abe      0x177 ./Core/Src/main.o
 .debug_macro   0x0000000000025c35       0x16 ./Core/Src/main.o
 .debug_macro   0x0000000000025c4b       0x16 ./Core/Src/main.o
 .debug_macro   0x0000000000025c61      0x147 ./Core/Src/main.o
 .debug_macro   0x0000000000025da8       0x16 ./Core/Src/main.o
 .debug_macro   0x0000000000025dbe       0x20 ./Core/Src/main.o
 .debug_macro   0x0000000000025dde       0x12 ./Core/Src/main.o
 .debug_macro   0x0000000000025df0       0x12 ./Core/Src/main.o
 .debug_macro   0x0000000000025e02      0x19b ./Core/Src/main.o
 .debug_macro   0x0000000000025f9d       0xd6 ./Core/Src/main.o
 .debug_macro   0x0000000000026073      0x1de ./Core/Src/stm32l4xx_hal_msp.o
 .debug_macro   0x0000000000026251      0x1e8 ./Core/Src/stm32l4xx_it.o
 .debug_macro   0x0000000000026439       0xff ./Core/Src/sysmem.o
 .debug_macro   0x0000000000026538      0x23c ./Core/Src/sysmem.o
 .debug_macro   0x0000000000026774      0x1cf ./Core/Src/system_stm32l4xx.o
 .debug_macro   0x0000000000026943      0x21d ./Drivers/STM32L4xx_HAL_Driver/Src/stm32l4xx_hal.o
 .debug_macro   0x0000000000026b60      0x1ec ./Drivers/STM32L4xx_HAL_Driver/Src/stm32l4xx_hal_adc.o
 .debug_macro   0x0000000000026d4c      0x1db ./Drivers/STM32L4xx_HAL_Driver/Src/stm32l4xx_hal_adc_ex.o
 .debug_macro   0x0000000000026f27      0x1cf ./Drivers/STM32L4xx_HAL_Driver/Src/stm32l4xx_hal_cortex.o
 .debug_macro   0x00000000000270f6      0x1d6 ./Drivers/STM32L4xx_HAL_Driver/Src/stm32l4xx_hal_gpio.o
 .debug_macro   0x00000000000272cc      0x1f3 ./Drivers/STM32L4xx_HAL_Driver/Src/stm32l4xx_hal_pwr_ex.o
 .debug_macro   0x00000000000274bf      0x211 ./Drivers/STM32L4xx_HAL_Driver/Src/stm32l4xx_hal_rcc.o
 .debug_macro   0x00000000000276d0      0x205 ./Drivers/STM32L4xx_HAL_Driver/Src/stm32l4xx_hal_rcc_ex.o
 .debug_macro   0x00000000000278d5      0x1fa ./Drivers/STM32L4xx_HAL_Driver/Src/stm32l4xx_hal_uart.o

.debug_line     0x0000000000000000    0x11280
 .debug_line    0x0000000000000000      0xa9c ./Core/Src/main.o
 .debug_line    0x0000000000000a9c      0x7a7 ./Core/Src/stm32l4xx_hal_msp.o
 .debug_line    0x0000000000001243      0x765 ./Core/Src/stm32l4xx_it.o
 .debug_line    0x00000000000019a8      0x4ae ./Core/Src/sysmem.o
 .debug_line    0x0000000000001e56      0x73a ./Core/Src/system_stm32l4xx.o
 .debug_line    0x0000000000002590       0x7a ./Core/Startup/startup_stm32l476rgtx.o
 .debug_line    0x000000000000260a      0xa93 ./Drivers/STM32L4xx_HAL_Driver/Src/stm32l4xx_hal.o
 .debug_line    0x000000000000309d     0x1e9f ./Drivers/STM32L4xx_HAL_Driver/Src/stm32l4xx_hal_adc.o
 .debug_line    0x0000000000004f3c     0x18c3 ./Drivers/STM32L4xx_HAL_Driver/Src/stm32l4xx_hal_adc_ex.o
 .debug_line    0x00000000000067ff      0xc39 ./Drivers/STM32L4xx_HAL_Driver/Src/stm32l4xx_hal_cortex.o
 .debug_line    0x0000000000007438      0xb06 ./Drivers/STM32L4xx_HAL_Driver/Src/stm32l4xx_hal_gpio.o
 .debug_line    0x0000000000007f3e      0xc8a ./Drivers/STM32L4xx_HAL_Driver/Src/stm32l4xx_hal_pwr_ex.o
 .debug_line    0x0000000000008bc8      0xf09 ./Drivers/STM32L4xx_HAL_Driver/Src/stm32l4xx_hal_rcc.o
 .debug_line    0x0000000000009ad1     0x1483 ./Drivers/STM32L4xx_HAL_Driver/Src/stm32l4xx_hal_rcc_ex.o
 .debug_line    0x000000000000af54     0x3172 ./Drivers/STM32L4xx_HAL_Driver/Src/stm32l4xx_hal_uart.o
 .debug_line    0x000000000000e0c6      0x610 ../Middlewares/ST/ARM/DSP/Lib/libarm_cortexM4lf_math.a(arm_rfft_fast_init_f32.o)
 .debug_line    0x000000000000e6d6      0x4f8 ../Middlewares/ST/ARM/DSP/Lib/libarm_cortexM4lf_math.a(arm_rfft_fast_f32.o)
 .debug_line    0x000000000000ebce      0xf14 ../Middlewares/ST/ARM/DSP/Lib/libarm_cortexM4lf_math.a(arm_cfft_f32.o)