14:45:32 **** Clean-only build of configuration Debug for project try2 ****
make -j8 clean 
rm -rf ./Drivers/STM32L4xx_HAL_Driver/Src/stm32l4xx_hal.cyclo ./Drivers/STM32L4xx_HAL_Driver/Src/stm32l4xx_hal.d ./Drivers/STM32L4xx_HAL_Driver/Src/stm32l4xx_hal.o ./Drivers/STM32L4xx_HAL_Driver/Src/stm32l4xx_hal.su ./Drivers/STM32L4xx_HAL_Driver/Src/stm32l4xx_hal_adc.cyclo ./Drivers/STM32L4xx_HAL_Driver/Src/stm32l4xx_hal_adc.d ./Drivers/STM32L4xx_HAL_Driver/Src/stm32l4xx_hal_adc.o ./Drivers/STM32L4xx_HAL_Driver/Src/stm32l4xx_hal_adc.su ./Drivers/STM32L4xx_HAL_Driver/Src/stm32l4xx_hal_adc_ex.cyclo ./Drivers/STM32L4xx_HAL_Driver/Src/stm32l4xx_hal_adc_ex.d ./Drivers/STM32L4xx_HAL_Driver/Src/stm32l4xx_hal_adc_ex.o ./Drivers/STM32L4xx_HAL_Driver/Src/stm32l4xx_hal_adc_ex.su ./Drivers/STM32L4xx_HAL_Driver/Src/stm32l4xx_hal_cortex.cyclo ./Drivers/STM32L4xx_HAL_Driver/Src/stm32l4xx_hal_cortex.d ./Drivers/STM32L4xx_HAL_Driver/Src/stm32l4xx_hal_cortex.o ./Drivers/STM32L4xx_HAL_Driver/Src/stm32l4xx_hal_cortex.su ./Drivers/STM32L4xx_HAL_Driver/Src/stm32l4xx_hal_dma.cyclo ./Drivers/STM32L4xx_HAL_Driver/Src/stm32l4xx_hal_dma.d ./Drivers/STM32L4xx_HAL_Driver/Src/stm32l4xx_hal_dma.o ./Drivers/STM32L4xx_HAL_Driver/Src/stm32l4xx_hal_dma.su ./Drivers/STM32L4xx_HAL_Driver/Src/stm32l4xx_hal_dma_ex.cyclo ./Drivers/STM32L4xx_HAL_Driver/Src/stm32l4xx_hal_dma_ex.d ./Drivers/STM32L4xx_HAL_Driver/Src/stm32l4xx_hal_dma_ex.o ./Drivers/STM32L4xx_HAL_Driver/Src/stm32l4xx_hal_dma_ex.su ./Drivers/STM32L4xx_HAL_Driver/Src/stm32l4xx_hal_exti.cyclo ./Drivers/STM32L4xx_HAL_Driver/Src/stm32l4xx_hal_exti.d ./Drivers/STM32L4xx_HAL_Driver/Src/stm32l4xx_hal_exti.o ./Drivers/STM32L4xx_HAL_Driver/Src/stm32l4xx_hal_exti.su ./Drivers/STM32L4xx_HAL_Driver/Src/stm32l4xx_hal_flash.cyclo ./Drivers/STM32L4xx_HAL_Driver/Src/stm32l4xx_hal_flash.d ./Drivers/STM32L4xx_HAL_Driver/Src/stm32l4xx_hal_flash.o ./Drivers/STM32L4xx_HAL_Driver/Src/stm32l4xx_hal_flash.su ./Drivers/STM32L4xx_HAL_Driver/Src/stm32l4xx_hal_flash_ex.cyclo ./Drivers/STM32L4xx_HAL_Driver/Src/stm32l4xx_hal_flash_ex.d ./Drivers/STM32L4xx_HAL_Driver/Src/stm32l4xx_hal_flash_ex.o ./Drivers/STM32L4xx_HAL_Driver/Src/stm32l4xx_hal_flash_ex.su ./Drivers/STM32L4xx_HAL_Driver/Src/stm32l4xx_hal_flash_ramfunc.cyclo ./Drivers/STM32L4xx_HAL_Driver/Src/stm32l4xx_hal_flash_ramfunc.d ./Drivers/STM32L4xx_HAL_Driver/Src/stm32l4xx_hal_flash_ramfunc.o ./Drivers/STM32L4xx_HAL_Driver/Src/stm32l4xx_hal_flash_ramfunc.su ./Drivers/STM32L4xx_HAL_Driver/Src/stm32l4xx_hal_gpio.cyclo ./Drivers/STM32L4xx_HAL_Driver/Src/stm32l4xx_hal_gpio.d ./Drivers/STM32L4xx_HAL_Driver/Src/stm32l4xx_hal_gpio.o ./Drivers/STM32L4xx_HAL_Driver/Src/stm32l4xx_hal_gpio.su ./Drivers/STM32L4xx_HAL_Driver/Src/stm32l4xx_hal_pwr.cyclo ./Drivers/STM32L4xx_HAL_Driver/Src/stm32l4xx_hal_pwr.d ./Drivers/STM32L4xx_HAL_Driver/Src/stm32l4xx_hal_pwr.o ./Drivers/STM32L4xx_HAL_Driver/Src/stm32l4xx_hal_pwr.su ./Drivers/STM32L4xx_HAL_Driver/Src/stm32l4xx_hal_pwr_ex.cyclo ./Drivers/STM32L4xx_HAL_Driver/Src/stm32l4xx_hal_pwr_ex.d ./Drivers/STM32L4xx_HAL_Driver/Src/stm32l4xx_hal_pwr_ex.o ./Drivers/STM32L4xx_HAL_Driver/Src/stm32l4xx_hal_pwr_ex.su ./Drivers/STM32L4xx_HAL_Driver/Src/stm32l4xx_hal_rcc.cyclo ./Drivers/STM32L4xx_HAL_Driver/Src/stm32l4xx_hal_rcc.d ./Drivers/STM32L4xx_HAL_Driver/Src/stm32l4xx_hal_rcc.o ./Drivers/STM32L4xx_HAL_Driver/Src/stm32l4xx_hal_rcc.su ./Drivers/STM32L4xx_HAL_Driver/Src/stm32l4xx_hal_rcc_ex.cyclo ./Drivers/STM32L4xx_HAL_Driver/Src/stm32l4xx_hal_rcc_ex.d ./Drivers/STM32L4xx_HAL_Driver/Src/stm32l4xx_hal_rcc_ex.o ./Drivers/STM32L4xx_HAL_Driver/Src/stm32l4xx_hal_rcc_ex.su ./Drivers/STM32L4xx_HAL_Driver/Src/stm32l4xx_hal_tim.cyclo ./Drivers/STM32L4xx_HAL_Driver/Src/stm32l4xx_hal_tim.d ./Drivers/STM32L4xx_HAL_Driver/Src/stm32l4xx_hal_tim.o ./Drivers/STM32L4xx_HAL_Driver/Src/stm32l4xx_hal_tim.su ./Drivers/STM32L4xx_HAL_Driver/Src/stm32l4xx_hal_tim_ex.cyclo ./Drivers/STM32L4xx_HAL_Driver/Src/stm32l4xx_hal_tim_ex.d ./Drivers/STM32L4xx_HAL_Driver/Src/stm32l4xx_hal_tim_ex.o ./Drivers/STM32L4xx_HAL_Driver/Src/stm32l4xx_hal_tim_ex.su ./Drivers/STM32L4xx_HAL_Driver/Src/stm32l4xx_hal_uart.cyclo ./Drivers/STM32L4xx_HAL_Driver/Src/stm32l4xx_hal_uart.d ./Drivers/STM32L4xx_HAL_Driver/Src/stm32l4xx_hal_uart.o ./Drivers/STM32L4xx_HAL_Driver/Src/stm32l4xx_hal_uart.su ./Drivers/STM32L4xx_HAL_Driver/Src/stm32l4xx_hal_uart_ex.cyclo ./Drivers/STM32L4xx_HAL_Driver/Src/stm32l4xx_hal_uart_ex.d ./Drivers/STM32L4xx_HAL_Driver/Src/stm32l4xx_hal_uart_ex.o ./Drivers/STM32L4xx_HAL_Driver/Src/stm32l4xx_hal_uart_ex.su
rm -rf ./Core/Startup/startup_stm32l476rgtx.d ./Core/Startup/startup_stm32l476rgtx.o
rm -rf ./Core/Src/main.cyclo ./Core/Src/main.d ./Core/Src/main.o ./Core/Src/main.su ./Core/Src/stm32l4xx_hal_msp.cyclo ./Core/Src/stm32l4xx_hal_msp.d ./Core/Src/stm32l4xx_hal_msp.o ./Core/Src/stm32l4xx_hal_msp.su ./Core/Src/stm32l4xx_it.cyclo ./Core/Src/stm32l4xx_it.d ./Core/Src/stm32l4xx_it.o ./Core/Src/stm32l4xx_it.su ./Core/Src/syscalls.cyclo ./Core/Src/syscalls.d ./Core/Src/syscalls.o ./Core/Src/syscalls.su ./Core/Src/sysmem.cyclo ./Core/Src/sysmem.d ./Core/Src/sysmem.o ./Core/Src/sysmem.su ./Core/Src/system_stm32l4xx.cyclo ./Core/Src/system_stm32l4xx.d ./Core/Src/system_stm32l4xx.o ./Core/Src/system_stm32l4xx.su
rm -rf default.size.stdout try2.elf try2.list try2.map
 
14:45:33 **** Build of configuration Debug for project try2 ****
make -j8 all 
arm-none-eabi-gcc "../Drivers/STM32L4xx_HAL_Driver/Src/stm32l4xx_hal.c" -mcpu=cortex-m4 -std=gnu11 -g -DDEBUG -DUSE_HAL_DRIVER -DSTM32L476xx -DARM_MATH_CM4 -c -I../Core/Inc -I../Drivers/STM32L4xx_HAL_Driver/Inc -I../Drivers/STM32L4xx_HAL_Driver/Inc/Legacy -I../Drivers/CMSIS/Device/ST/STM32L4xx/Include -I../Drivers/CMSIS/Include -I../Middlewares/ST/ARM/DSP/Inc -O0 -ffunction-sections -fdata-sections -Wall -fstack-usage -fcyclomatic-complexity -MMD -MP -MF"Drivers/STM32L4xx_HAL_Driver/Src/stm32l4xx_hal.d" -MT"Drivers/STM32L4xx_HAL_Driver/Src/stm32l4xx_hal.o" --specs=nano.specs -mfpu=fpv4-sp-d16 -mfloat-abi=hard -mthumb -o "Drivers/STM32L4xx_HAL_Driver/Src/stm32l4xx_hal.o"
arm-none-eabi-gcc "../Drivers/STM32L4xx_HAL_Driver/Src/stm32l4xx_hal_adc.c" -mcpu=cortex-m4 -std=gnu11 -g -DDEBUG -DUSE_HAL_DRIVER -DSTM32L476xx -DARM_MATH_CM4 -c -I../Core/Inc -I../Drivers/STM32L4xx_HAL_Driver/Inc -I../Drivers/STM32L4xx_HAL_Driver/Inc/Legacy -I../Drivers/CMSIS/Device/ST/STM32L4xx/Include -I../Drivers/CMSIS/Include -I../Middlewares/ST/ARM/DSP/Inc -O0 -ffunction-sections -fdata-sections -Wall -fstack-usage -fcyclomatic-complexity -MMD -MP -MF"Drivers/STM32L4xx_HAL_Driver/Src/stm32l4xx_hal_adc.d" -MT"Drivers/STM32L4xx_HAL_Driver/Src/stm32l4xx_hal_adc.o" --specs=nano.specs -mfpu=fpv4-sp-d16 -mfloat-abi=hard -mthumb -o "Drivers/STM32L4xx_HAL_Driver/Src/stm32l4xx_hal_adc.o"
arm-none-eabi-gcc "../Drivers/STM32L4xx_HAL_Driver/Src/stm32l4xx_hal_adc_ex.c" -mcpu=cortex-m4 -std=gnu11 -g -DDEBUG -DUSE_HAL_DRIVER -DSTM32L476xx -DARM_MATH_CM4 -c -I../Core/Inc -I../Drivers/STM32L4xx_HAL_Driver/Inc -I../Drivers/STM32L4xx_HAL_Driver/Inc/Legacy -I../Drivers/CMSIS/Device/ST/STM32L4xx/Include -I../Drivers/CMSIS/Include -I../Middlewares/ST/ARM/DSP/Inc -O0 -ffunction-sections -fdata-sections -Wall -fstack-usage -fcyclomatic-complexity -MMD -MP -MF"Drivers/STM32L4xx_HAL_Driver/Src/stm32l4xx_hal_adc_ex.d" -MT"Drivers/STM32L4xx_HAL_Driver/Src/stm32l4xx_hal_adc_ex.o" --specs=nano.specs -mfpu=fpv4-sp-d16 -mfloat-abi=hard -mthumb -o "Drivers/STM32L4xx_HAL_Driver/Src/stm32l4xx_hal_adc_ex.o"
arm-none-eabi-gcc "../Drivers/STM32L4xx_HAL_Driver/Src/stm32l4xx_hal_cortex.c" -mcpu=cortex-m4 -std=gnu11 -g -DDEBUG -DUSE_HAL_DRIVER -DSTM32L476xx -DARM_MATH_CM4 -c -I../Core/Inc -I../Drivers/STM32L4xx_HAL_Driver/Inc -I../Drivers/STM32L4xx_HAL_Driver/Inc/Legacy -I../Drivers/CMSIS/Device/ST/STM32L4xx/Include -I../Drivers/CMSIS/Include -I../Middlewares/ST/ARM/DSP/Inc -O0 -ffunction-sections -fdata-sections -Wall -fstack-usage -fcyclomatic-complexity -MMD -MP -MF"Drivers/STM32L4xx_HAL_Driver/Src/stm32l4xx_hal_cortex.d" -MT"Drivers/STM32L4xx_HAL_Driver/Src/stm32l4xx_hal_cortex.o" --specs=nano.specs -mfpu=fpv4-sp-d16 -mfloat-abi=hard -mthumb -o "Drivers/STM32L4xx_HAL_Driver/Src/stm32l4xx_hal_cortex.o"
arm-none-eabi-gcc "../Drivers/STM32L4xx_HAL_Driver/Src/stm32l4xx_hal_dma.c" -mcpu=cortex-m4 -std=gnu11 -g -DDEBUG -DUSE_HAL_DRIVER -DSTM32L476xx -DARM_MATH_CM4 -c -I../Core/Inc -I../Drivers/STM32L4xx_HAL_Driver/Inc -I../Drivers/STM32L4xx_HAL_Driver/Inc/Legacy -I../Drivers/CMSIS/Device/ST/STM32L4xx/Include -I../Drivers/CMSIS/Include -I../Middlewares/ST/ARM/DSP/Inc -O0 -ffunction-sections -fdata-sections -Wall -fstack-usage -fcyclomatic-complexity -MMD -MP -MF"Drivers/STM32L4xx_HAL_Driver/Src/stm32l4xx_hal_dma.d" -MT"Drivers/STM32L4xx_HAL_Driver/Src/stm32l4xx_hal_dma.o" --specs=nano.specs -mfpu=fpv4-sp-d16 -mfloat-abi=hard -mthumb -o "Drivers/STM32L4xx_HAL_Driver/Src/stm32l4xx_hal_dma.o"
arm-none-eabi-gcc "../Drivers/STM32L4xx_HAL_Driver/Src/stm32l4xx_hal_dma_ex.c" -mcpu=cortex-m4 -std=gnu11 -g -DDEBUG -DUSE_HAL_DRIVER -DSTM32L476xx -DARM_MATH_CM4 -c -I../Core/Inc -I../Drivers/STM32L4xx_HAL_Driver/Inc -I../Drivers/STM32L4xx_HAL_Driver/Inc/Legacy -I../Drivers/CMSIS/Device/ST/STM32L4xx/Include -I../Drivers/CMSIS/Include -I../Middlewares/ST/ARM/DSP/Inc -O0 -ffunction-sections -fdata-sections -Wall -fstack-usage -fcyclomatic-complexity -MMD -MP -MF"Drivers/STM32L4xx_HAL_Driver/Src/stm32l4xx_hal_dma_ex.d" -MT"Drivers/STM32L4xx_HAL_Driver/Src/stm32l4xx_hal_dma_ex.o" --specs=nano.specs -mfpu=fpv4-sp-d16 -mfloat-abi=hard -mthumb -o "Drivers/STM32L4xx_HAL_Driver/Src/stm32l4xx_hal_dma_ex.o"
arm-none-eabi-gcc "../Drivers/STM32L4xx_HAL_Driver/Src/stm32l4xx_hal_exti.c" -mcpu=cortex-m4 -std=gnu11 -g -DDEBUG -DUSE_HAL_DRIVER -DSTM32L476xx -DARM_MATH_CM4 -c -I../Core/Inc -I../Drivers/STM32L4xx_HAL_Driver/Inc -I../Drivers/STM32L4xx_HAL_Driver/Inc/Legacy -I../Drivers/CMSIS/Device/ST/STM32L4xx/Include -I../Drivers/CMSIS/Include -I../Middlewares/ST/ARM/DSP/Inc -O0 -ffunction-sections -fdata-sections -Wall -fstack-usage -fcyclomatic-complexity -MMD -MP -MF"Drivers/STM32L4xx_HAL_Driver/Src/stm32l4xx_hal_exti.d" -MT"Drivers/STM32L4xx_HAL_Driver/Src/stm32l4xx_hal_exti.o" --specs=nano.specs -mfpu=fpv4-sp-d16 -mfloat-abi=hard -mthumb -o "Drivers/STM32L4xx_HAL_Driver/Src/stm32l4xx_hal_exti.o"
arm-none-eabi-gcc "../Drivers/STM32L4xx_HAL_Driver/Src/stm32l4xx_hal_flash.c" -mcpu=cortex-m4 -std=gnu11 -g -DDEBUG -DUSE_HAL_DRIVER -DSTM32L476xx -DARM_MATH_CM4 -c -I../Core/Inc -I../Drivers/STM32L4xx_HAL_Driver/Inc -I../Drivers/STM32L4xx_HAL_Driver/Inc/Legacy -I../Drivers/CMSIS/Device/ST/STM32L4xx/Include -I../Drivers/CMSIS/Include -I../Middlewares/ST/ARM/DSP/Inc -O0 -ffunction-sections -fdata-sections -Wall -fstack-usage -fcyclomatic-complexity -MMD -MP -MF"Drivers/STM32L4xx_HAL_Driver/Src/stm32l4xx_hal_flash.d" -MT"Drivers/STM32L4xx_HAL_Driver/Src/stm32l4xx_hal_flash.o" --specs=nano.specs -mfpu=fpv4-sp-d16 -mfloat-abi=hard -mthumb -o "Drivers/STM32L4xx_HAL_Driver/Src/stm32l4xx_hal_flash.o"
arm-none-eabi-gcc "../Drivers/STM32L4xx_HAL_Driver/Src/stm32l4xx_hal_flash_ex.c" -mcpu=cortex-m4 -std=gnu11 -g -DDEBUG -DUSE_HAL_DRIVER -DSTM32L476xx -DARM_MATH_CM4 -c -I../Core/Inc -I../Drivers/STM32L4xx_HAL_Driver/Inc -I../Drivers/STM32L4xx_HAL_Driver/Inc/Legacy -I../Drivers/CMSIS/Device/ST/STM32L4xx/Include -I../Drivers/CMSIS/Include -I../Middlewares/ST/ARM/DSP/Inc -O0 -ffunction-sections -fdata-sections -Wall -fstack-usage -fcyclomatic-complexity -MMD -MP -MF"Drivers/STM32L4xx_HAL_Driver/Src/stm32l4xx_hal_flash_ex.d" -MT"Drivers/STM32L4xx_HAL_Driver/Src/stm32l4xx_hal_flash_ex.o" --specs=nano.specs -mfpu=fpv4-sp-d16 -mfloat-abi=hard -mthumb -o "Drivers/STM32L4xx_HAL_Driver/Src/stm32l4xx_hal_flash_ex.o"
arm-none-eabi-gcc "../Drivers/STM32L4xx_HAL_Driver/Src/stm32l4xx_hal_flash_ramfunc.c" -mcpu=cortex-m4 -std=gnu11 -g -DDEBUG -DUSE_HAL_DRIVER -DSTM32L476xx -DARM_MATH_CM4 -c -I../Core/Inc -I../Drivers/STM32L4xx_HAL_Driver/Inc -I../Drivers/STM32L4xx_HAL_Driver/Inc/Legacy -I../Drivers/CMSIS/Device/ST/STM32L4xx/Include -I../Drivers/CMSIS/Include -I../Middlewares/ST/ARM/DSP/Inc -O0 -ffunction-sections -fdata-sections -Wall -fstack-usage -fcyclomatic-complexity -MMD -MP -MF"Drivers/STM32L4xx_HAL_Driver/Src/stm32l4xx_hal_flash_ramfunc.d" -MT"Drivers/STM32L4xx_HAL_Driver/Src/stm32l4xx_hal_flash_ramfunc.o" --specs=nano.specs -mfpu=fpv4-sp-d16 -mfloat-abi=hard -mthumb -o "Drivers/STM32L4xx_HAL_Driver/Src/stm32l4xx_hal_flash_ramfunc.o"
arm-none-eabi-gcc "../Drivers/STM32L4xx_HAL_Driver/Src/stm32l4xx_hal_gpio.c" -mcpu=cortex-m4 -std=gnu11 -g -DDEBUG -DUSE_HAL_DRIVER -DSTM32L476xx -DARM_MATH_CM4 -c -I../Core/Inc -I../Drivers/STM32L4xx_HAL_Driver/Inc -I../Drivers/STM32L4xx_HAL_Driver/Inc/Legacy -I../Drivers/CMSIS/Device/ST/STM32L4xx/Include -I../Drivers/CMSIS/Include -I../Middlewares/ST/ARM/DSP/Inc -O0 -ffunction-sections -fdata-sections -Wall -fstack-usage -fcyclomatic-complexity -MMD -MP -MF"Drivers/STM32L4xx_HAL_Driver/Src/stm32l4xx_hal_gpio.d" -MT"Drivers/STM32L4xx_HAL_Driver/Src/stm32l4xx_hal_gpio.o" --specs=nano.specs -mfpu=fpv4-sp-d16 -mfloat-abi=hard -mthumb -o "Drivers/STM32L4xx_HAL_Driver/Src/stm32l4xx_hal_gpio.o"
arm-none-eabi-gcc "../Drivers/STM32L4xx_HAL_Driver/Src/stm32l4xx_hal_pwr.c" -mcpu=cortex-m4 -std=gnu11 -g -DDEBUG -DUSE_HAL_DRIVER -DSTM32L476xx -DARM_MATH_CM4 -c -I../Core/Inc -I../Drivers/STM32L4xx_HAL_Driver/Inc -I../Drivers/STM32L4xx_HAL_Driver/Inc/Legacy -I../Drivers/CMSIS/Device/ST/STM32L4xx/Include -I../Drivers/CMSIS/Include -I../Middlewares/ST/ARM/DSP/Inc -O0 -ffunction-sections -fdata-sections -Wall -fstack-usage -fcyclomatic-complexity -MMD -MP -MF"Drivers/STM32L4xx_HAL_Driver/Src/stm32l4xx_hal_pwr.d" -MT"Drivers/STM32L4xx_HAL_Driver/Src/stm32l4xx_hal_pwr.o" --specs=nano.specs -mfpu=fpv4-sp-d16 -mfloat-abi=hard -mthumb -o "Drivers/STM32L4xx_HAL_Driver/Src/stm32l4xx_hal_pwr.o"
arm-none-eabi-gcc "../Drivers/STM32L4xx_HAL_Driver/Src/stm32l4xx_hal_pwr_ex.c" -mcpu=cortex-m4 -std=gnu11 -g -DDEBUG -DUSE_HAL_DRIVER -DSTM32L476xx -DARM_MATH_CM4 -c -I../Core/Inc -I../Drivers/STM32L4xx_HAL_Driver/Inc -I../Drivers/STM32L4xx_HAL_Driver/Inc/Legacy -I../Drivers/CMSIS/Device/ST/STM32L4xx/Include -I../Drivers/CMSIS/Include -I../Middlewares/ST/ARM/DSP/Inc -O0 -ffunction-sections -fdata-sections -Wall -fstack-usage -fcyclomatic-complexity -MMD -MP -MF"Drivers/STM32L4xx_HAL_Driver/Src/stm32l4xx_hal_pwr_ex.d" -MT"Drivers/STM32L4xx_HAL_Driver/Src/stm32l4xx_hal_pwr_ex.o" --specs=nano.specs -mfpu=fpv4-sp-d16 -mfloat-abi=hard -mthumb -o "Drivers/STM32L4xx_HAL_Driver/Src/stm32l4xx_hal_pwr_ex.o"
arm-none-eabi-gcc "../Drivers/STM32L4xx_HAL_Driver/Src/stm32l4xx_hal_rcc.c" -mcpu=cortex-m4 -std=gnu11 -g -DDEBUG -DUSE_HAL_DRIVER -DSTM32L476xx -DARM_MATH_CM4 -c -I../Core/Inc -I../Drivers/STM32L4xx_HAL_Driver/Inc -I../Drivers/STM32L4xx_HAL_Driver/Inc/Legacy -I../Drivers/CMSIS/Device/ST/STM32L4xx/Include -I../Drivers/CMSIS/Include -I../Middlewares/ST/ARM/DSP/Inc -O0 -ffunction-sections -fdata-sections -Wall -fstack-usage -fcyclomatic-complexity -MMD -MP -MF"Drivers/STM32L4xx_HAL_Driver/Src/stm32l4xx_hal_rcc.d" -MT"Drivers/STM32L4xx_HAL_Driver/Src/stm32l4xx_hal_rcc.o" --specs=nano.specs -mfpu=fpv4-sp-d16 -mfloat-abi=hard -mthumb -o "Drivers/STM32L4xx_HAL_Driver/Src/stm32l4xx_hal_rcc.o"
arm-none-eabi-gcc "../Drivers/STM32L4xx_HAL_Driver/Src/stm32l4xx_hal_rcc_ex.c" -mcpu=cortex-m4 -std=gnu11 -g -DDEBUG -DUSE_HAL_DRIVER -DSTM32L476xx -DARM_MATH_CM4 -c -I../Core/Inc -I../Drivers/STM32L4xx_HAL_Driver/Inc -I../Drivers/STM32L4xx_HAL_Driver/Inc/Legacy -I../Drivers/CMSIS/Device/ST/STM32L4xx/Include -I../Drivers/CMSIS/Include -I../Middlewares/ST/ARM/DSP/Inc -O0 -ffunction-sections -fdata-sections -Wall -fstack-usage -fcyclomatic-complexity -MMD -MP -MF"Drivers/STM32L4xx_HAL_Driver/Src/stm32l4xx_hal_rcc_ex.d" -MT"Drivers/STM32L4xx_HAL_Driver/Src/stm32l4xx_hal_rcc_ex.o" --specs=nano.specs -mfpu=fpv4-sp-d16 -mfloat-abi=hard -mthumb -o "Drivers/STM32L4xx_HAL_Driver/Src/stm32l4xx_hal_rcc_ex.o"
arm-none-eabi-gcc "../Drivers/STM32L4xx_HAL_Driver/Src/stm32l4xx_hal_tim.c" -mcpu=cortex-m4 -std=gnu11 -g -DDEBUG -DUSE_HAL_DRIVER -DSTM32L476xx -DARM_MATH_CM4 -c -I../Core/Inc -I../Drivers/STM32L4xx_HAL_Driver/Inc -I../Drivers/STM32L4xx_HAL_Driver/Inc/Legacy -I../Drivers/CMSIS/Device/ST/STM32L4xx/Include -I../Drivers/CMSIS/Include -I../Middlewares/ST/ARM/DSP/Inc -O0 -ffunction-sections -fdata-sections -Wall -fstack-usage -fcyclomatic-complexity -MMD -MP -MF"Drivers/STM32L4xx_HAL_Driver/Src/stm32l4xx_hal_tim.d" -MT"Drivers/STM32L4xx_HAL_Driver/Src/stm32l4xx_hal_tim.o" --specs=nano.specs -mfpu=fpv4-sp-d16 -mfloat-abi=hard -mthumb -o "Drivers/STM32L4xx_HAL_Driver/Src/stm32l4xx_hal_tim.o"
arm-none-eabi-gcc "../Drivers/STM32L4xx_HAL_Driver/Src/stm32l4xx_hal_tim_ex.c" -mcpu=cortex-m4 -std=gnu11 -g -DDEBUG -DUSE_HAL_DRIVER -DSTM32L476xx -DARM_MATH_CM4 -c -I../Core/Inc -I../Drivers/STM32L4xx_HAL_Driver/Inc -I../Drivers/STM32L4xx_HAL_Driver/Inc/Legacy -I../Drivers/CMSIS/Device/ST/STM32L4xx/Include -I../Drivers/CMSIS/Include -I../Middlewares/ST/ARM/DSP/Inc -O0 -ffunction-sections -fdata-sections -Wall -fstack-usage -fcyclomatic-complexity -MMD -MP -MF"Drivers/STM32L4xx_HAL_Driver/Src/stm32l4xx_hal_tim_ex.d" -MT"Drivers/STM32L4xx_HAL_Driver/Src/stm32l4xx_hal_tim_ex.o" --specs=nano.specs -mfpu=fpv4-sp-d16 -mfloat-abi=hard -mthumb -o "Drivers/STM32L4xx_HAL_Driver/Src/stm32l4xx_hal_tim_ex.o"
arm-none-eabi-gcc "../Drivers/STM32L4xx_HAL_Driver/Src/stm32l4xx_hal_uart.c" -mcpu=cortex-m4 -std=gnu11 -g -DDEBUG -DUSE_HAL_DRIVER -DSTM32L476xx -DARM_MATH_CM4 -c -I../Core/Inc -I../Drivers/STM32L4xx_HAL_Driver/Inc -I../Drivers/STM32L4xx_HAL_Driver/Inc/Legacy -I../Drivers/CMSIS/Device/ST/STM32L4xx/Include -I../Drivers/CMSIS/Include -I../Middlewares/ST/ARM/DSP/Inc -O0 -ffunction-sections -fdata-sections -Wall -fstack-usage -fcyclomatic-complexity -MMD -MP -MF"Drivers/STM32L4xx_HAL_Driver/Src/stm32l4xx_hal_uart.d" -MT"Drivers/STM32L4xx_HAL_Driver/Src/stm32l4xx_hal_uart.o" --specs=nano.specs -mfpu=fpv4-sp-d16 -mfloat-abi=hard -mthumb -o "Drivers/STM32L4xx_HAL_Driver/Src/stm32l4xx_hal_uart.o"
arm-none-eabi-gcc "../Drivers/STM32L4xx_HAL_Driver/Src/stm32l4xx_hal_uart_ex.c" -mcpu=cortex-m4 -std=gnu11 -g -DDEBUG -DUSE_HAL_DRIVER -DSTM32L476xx -DARM_MATH_CM4 -c -I../Core/Inc -I../Drivers/STM32L4xx_HAL_Driver/Inc -I../Drivers/STM32L4xx_HAL_Driver/Inc/Legacy -I../Drivers/CMSIS/Device/ST/STM32L4xx/Include -I../Drivers/CMSIS/Include -I../Middlewares/ST/ARM/DSP/Inc -O0 -ffunction-sections -fdata-sections -Wall -fstack-usage -fcyclomatic-complexity -MMD -MP -MF"Drivers/STM32L4xx_HAL_Driver/Src/stm32l4xx_hal_uart_ex.d" -MT"Drivers/STM32L4xx_HAL_Driver/Src/stm32l4xx_hal_uart_ex.o" --specs=nano.specs -mfpu=fpv4-sp-d16 -mfloat-abi=hard -mthumb -o "Drivers/STM32L4xx_HAL_Driver/Src/stm32l4xx_hal_uart_ex.o"
arm-none-eabi-gcc -mcpu=cortex-m4 -g -DDEBUG -c -x assembler-with-cpp -MMD -MP -MF"Core/Startup/startup_stm32l476rgtx.d" -MT"Core/Startup/startup_stm32l476rgtx.o" --specs=nano.specs -mfpu=fpv4-sp-d16 -mfloat-abi=hard -mthumb -o "Core/Startup/startup_stm32l476rgtx.o" "../Core/Startup/startup_stm32l476rgtx.s"
arm-none-eabi-gcc "../Core/Src/main.c" -mcpu=cortex-m4 -std=gnu11 -g -DDEBUG -DUSE_HAL_DRIVER -DSTM32L476xx -DARM_MATH_CM4 -c -I../Core/Inc -I../Drivers/STM32L4xx_HAL_Driver/Inc -I../Drivers/STM32L4xx_HAL_Driver/Inc/Legacy -I../Drivers/CMSIS/Device/ST/STM32L4xx/Include -I../Drivers/CMSIS/Include -I../Middlewares/ST/ARM/DSP/Inc -O0 -ffunction-sections -fdata-sections -Wall -fstack-usage -fcyclomatic-complexity -MMD -MP -MF"Core/Src/main.d" -MT"Core/Src/main.o" --specs=nano.specs -mfpu=fpv4-sp-d16 -mfloat-abi=hard -mthumb -o "Core/Src/main.o"
arm-none-eabi-gcc "../Core/Src/stm32l4xx_hal_msp.c" -mcpu=cortex-m4 -std=gnu11 -g -DDEBUG -DUSE_HAL_DRIVER -DSTM32L476xx -DARM_MATH_CM4 -c -I../Core/Inc -I../Drivers/STM32L4xx_HAL_Driver/Inc -I../Drivers/STM32L4xx_HAL_Driver/Inc/Legacy -I../Drivers/CMSIS/Device/ST/STM32L4xx/Include -I../Drivers/CMSIS/Include -I../Middlewares/ST/ARM/DSP/Inc -O0 -ffunction-sections -fdata-sections -Wall -fstack-usage -fcyclomatic-complexity -MMD -MP -MF"Core/Src/stm32l4xx_hal_msp.d" -MT"Core/Src/stm32l4xx_hal_msp.o" --specs=nano.specs -mfpu=fpv4-sp-d16 -mfloat-abi=hard -mthumb -o "Core/Src/stm32l4xx_hal_msp.o"
arm-none-eabi-gcc "../Core/Src/stm32l4xx_it.c" -mcpu=cortex-m4 -std=gnu11 -g -DDEBUG -DUSE_HAL_DRIVER -DSTM32L476xx -DARM_MATH_CM4 -c -I../Core/Inc -I../Drivers/STM32L4xx_HAL_Driver/Inc -I../Drivers/STM32L4xx_HAL_Driver/Inc/Legacy -I../Drivers/CMSIS/Device/ST/STM32L4xx/Include -I../Drivers/CMSIS/Include -I../Middlewares/ST/ARM/DSP/Inc -O0 -ffunction-sections -fdata-sections -Wall -fstack-usage -fcyclomatic-complexity -MMD -MP -MF"Core/Src/stm32l4xx_it.d" -MT"Core/Src/stm32l4xx_it.o" --specs=nano.specs -mfpu=fpv4-sp-d16 -mfloat-abi=hard -mthumb -o "Core/Src/stm32l4xx_it.o"
arm-none-eabi-gcc "../Core/Src/syscalls.c" -mcpu=cortex-m4 -std=gnu11 -g -DDEBUG -DUSE_HAL_DRIVER -DSTM32L476xx -DARM_MATH_CM4 -c -I../Core/Inc -I../Drivers/STM32L4xx_HAL_Driver/Inc -I../Drivers/STM32L4xx_HAL_Driver/Inc/Legacy -I../Drivers/CMSIS/Device/ST/STM32L4xx/Include -I../Drivers/CMSIS/Include -I../Middlewares/ST/ARM/DSP/Inc -O0 -ffunction-sections -fdata-sections -Wall -fstack-usage -fcyclomatic-complexity -MMD -MP -MF"Core/Src/syscalls.d" -MT"Core/Src/syscalls.o" --specs=nano.specs -mfpu=fpv4-sp-d16 -mfloat-abi=hard -mthumb -o "Core/Src/syscalls.o"
../Core/Src/main.c: In function 'main':
../Core/Src/main.c:138:19: warning: pointer targets in passing argument 1 of 'sprintf' differ in signedness [-Wpointer-sign]
  138 |           sprintf(MSG, "frequency %f: %f\n", ((float32_t)(i*SAMPLING_RATE)/FFT_LENGTH), output_fft_mag[i]);
      |                   ^~~
      |                   |
      |                   uint8_t * {aka unsigned char *}
arm-none-eabi-gcc "../Core/Src/sysmem.c" -mcpu=cortex-m4 -std=gnu11 -g -DDEBUG -DUSE_HAL_DRIVER -DSTM32L476xx -DARM_MATH_CM4 -c -I../Core/Inc -I../Drivers/STM32L4xx_HAL_Driver/Inc -I../Drivers/STM32L4xx_HAL_Driver/Inc/Legacy -I../Drivers/CMSIS/Device/ST/STM32L4xx/Include -I../Drivers/CMSIS/Include -I../Middlewares/ST/ARM/DSP/Inc -O0 -ffunction-sections -fdata-sections -Wall -fstack-usage -fcyclomatic-complexity -MMD -MP -MF"Core/Src/sysmem.d" -MT"Core/Src/sysmem.o" --specs=nano.specs -mfpu=fpv4-sp-d16 -mfloat-abi=hard -mthumb -o "Core/Src/sysmem.o"
In file included from ../Core/Src/main.c:25:
/opt/st/stm32cubeide_1.13.2/plugins/com.st.stm32cube.ide.mcu.externaltools.gnu-tools-for-stm32.11.3.rel1.linux64_1.1.1.202309131626/tools/arm-none-eabi/include/stdio.h:254:18: note: expected 'char * restrict' but argument is of type 'uint8_t *' {aka 'unsigned char *'}
arm-none-eabi-gcc "../Core/Src/system_stm32l4xx.c" -mcpu=cortex-m4 -std=gnu11 -g -DDEBUG -DUSE_HAL_DRIVER -DSTM32L476xx -DARM_MATH_CM4 -c -I../Core/Inc -I../Drivers/STM32L4xx_HAL_Driver/Inc -I../Drivers/STM32L4xx_HAL_Driver/Inc/Legacy -I../Drivers/CMSIS/Device/ST/STM32L4xx/Include -I../Drivers/CMSIS/Include -I../Middlewares/ST/ARM/DSP/Inc -O0 -ffunction-sections -fdata-sections -Wall -fstack-usage -fcyclomatic-complexity -MMD -MP -MF"Core/Src/system_stm32l4xx.d" -MT"Core/Src/system_stm32l4xx.o" --specs=nano.specs -mfpu=fpv4-sp-d16 -mfloat-abi=hard -mthumb -o "Core/Src/system_stm32l4xx.o"
  254 | int     sprintf (char *__restrict, const char *__restrict, ...)
      |                  ^
../Core/Src/main.c:143:58: warning: passing argument 4 of 'arm_max_f32' from incompatible pointer type [-Wincompatible-pointer-types]
  143 |         arm_max_f32(output_fft_mag, FFT_LENGTH, &maxFFT, &maxFFTIndex);
      |                                                          ^~~~~~~~~~~~
      |                                                          |
      |                                                          int *
In file included from ../Core/Src/main.c:24:
../Middlewares/ST/ARM/DSP/Inc/arm_math.h:6522:14: note: expected 'uint32_t *' {aka 'long unsigned int *'} but argument is of type 'int *'
 6522 |   uint32_t * pIndex);
      |   ~~~~~~~~~~~^~~~~~
../Core/Src/main.c:144:11: warning: pointer targets in passing argument 1 of 'sprintf' differ in signedness [-Wpointer-sign]
  144 |   sprintf(MSG, "Max FFT Amplitude: %f at frequency: %f\n", maxFFT, ((float32_t)(maxFFTIndex*SAMPLING_RATE)/FFT_LENGTH));
      |           ^~~
      |           |
      |           uint8_t * {aka unsigned char *}
In file included from ../Core/Src/main.c:25:
/opt/st/stm32cubeide_1.13.2/plugins/com.st.stm32cube.ide.mcu.externaltools.gnu-tools-for-stm32.11.3.rel1.linux64_1.1.1.202309131626/tools/arm-none-eabi/include/stdio.h:254:18: note: expected 'char * restrict' but argument is of type 'uint8_t *' {aka 'unsigned char *'}
  254 | int     sprintf (char *__restrict, const char *__restrict, ...)
      |                  ^
../Core/Src/main.c:144:55: warning: '
   ' directive writing 1 byte into a region of size between 0 and 10 [-Wformat-overflow=]
  144 |   sprintf(MSG, "Max FFT Amplitude: %f at frequency: %f\n", maxFFT, ((float32_t)(maxFFTIndex*SAMPLING_RATE)/FFT_LENGTH));
      |                                                       ^~
../Core/Src/main.c:144:3: note: 'sprintf' output between 42 and 670 bytes into a destination of size 50
  144 |   sprintf(MSG, "Max FFT Amplitude: %f at frequency: %f\n", maxFFT, ((float32_t)(maxFFTIndex*SAMPLING_RATE)/FFT_LENGTH));
      |   ^~~~~~~~~~~~~~~~~~~~~~~~~~~~~~~~~~~~~~~~~~~~~~~~~~~~~~~~~~~~~~~~~~~~~~~~~~~~~~~~~~~~~~~~~~~~~~~~~~~~~~~~~~~~~~~~~~~~~
arm-none-eabi-gcc -o "try2.elf" @"objects.list"  -l:libarm_cortexM4lf_math.a -mcpu=cortex-m4 -T"/home/joel/STM32CubeIDE/workspace/try2/STM32L476RGTX_FLASH.ld" --specs=nosys.specs -Wl,-Map="try2.map" -Wl,--gc-sections -static -L../Middlewares/ST/ARM/DSP/Lib -u _printf_float --specs=nano.specs -mfpu=fpv4-sp-d16 -mfloat-abi=hard -mthumb -Wl,--start-group -lc -lm -Wl,--end-group
Finished building target: try2.elf
 
arm-none-eabi-size   try2.elf 
arm-none-eabi-objdump -h -S  try2.elf  > "try2.list"
   text	   data	    bss	    dec	    hex	filename
 124848	    480	   4808	 130136	  1fc58	try2.elf
Finished building: default.size.stdout
 
Finished building: try2.list
 
14:46:08 **** Incremental Build of configuration Debug for project try2 ****
make -j8 all 
arm-none-eabi-size   try2.elf 
   text	   data	    bss	    dec	    hex	filename
 124848	    480	   4808	 130136	  1fc58	try2.elf
Finished building: default.size.stdout
 
14:47:15 **** Incremental Build of configuration Debug for project try2 ****
make -j8 all 
arm-none-eabi-gcc "../Core/Src/main.c" -mcpu=cortex-m4 -std=gnu11 -g -DDEBUG -DUSE_HAL_DRIVER -DSTM32L476xx -DARM_MATH_CM4 -c -I../Core/Inc -I../Drivers/STM32L4xx_HAL_Driver/Inc -I../Drivers/STM32L4xx_HAL_Driver/Inc/Legacy -I../Drivers/CMSIS/Device/ST/STM32L4xx/Include -I../Drivers/CMSIS/Include -I../Middlewares/ST/ARM/DSP/Inc -O0 -ffunction-sections -fdata-sections -Wall -fstack-usage -fcyclomatic-complexity -MMD -MP -MF"Core/Src/main.d" -MT"Core/Src/main.o" --specs=nano.specs -mfpu=fpv4-sp-d16 -mfloat-abi=hard -mthumb -o "Core/Src/main.o"
../Core/Src/main.c: In function 'main':
../Core/Src/main.c:138:19: warning: pointer targets in passing argument 1 of 'sprintf' differ in signedness [-Wpointer-sign]
  138 |           sprintf(MSG, "frequency %f: %f\n", ((float32_t)(i*SAMPLING_RATE)/FFT_LENGTH), output_fft_mag[i]);
      |                   ^~~
      |                   |
      |                   uint8_t * {aka unsigned char *}
In file included from ../Core/Src/main.c:25:
/opt/st/stm32cubeide_1.13.2/plugins/com.st.stm32cube.ide.mcu.externaltools.gnu-tools-for-stm32.11.3.rel1.linux64_1.1.1.202309131626/tools/arm-none-eabi/include/stdio.h:254:18: note: expected 'char * restrict' but argument is of type 'uint8_t *' {aka 'unsigned char *'}
  254 | int     sprintf (char *__restrict, const char *__restrict, ...)
      |                  ^
../Core/Src/main.c:143:58: warning: passing argument 4 of 'arm_max_f32' from incompatible pointer type [-Wincompatible-pointer-types]
  143 |         arm_max_f32(output_fft_mag, FFT_LENGTH, &maxFFT, &maxFFTIndex);
      |                                                          ^~~~~~~~~~~~
      |                                                          |
      |                                                          int *
In file included from ../Core/Src/main.c:24:
../Middlewares/ST/ARM/DSP/Inc/arm_math.h:6522:14: note: expected 'uint32_t *' {aka 'long unsigned int *'} but argument is of type 'int *'
 6522 |   uint32_t * pIndex);
      |   ~~~~~~~~~~~^~~~~~
../Core/Src/main.c:144:11: warning: pointer targets in passing argument 1 of 'sprintf' differ in signedness [-Wpointer-sign]
  144 |   sprintf(MSG, "Max FFT Amplitude: %f at frequency: %f\n", maxFFT, ((float32_t)(maxFFTIndex*SAMPLING_RATE)/FFT_LENGTH));
      |           ^~~
      |           |
      |           uint8_t * {aka unsigned char *}
In file included from ../Core/Src/main.c:25:
/opt/st/stm32cubeide_1.13.2/plugins/com.st.stm32cube.ide.mcu.externaltools.gnu-tools-for-stm32.11.3.rel1.linux64_1.1.1.202309131626/tools/arm-none-eabi/include/stdio.h:254:18: note: expected 'char * restrict' but argument is of type 'uint8_t *' {aka 'unsigned char *'}
  254 | int     sprintf (char *__restrict, const char *__restrict, ...)
      |                  ^
../Core/Src/main.c:144:55: warning: '
   ' directive writing 1 byte into a region of size between 0 and 10 [-Wformat-overflow=]
  144 |   sprintf(MSG, "Max FFT Amplitude: %f at frequency: %f\n", maxFFT, ((float32_t)(maxFFTIndex*SAMPLING_RATE)/FFT_LENGTH));
      |                                                       ^~
../Core/Src/main.c:144:3: note: 'sprintf' output between 42 and 670 bytes into a destination of size 50
  144 |   sprintf(MSG, "Max FFT Amplitude: %f at frequency: %f\n", maxFFT, ((float32_t)(maxFFTIndex*SAMPLING_RATE)/FFT_LENGTH));
      |   ^~~~~~~~~~~~~~~~~~~~~~~~~~~~~~~~~~~~~~~~~~~~~~~~~~~~~~~~~~~~~~~~~~~~~~~~~~~~~~~~~~~~~~~~~~~~~~~~~~~~~~~~~~~~~~~~~~~~~
arm-none-eabi-gcc -o "try2.elf" @"objects.list"  -l:libarm_cortexM4lf_math.a -mcpu=cortex-m4 -T"/home/joel/STM32CubeIDE/workspace/try2/STM32L476RGTX_FLASH.ld" --specs=nosys.specs -Wl,-Map="try2.map" -Wl,--gc-sections -static -L../Middlewares/ST/ARM/DSP/Lib -u _printf_float --specs=nano.specs -mfpu=fpv4-sp-d16 -mfloat-abi=hard -mthumb -Wl,--start-group -lc -lm -Wl,--end-group
Finished building target: try2.elf
 
arm-none-eabi-size   try2.elf 
arm-none-eabi-objdump -h -S  try2.elf  > "try2.list"
   text	   data	    bss	    dec	    hex	filename
 124848	    480	   4808	 130136	  1fc58	try2.elf
Finished building: default.size.stdout
 
Finished building: try2.list
 
14:56:01 **** Incremental Build of configuration Debug for project try2 ****
make -j8 all 
arm-none-eabi-gcc "../Core/Src/main.c" -mcpu=cortex-m4 -std=gnu11 -g -DDEBUG -DUSE_HAL_DRIVER -DSTM32L476xx -DARM_MATH_CM4 -c -I../Core/Inc -I../Drivers/STM32L4xx_HAL_Driver/Inc -I../Drivers/STM32L4xx_HAL_Driver/Inc/Legacy -I../Drivers/CMSIS/Device/ST/STM32L4xx/Include -I../Drivers/CMSIS/Include -I../Middlewares/ST/ARM/DSP/Inc -O0 -ffunction-sections -fdata-sections -Wall -fstack-usage -fcyclomatic-complexity -MMD -MP -MF"Core/Src/main.d" -MT"Core/Src/main.o" --specs=nano.specs -mfpu=fpv4-sp-d16 -mfloat-abi=hard -mthumb -o "Core/Src/main.o"
../Core/Src/main.c: In function 'main':
../Core/Src/main.c:137:34: warning: format '%f' expects argument of type 'double', but argument 3 has type 'float *' [-Wformat=]
  137 |           printf("frequency %f: %f \n", ((float32_t)(i*SAMPLING_RATE)/FFT_LENGTH), output_fft_mag);
      |                                 ~^                                                 ~~~~~~~~~~~~~~
      |                                  |                                                 |
      |                                  double                                            float *
../Core/Src/main.c:138:19: warning: pointer targets in passing argument 1 of 'sprintf' differ in signedness [-Wpointer-sign]
  138 |           sprintf(MSG, "frequency %f: %f\n", ((float32_t)(i*SAMPLING_RATE)/FFT_LENGTH), output_fft_mag[i]);
      |                   ^~~
      |                   |
      |                   uint8_t * {aka unsigned char *}
In file included from ../Core/Src/main.c:25:
/opt/st/stm32cubeide_1.13.2/plugins/com.st.stm32cube.ide.mcu.externaltools.gnu-tools-for-stm32.11.3.rel1.linux64_1.1.1.202309131626/tools/arm-none-eabi/include/stdio.h:254:18: note: expected 'char * restrict' but argument is of type 'uint8_t *' {aka 'unsigned char *'}
  254 | int     sprintf (char *__restrict, const char *__restrict, ...)
      |                  ^
../Core/Src/main.c:143:58: warning: passing argument 4 of 'arm_max_f32' from incompatible pointer type [-Wincompatible-pointer-types]
  143 |         arm_max_f32(output_fft_mag, FFT_LENGTH, &maxFFT, &maxFFTIndex);
      |                                                          ^~~~~~~~~~~~
      |                                                          |
      |                                                          int *
In file included from ../Core/Src/main.c:24:
../Middlewares/ST/ARM/DSP/Inc/arm_math.h:6522:14: note: expected 'uint32_t *' {aka 'long unsigned int *'} but argument is of type 'int *'
 6522 |   uint32_t * pIndex);
      |   ~~~~~~~~~~~^~~~~~
../Core/Src/main.c:144:11: warning: pointer targets in passing argument 1 of 'sprintf' differ in signedness [-Wpointer-sign]
  144 |   sprintf(MSG, "Max FFT Amplitude: %f at frequency: %f\n", maxFFT, ((float32_t)(maxFFTIndex*SAMPLING_RATE)/FFT_LENGTH));
      |           ^~~
      |           |
      |           uint8_t * {aka unsigned char *}
In file included from ../Core/Src/main.c:25:
/opt/st/stm32cubeide_1.13.2/plugins/com.st.stm32cube.ide.mcu.externaltools.gnu-tools-for-stm32.11.3.rel1.linux64_1.1.1.202309131626/tools/arm-none-eabi/include/stdio.h:254:18: note: expected 'char * restrict' but argument is of type 'uint8_t *' {aka 'unsigned char *'}
  254 | int     sprintf (char *__restrict, const char *__restrict, ...)
      |                  ^
../Core/Src/main.c:144:55: warning: '
   ' directive writing 1 byte into a region of size between 0 and 10 [-Wformat-overflow=]
  144 |   sprintf(MSG, "Max FFT Amplitude: %f at frequency: %f\n", maxFFT, ((float32_t)(maxFFTIndex*SAMPLING_RATE)/FFT_LENGTH));
      |                                                       ^~
../Core/Src/main.c:144:3: note: 'sprintf' output between 42 and 670 bytes into a destination of size 50
  144 |   sprintf(MSG, "Max FFT Amplitude: %f at frequency: %f\n", maxFFT, ((float32_t)(maxFFTIndex*SAMPLING_RATE)/FFT_LENGTH));
      |   ^~~~~~~~~~~~~~~~~~~~~~~~~~~~~~~~~~~~~~~~~~~~~~~~~~~~~~~~~~~~~~~~~~~~~~~~~~~~~~~~~~~~~~~~~~~~~~~~~~~~~~~~~~~~~~~~~~~~~
arm-none-eabi-gcc -o "try2.elf" @"objects.list"  -l:libarm_cortexM4lf_math.a -mcpu=cortex-m4 -T"/home/joel/STM32CubeIDE/workspace/try2/STM32L476RGTX_FLASH.ld" --specs=nosys.specs -Wl,-Map="try2.map" -Wl,--gc-sections -static -L../Middlewares/ST/ARM/DSP/Lib -u _printf_float --specs=nano.specs -mfpu=fpv4-sp-d16 -mfloat-abi=hard -mthumb -Wl,--start-group -lc -lm -Wl,--end-group
Finished building target: try2.elf
 
arm-none-eabi-size   try2.elf 
arm-none-eabi-objdump -h -S  try2.elf  > "try2.list"
   text	   data	    bss	    dec	    hex	filename
 124956	    480	   4808	 130244	  1fcc4	try2.elf
Finished building: default.size.stdout
 
Finished building: try2.list
 
14:56:58 **** Incremental Build of configuration Debug for project try2 ****
make -j8 all 
arm-none-eabi-gcc "../Core/Src/main.c" -mcpu=cortex-m4 -std=gnu11 -g -DDEBUG -DUSE_HAL_DRIVER -DSTM32L476xx -DARM_MATH_CM4 -c -I../Core/Inc -I../Drivers/STM32L4xx_HAL_Driver/Inc -I../Drivers/STM32L4xx_HAL_Driver/Inc/Legacy -I../Drivers/CMSIS/Device/ST/STM32L4xx/Include -I../Drivers/CMSIS/Include -I../Middlewares/ST/ARM/DSP/Inc -O0 -ffunction-sections -fdata-sections -Wall -fstack-usage -fcyclomatic-complexity -MMD -MP -MF"Core/Src/main.d" -MT"Core/Src/main.o" --specs=nano.specs -mfpu=fpv4-sp-d16 -mfloat-abi=hard -mthumb -o "Core/Src/main.o"
../Core/Src/main.c: In function 'main':
../Core/Src/main.c:137:34: warning: format '%f' expects argument of type 'double', but argument 3 has type 'float *' [-Wformat=]
  137 |           printf("frequency %f: %f \n", ((float32_t)(i*SAMPLING_RATE)/FFT_LENGTH), output_fft_mag);
      |                                 ~^                                                 ~~~~~~~~~~~~~~
      |                                  |                                                 |
      |                                  double                                            float *
../Core/Src/main.c:138:19: warning: pointer targets in passing argument 1 of 'sprintf' differ in signedness [-Wpointer-sign]
  138 |           sprintf(MSG, "frequency %f: %f\n", ((float32_t)(i*SAMPLING_RATE)/FFT_LENGTH), output_fft_mag[i]);
      |                   ^~~
      |                   |
      |                   uint8_t * {aka unsigned char *}
In file included from ../Core/Src/main.c:25:
/opt/st/stm32cubeide_1.13.2/plugins/com.st.stm32cube.ide.mcu.externaltools.gnu-tools-for-stm32.11.3.rel1.linux64_1.1.1.202309131626/tools/arm-none-eabi/include/stdio.h:254:18: note: expected 'char * restrict' but argument is of type 'uint8_t *' {aka 'unsigned char *'}
  254 | int     sprintf (char *__restrict, const char *__restrict, ...)
      |                  ^
../Core/Src/main.c:143:58: warning: passing argument 4 of 'arm_max_f32' from incompatible pointer type [-Wincompatible-pointer-types]
  143 |         arm_max_f32(output_fft_mag, FFT_LENGTH, &maxFFT, &maxFFTIndex);
      |                                                          ^~~~~~~~~~~~
      |                                                          |
      |                                                          int *
In file included from ../Core/Src/main.c:24:
../Middlewares/ST/ARM/DSP/Inc/arm_math.h:6522:14: note: expected 'uint32_t *' {aka 'long unsigned int *'} but argument is of type 'int *'
 6522 |   uint32_t * pIndex);
      |   ~~~~~~~~~~~^~~~~~
../Core/Src/main.c:144:11: warning: pointer targets in passing argument 1 of 'sprintf' differ in signedness [-Wpointer-sign]
  144 |   sprintf(MSG, "Max FFT Amplitude: %f at frequency: %f\n", maxFFT, ((float32_t)(maxFFTIndex*SAMPLING_RATE)/FFT_LENGTH));
      |           ^~~
      |           |
      |           uint8_t * {aka unsigned char *}
In file included from ../Core/Src/main.c:25:
/opt/st/stm32cubeide_1.13.2/plugins/com.st.stm32cube.ide.mcu.externaltools.gnu-tools-for-stm32.11.3.rel1.linux64_1.1.1.202309131626/tools/arm-none-eabi/include/stdio.h:254:18: note: expected 'char * restrict' but argument is of type 'uint8_t *' {aka 'unsigned char *'}
  254 | int     sprintf (char *__restrict, const char *__restrict, ...)
      |                  ^
../Core/Src/main.c:144:55: warning: '
   ' directive writing 1 byte into a region of size between 0 and 10 [-Wformat-overflow=]
  144 |   sprintf(MSG, "Max FFT Amplitude: %f at frequency: %f\n", maxFFT, ((float32_t)(maxFFTIndex*SAMPLING_RATE)/FFT_LENGTH));
      |                                                       ^~
../Core/Src/main.c:144:3: note: 'sprintf' output between 42 and 670 bytes into a destination of size 50
  144 |   sprintf(MSG, "Max FFT Amplitude: %f at frequency: %f\n", maxFFT, ((float32_t)(maxFFTIndex*SAMPLING_RATE)/FFT_LENGTH));
      |   ^~~~~~~~~~~~~~~~~~~~~~~~~~~~~~~~~~~~~~~~~~~~~~~~~~~~~~~~~~~~~~~~~~~~~~~~~~~~~~~~~~~~~~~~~~~~~~~~~~~~~~~~~~~~~~~~~~~~~
arm-none-eabi-gcc -o "try2.elf" @"objects.list"  -l:libarm_cortexM4lf_math.a -mcpu=cortex-m4 -T"/home/joel/STM32CubeIDE/workspace/try2/STM32L476RGTX_FLASH.ld" --specs=nosys.specs -Wl,-Map="try2.map" -Wl,--gc-sections -static -L../Middlewares/ST/ARM/DSP/Lib -u _printf_float --specs=nano.specs -mfpu=fpv4-sp-d16 -mfloat-abi=hard -mthumb -Wl,--start-group -lc -lm -Wl,--end-group
Finished building target: try2.elf
 
arm-none-eabi-size   try2.elf 
arm-none-eabi-objdump -h -S  try2.elf  > "try2.list"
   text	   data	    bss	    dec	    hex	filename
 124956	    480	   4808	 130244	  1fcc4	try2.elf
Finished building: default.size.stdout
 
Finished building: try2.list
 
14:57:45 **** Incremental Build of configuration Debug for project try2 ****
make -j8 all 
arm-none-eabi-gcc "../Core/Src/main.c" -mcpu=cortex-m4 -std=gnu11 -g -DDEBUG -DUSE_HAL_DRIVER -DSTM32L476xx -DARM_MATH_CM4 -c -I../Core/Inc -I../Drivers/STM32L4xx_HAL_Driver/Inc -I../Drivers/STM32L4xx_HAL_Driver/Inc/Legacy -I../Drivers/CMSIS/Device/ST/STM32L4xx/Include -I../Drivers/CMSIS/Include -I../Middlewares/ST/ARM/DSP/Inc -O0 -ffunction-sections -fdata-sections -Wall -fstack-usage -fcyclomatic-complexity -MMD -MP -MF"Core/Src/main.d" -MT"Core/Src/main.o" --specs=nano.specs -mfpu=fpv4-sp-d16 -mfloat-abi=hard -mthumb -o "Core/Src/main.o"
../Core/Src/main.c: In function 'main':
../Core/Src/main.c:137:34: warning: format '%f' expects argument of type 'double', but argument 3 has type 'float *' [-Wformat=]
  137 |           printf("frequency %f: %f \n", ((float32_t)(i*SAMPLING_RATE)/FFT_LENGTH), output_fft_mag);
      |                                 ~^                                                 ~~~~~~~~~~~~~~
      |                                  |                                                 |
      |                                  double                                            float *
../Core/Src/main.c:138:19: warning: pointer targets in passing argument 1 of 'sprintf' differ in signedness [-Wpointer-sign]
  138 |           sprintf(MSG, "frequency %f: %f\n", ((float32_t)(i*SAMPLING_RATE)/FFT_LENGTH), output_fft_mag[i]);
      |                   ^~~
      |                   |
      |                   uint8_t * {aka unsigned char *}
In file included from ../Core/Src/main.c:25:
/opt/st/stm32cubeide_1.13.2/plugins/com.st.stm32cube.ide.mcu.externaltools.gnu-tools-for-stm32.11.3.rel1.linux64_1.1.1.202309131626/tools/arm-none-eabi/include/stdio.h:254:18: note: expected 'char * restrict' but argument is of type 'uint8_t *' {aka 'unsigned char *'}
  254 | int     sprintf (char *__restrict, const char *__restrict, ...)
      |                  ^
../Core/Src/main.c:143:58: warning: passing argument 4 of 'arm_max_f32' from incompatible pointer type [-Wincompatible-pointer-types]
  143 |         arm_max_f32(output_fft_mag, FFT_LENGTH, &maxFFT, &maxFFTIndex);
      |                                                          ^~~~~~~~~~~~
      |                                                          |
      |                                                          int *
In file included from ../Core/Src/main.c:24:
../Middlewares/ST/ARM/DSP/Inc/arm_math.h:6522:14: note: expected 'uint32_t *' {aka 'long unsigned int *'} but argument is of type 'int *'
 6522 |   uint32_t * pIndex);
      |   ~~~~~~~~~~~^~~~~~
../Core/Src/main.c:144:11: warning: pointer targets in passing argument 1 of 'sprintf' differ in signedness [-Wpointer-sign]
  144 |   sprintf(MSG, "Max FFT Amplitude: %f at frequency: %f\n", maxFFT, ((float32_t)(maxFFTIndex*SAMPLING_RATE)/FFT_LENGTH));
      |           ^~~
      |           |
      |           uint8_t * {aka unsigned char *}
In file included from ../Core/Src/main.c:25:
/opt/st/stm32cubeide_1.13.2/plugins/com.st.stm32cube.ide.mcu.externaltools.gnu-tools-for-stm32.11.3.rel1.linux64_1.1.1.202309131626/tools/arm-none-eabi/include/stdio.h:254:18: note: expected 'char * restrict' but argument is of type 'uint8_t *' {aka 'unsigned char *'}
  254 | int     sprintf (char *__restrict, const char *__restrict, ...)
      |                  ^
../Core/Src/main.c:144:55: warning: '
   ' directive writing 1 byte into a region of size between 0 and 10 [-Wformat-overflow=]
  144 |   sprintf(MSG, "Max FFT Amplitude: %f at frequency: %f\n", maxFFT, ((float32_t)(maxFFTIndex*SAMPLING_RATE)/FFT_LENGTH));
      |                                                       ^~
../Core/Src/main.c:144:3: note: 'sprintf' output between 42 and 670 bytes into a destination of size 50
  144 |   sprintf(MSG, "Max FFT Amplitude: %f at frequency: %f\n", maxFFT, ((float32_t)(maxFFTIndex*SAMPLING_RATE)/FFT_LENGTH));
      |   ^~~~~~~~~~~~~~~~~~~~~~~~~~~~~~~~~~~~~~~~~~~~~~~~~~~~~~~~~~~~~~~~~~~~~~~~~~~~~~~~~~~~~~~~~~~~~~~~~~~~~~~~~~~~~~~~~~~~~
arm-none-eabi-gcc -o "try2.elf" @"objects.list"  -l:libarm_cortexM4lf_math.a -mcpu=cortex-m4 -T"/home/joel/STM32CubeIDE/workspace/try2/STM32L476RGTX_FLASH.ld" --specs=nosys.specs -Wl,-Map="try2.map" -Wl,--gc-sections -static -L../Middlewares/ST/ARM/DSP/Lib -u _printf_float --specs=nano.specs -mfpu=fpv4-sp-d16 -mfloat-abi=hard -mthumb -Wl,--start-group -lc -lm -Wl,--end-group
Finished building target: try2.elf
 
arm-none-eabi-size   try2.elf 
arm-none-eabi-objdump -h -S  try2.elf  > "try2.list"
   text	   data	    bss	    dec	    hex	filename
 124964	    480	   4808	 130252	  1fccc	try2.elf
Finished building: default.size.stdout
 
Finished building: try2.list
 
14:58:26 **** Incremental Build of configuration Debug for project try2 ****
make -j8 all 
arm-none-eabi-size   try2.elf 
   text	   data	    bss	    dec	    hex	filename
 124964	    480	   4808	 130252	  1fccc	try2.elf
Finished building: default.size.stdout
 
15:01:14 **** Incremental Build of configuration Debug for project try2 ****
make -j8 all 
arm-none-eabi-gcc "../Core/Src/main.c" -mcpu=cortex-m4 -std=gnu11 -g -DDEBUG -DUSE_HAL_DRIVER -DSTM32L476xx -DARM_MATH_CM4 -c -I../Core/Inc -I../Drivers/STM32L4xx_HAL_Driver/Inc -I../Drivers/STM32L4xx_HAL_Driver/Inc/Legacy -I../Drivers/CMSIS/Device/ST/STM32L4xx/Include -I../Drivers/CMSIS/Include -I../Middlewares/ST/ARM/DSP/Inc -O0 -ffunction-sections -fdata-sections -Wall -fstack-usage -fcyclomatic-complexity -MMD -MP -MF"Core/Src/main.d" -MT"Core/Src/main.o" --specs=nano.specs -mfpu=fpv4-sp-d16 -mfloat-abi=hard -mthumb -o "Core/Src/main.o"
../Core/Src/main.c: In function 'main':
../Core/Src/main.c:137:34: warning: format '%f' expects argument of type 'double', but argument 3 has type 'float *' [-Wformat=]
  137 |           printf("frequency %f: %f \n", ((float32_t)(i*SAMPLING_RATE)/FFT_LENGTH), output_fft_mag);
      |                                 ~^                                                 ~~~~~~~~~~~~~~
      |                                  |                                                 |
      |                                  double                                            float *
../Core/Src/main.c:138:19: warning: pointer targets in passing argument 1 of 'sprintf' differ in signedness [-Wpointer-sign]
  138 |           sprintf(MSG, "frequency %f: %f\n", ((float32_t)(i*SAMPLING_RATE)/FFT_LENGTH), output_fft_mag[i]);
      |                   ^~~
      |                   |
      |                   uint8_t * {aka unsigned char *}
In file included from ../Core/Src/main.c:25:
/opt/st/stm32cubeide_1.13.2/plugins/com.st.stm32cube.ide.mcu.externaltools.gnu-tools-for-stm32.11.3.rel1.linux64_1.1.1.202309131626/tools/arm-none-eabi/include/stdio.h:254:18: note: expected 'char * restrict' but argument is of type 'uint8_t *' {aka 'unsigned char *'}
  254 | int     sprintf (char *__restrict, const char *__restrict, ...)
      |                  ^
../Core/Src/main.c:143:13: error: 'i' undeclared (first use in this function)
  143 |         for(i = 0; i < FFT_LENGTH/2; i++)
      |             ^
../Core/Src/main.c:143:13: note: each undeclared identifier is reported only once for each function it appears in
../Core/Src/main.c:151:11: warning: pointer targets in passing argument 1 of 'sprintf' differ in signedness [-Wpointer-sign]
  151 |   sprintf(MSG, "Max FFT Amplitude: %f at frequency: %f\n", maxFFT, ((float32_t)(maxFFTIndex*SAMPLING_RATE)/FFT_LENGTH));
      |           ^~~
      |           |
      |           uint8_t * {aka unsigned char *}
In file included from ../Core/Src/main.c:25:
/opt/st/stm32cubeide_1.13.2/plugins/com.st.stm32cube.ide.mcu.externaltools.gnu-tools-for-stm32.11.3.rel1.linux64_1.1.1.202309131626/tools/arm-none-eabi/include/stdio.h:254:18: note: expected 'char * restrict' but argument is of type 'uint8_t *' {aka 'unsigned char *'}
  254 | int     sprintf (char *__restrict, const char *__restrict, ...)
      |                  ^
../Core/Src/main.c:151:55: warning: '
   ' directive writing 1 byte into a region of size between 0 and 10 [-Wformat-overflow=]
  151 |   sprintf(MSG, "Max FFT Amplitude: %f at frequency: %f\n", maxFFT, ((float32_t)(maxFFTIndex*SAMPLING_RATE)/FFT_LENGTH));
      |                                                       ^~
../Core/Src/main.c:151:3: note: 'sprintf' output between 42 and 670 bytes into a destination of size 50
  151 |   sprintf(MSG, "Max FFT Amplitude: %f at frequency: %f\n", maxFFT, ((float32_t)(maxFFTIndex*SAMPLING_RATE)/FFT_LENGTH));
      |   ^~~~~~~~~~~~~~~~~~~~~~~~~~~~~~~~~~~~~~~~~~~~~~~~~~~~~~~~~~~~~~~~~~~~~~~~~~~~~~~~~~~~~~~~~~~~~~~~~~~~~~~~~~~~~~~~~~~~~
make: *** [Core/Src/subdir.mk:34: Core/Src/main.o] Error 1
"make -j8 all" terminated with exit code 2. Build might be incomplete.
15:01:26 **** Incremental Build of configuration Debug for project try2 ****
make -j8 all 
arm-none-eabi-gcc "../Core/Src/main.c" -mcpu=cortex-m4 -std=gnu11 -g -DDEBUG -DUSE_HAL_DRIVER -DSTM32L476xx -DARM_MATH_CM4 -c -I../Core/Inc -I../Drivers/STM32L4xx_HAL_Driver/Inc -I../Drivers/STM32L4xx_HAL_Driver/Inc/Legacy -I../Drivers/CMSIS/Device/ST/STM32L4xx/Include -I../Drivers/CMSIS/Include -I../Middlewares/ST/ARM/DSP/Inc -O0 -ffunction-sections -fdata-sections -Wall -fstack-usage -fcyclomatic-complexity -MMD -MP -MF"Core/Src/main.d" -MT"Core/Src/main.o" --specs=nano.specs -mfpu=fpv4-sp-d16 -mfloat-abi=hard -mthumb -o "Core/Src/main.o"
../Core/Src/main.c: In function 'main':
../Core/Src/main.c:137:34: warning: format '%f' expects argument of type 'double', but argument 3 has type 'float *' [-Wformat=]
  137 |           printf("frequency %f: %f \n", ((float32_t)(i*SAMPLING_RATE)/FFT_LENGTH), output_fft_mag);
      |                                 ~^                                                 ~~~~~~~~~~~~~~
      |                                  |                                                 |
      |                                  double                                            float *
../Core/Src/main.c:138:19: warning: pointer targets in passing argument 1 of 'sprintf' differ in signedness [-Wpointer-sign]
  138 |           sprintf(MSG, "frequency %f: %f\n", ((float32_t)(i*SAMPLING_RATE)/FFT_LENGTH), output_fft_mag[i]);
      |                   ^~~
      |                   |
      |                   uint8_t * {aka unsigned char *}
In file included from ../Core/Src/main.c:25:
/opt/st/stm32cubeide_1.13.2/plugins/com.st.stm32cube.ide.mcu.externaltools.gnu-tools-for-stm32.11.3.rel1.linux64_1.1.1.202309131626/tools/arm-none-eabi/include/stdio.h:254:18: note: expected 'char * restrict' but argument is of type 'uint8_t *' {aka 'unsigned char *'}
  254 | int     sprintf (char *__restrict, const char *__restrict, ...)
      |                  ^
../Core/Src/main.c:151:11: warning: pointer targets in passing argument 1 of 'sprintf' differ in signedness [-Wpointer-sign]
  151 |   sprintf(MSG, "Max FFT Amplitude: %f at frequency: %f\n", maxFFT, ((float32_t)(maxFFTIndex*SAMPLING_RATE)/FFT_LENGTH));
      |           ^~~
      |           |
      |           uint8_t * {aka unsigned char *}
In file included from ../Core/Src/main.c:25:
/opt/st/stm32cubeide_1.13.2/plugins/com.st.stm32cube.ide.mcu.externaltools.gnu-tools-for-stm32.11.3.rel1.linux64_1.1.1.202309131626/tools/arm-none-eabi/include/stdio.h:254:18: note: expected 'char * restrict' but argument is of type 'uint8_t *' {aka 'unsigned char *'}
  254 | int     sprintf (char *__restrict, const char *__restrict, ...)
      |                  ^
../Core/Src/main.c:151:55: warning: '
   ' directive writing 1 byte into a region of size between 0 and 10 [-Wformat-overflow=]
  151 |   sprintf(MSG, "Max FFT Amplitude: %f at frequency: %f\n", maxFFT, ((float32_t)(maxFFTIndex*SAMPLING_RATE)/FFT_LENGTH));
      |                                                       ^~
../Core/Src/main.c:151:3: note: 'sprintf' output between 42 and 670 bytes into a destination of size 50
  151 |   sprintf(MSG, "Max FFT Amplitude: %f at frequency: %f\n", maxFFT, ((float32_t)(maxFFTIndex*SAMPLING_RATE)/FFT_LENGTH));
      |   ^~~~~~~~~~~~~~~~~~~~~~~~~~~~~~~~~~~~~~~~~~~~~~~~~~~~~~~~~~~~~~~~~~~~~~~~~~~~~~~~~~~~~~~~~~~~~~~~~~~~~~~~~~~~~~~~~~~~~
arm-none-eabi-gcc -o "try2.elf" @"objects.list"  -l:libarm_cortexM4lf_math.a -mcpu=cortex-m4 -T"/home/joel/STM32CubeIDE/workspace/try2/STM32L476RGTX_FLASH.ld" --specs=nosys.specs -Wl,-Map="try2.map" -Wl,--gc-sections -static -L../Middlewares/ST/ARM/DSP/Lib -u _printf_float --specs=nano.specs -mfpu=fpv4-sp-d16 -mfloat-abi=hard -mthumb -Wl,--start-group -lc -lm -Wl,--end-group
Finished building target: try2.elf
 
arm-none-eabi-size   try2.elf 
arm-none-eabi-objdump -h -S  try2.elf  > "try2.list"
   text	   data	    bss	    dec	    hex	filename
 124780	    480	   4808	 130068	  1fc14	try2.elf
Finished building: default.size.stdout
 
Finished building: try2.list
 
15:02:45 **** Incremental Build of configuration Debug for project try2 ****
make -j8 all 
arm-none-eabi-gcc "../Core/Src/main.c" -mcpu=cortex-m4 -std=gnu11 -g -DDEBUG -DUSE_HAL_DRIVER -DSTM32L476xx -DARM_MATH_CM4 -c -I../Core/Inc -I../Drivers/STM32L4xx_HAL_Driver/Inc -I../Drivers/STM32L4xx_HAL_Driver/Inc/Legacy -I../Drivers/CMSIS/Device/ST/STM32L4xx/Include -I../Drivers/CMSIS/Include -I../Middlewares/ST/ARM/DSP/Inc -O0 -ffunction-sections -fdata-sections -Wall -fstack-usage -fcyclomatic-complexity -MMD -MP -MF"Core/Src/main.d" -MT"Core/Src/main.o" --specs=nano.specs -mfpu=fpv4-sp-d16 -mfloat-abi=hard -mthumb -o "Core/Src/main.o"
../Core/Src/main.c: In function 'main':
../Core/Src/main.c:137:34: warning: format '%f' expects argument of type 'double', but argument 3 has type 'float *' [-Wformat=]
  137 |           printf("frequency %f: %f \n", ((float32_t)(i*SAMPLING_RATE)/FFT_LENGTH), output_fft_mag);
      |                                 ~^                                                 ~~~~~~~~~~~~~~
      |                                  |                                                 |
      |                                  double                                            float *
../Core/Src/main.c:138:19: warning: pointer targets in passing argument 1 of 'sprintf' differ in signedness [-Wpointer-sign]
  138 |           sprintf(MSG, "frequency %f: %f\n", ((float32_t)(i*SAMPLING_RATE)/FFT_LENGTH), output_fft_mag[i]);
      |                   ^~~
      |                   |
      |                   uint8_t * {aka unsigned char *}
In file included from ../Core/Src/main.c:25:
/opt/st/stm32cubeide_1.13.2/plugins/com.st.stm32cube.ide.mcu.externaltools.gnu-tools-for-stm32.11.3.rel1.linux64_1.1.1.202309131626/tools/arm-none-eabi/include/stdio.h:254:18: note: expected 'char * restrict' but argument is of type 'uint8_t *' {aka 'unsigned char *'}
  254 | int     sprintf (char *__restrict, const char *__restrict, ...)
      |                  ^
../Core/Src/main.c:151:11: warning: pointer targets in passing argument 1 of 'sprintf' differ in signedness [-Wpointer-sign]
  151 |   sprintf(MSG, "Max FFT Amplitude: %f at frequency: %f\n", maxFFT, ((float32_t)(maxFFTIndex*SAMPLING_RATE)/FFT_LENGTH));
      |           ^~~
      |           |
      |           uint8_t * {aka unsigned char *}
In file included from ../Core/Src/main.c:25:
/opt/st/stm32cubeide_1.13.2/plugins/com.st.stm32cube.ide.mcu.externaltools.gnu-tools-for-stm32.11.3.rel1.linux64_1.1.1.202309131626/tools/arm-none-eabi/include/stdio.h:254:18: note: expected 'char * restrict' but argument is of type 'uint8_t *' {aka 'unsigned char *'}
  254 | int     sprintf (char *__restrict, const char *__restrict, ...)
      |                  ^
../Core/Src/main.c:151:55: warning: '
   ' directive writing 1 byte into a region of size between 0 and 10 [-Wformat-overflow=]
  151 |   sprintf(MSG, "Max FFT Amplitude: %f at frequency: %f\n", maxFFT, ((float32_t)(maxFFTIndex*SAMPLING_RATE)/FFT_LENGTH));
      |                                                       ^~
../Core/Src/main.c:151:3: note: 'sprintf' output between 42 and 670 bytes into a destination of size 50
  151 |   sprintf(MSG, "Max FFT Amplitude: %f at frequency: %f\n", maxFFT, ((float32_t)(maxFFTIndex*SAMPLING_RATE)/FFT_LENGTH));
      |   ^~~~~~~~~~~~~~~~~~~~~~~~~~~~~~~~~~~~~~~~~~~~~~~~~~~~~~~~~~~~~~~~~~~~~~~~~~~~~~~~~~~~~~~~~~~~~~~~~~~~~~~~~~~~~~~~~~~~~
arm-none-eabi-gcc -o "try2.elf" @"objects.list"  -l:libarm_cortexM4lf_math.a -mcpu=cortex-m4 -T"/home/joel/STM32CubeIDE/workspace/try2/STM32L476RGTX_FLASH.ld" --specs=nosys.specs -Wl,-Map="try2.map" -Wl,--gc-sections -static -L../Middlewares/ST/ARM/DSP/Lib -u _printf_float --specs=nano.specs -mfpu=fpv4-sp-d16 -mfloat-abi=hard -mthumb -Wl,--start-group -lc -lm -Wl,--end-group
Finished building target: try2.elf
 
arm-none-eabi-size   try2.elf 
arm-none-eabi-objdump -h -S  try2.elf  > "try2.list"
   text	   data	    bss	    dec	    hex	filename
 124780	    480	   4808	 130068	  1fc14	try2.elf
Finished building: default.size.stdout
 
Finished building: try2.list
 
15:03:35 **** Incremental Build of configuration Debug for project try2 ****
make -j8 all 
arm-none-eabi-gcc "../Core/Src/main.c" -mcpu=cortex-m4 -std=gnu11 -g -DDEBUG -DUSE_HAL_DRIVER -DSTM32L476xx -DARM_MATH_CM4 -c -I../Core/Inc -I../Drivers/STM32L4xx_HAL_Driver/Inc -I../Drivers/STM32L4xx_HAL_Driver/Inc/Legacy -I../Drivers/CMSIS/Device/ST/STM32L4xx/Include -I../Drivers/CMSIS/Include -I../Middlewares/ST/ARM/DSP/Inc -O0 -ffunction-sections -fdata-sections -Wall -fstack-usage -fcyclomatic-complexity -MMD -MP -MF"Core/Src/main.d" -MT"Core/Src/main.o" --specs=nano.specs -mfpu=fpv4-sp-d16 -mfloat-abi=hard -mthumb -o "Core/Src/main.o"
../Core/Src/main.c: In function 'main':
../Core/Src/main.c:137:34: warning: format '%f' expects argument of type 'double', but argument 3 has type 'float *' [-Wformat=]
  137 |           printf("frequency %f: %f \n", ((float32_t)(i*SAMPLING_RATE)/FFT_LENGTH), output_fft_mag);
      |                                 ~^                                                 ~~~~~~~~~~~~~~
      |                                  |                                                 |
      |                                  double                                            float *
../Core/Src/main.c:138:19: warning: pointer targets in passing argument 1 of 'sprintf' differ in signedness [-Wpointer-sign]
  138 |           sprintf(MSG, "frequency %f: %f\n", ((float32_t)(i*SAMPLING_RATE)/FFT_LENGTH), output_fft_mag[i]);
      |                   ^~~
      |                   |
      |                   uint8_t * {aka unsigned char *}
In file included from ../Core/Src/main.c:25:
/opt/st/stm32cubeide_1.13.2/plugins/com.st.stm32cube.ide.mcu.externaltools.gnu-tools-for-stm32.11.3.rel1.linux64_1.1.1.202309131626/tools/arm-none-eabi/include/stdio.h:254:18: note: expected 'char * restrict' but argument is of type 'uint8_t *' {aka 'unsigned char *'}
  254 | int     sprintf (char *__restrict, const char *__restrict, ...)
      |                  ^
../Core/Src/main.c:151:11: warning: pointer targets in passing argument 1 of 'sprintf' differ in signedness [-Wpointer-sign]
  151 |   sprintf(MSG, "Max FFT Amplitude: %f at frequency: %f\n", maxFFT, ((float32_t)(maxFFTIndex*SAMPLING_RATE)/FFT_LENGTH));
      |           ^~~
      |           |
      |           uint8_t * {aka unsigned char *}
In file included from ../Core/Src/main.c:25:
/opt/st/stm32cubeide_1.13.2/plugins/com.st.stm32cube.ide.mcu.externaltools.gnu-tools-for-stm32.11.3.rel1.linux64_1.1.1.202309131626/tools/arm-none-eabi/include/stdio.h:254:18: note: expected 'char * restrict' but argument is of type 'uint8_t *' {aka 'unsigned char *'}
  254 | int     sprintf (char *__restrict, const char *__restrict, ...)
      |                  ^
../Core/Src/main.c:151:55: warning: '
   ' directive writing 1 byte into a region of size between 0 and 10 [-Wformat-overflow=]
  151 |   sprintf(MSG, "Max FFT Amplitude: %f at frequency: %f\n", maxFFT, ((float32_t)(maxFFTIndex*SAMPLING_RATE)/FFT_LENGTH));
      |                                                       ^~
../Core/Src/main.c:151:3: note: 'sprintf' output between 42 and 670 bytes into a destination of size 50
  151 |   sprintf(MSG, "Max FFT Amplitude: %f at frequency: %f\n", maxFFT, ((float32_t)(maxFFTIndex*SAMPLING_RATE)/FFT_LENGTH));
      |   ^~~~~~~~~~~~~~~~~~~~~~~~~~~~~~~~~~~~~~~~~~~~~~~~~~~~~~~~~~~~~~~~~~~~~~~~~~~~~~~~~~~~~~~~~~~~~~~~~~~~~~~~~~~~~~~~~~~~~
arm-none-eabi-gcc -o "try2.elf" @"objects.list"  -l:libarm_cortexM4lf_math.a -mcpu=cortex-m4 -T"/home/joel/STM32CubeIDE/workspace/try2/STM32L476RGTX_FLASH.ld" --specs=nosys.specs -Wl,-Map="try2.map" -Wl,--gc-sections -static -L../Middlewares/ST/ARM/DSP/Lib -u _printf_float --specs=nano.specs -mfpu=fpv4-sp-d16 -mfloat-abi=hard -mthumb -Wl,--start-group -lc -lm -Wl,--end-group
Finished building target: try2.elf
 
arm-none-eabi-size   try2.elf 
arm-none-eabi-objdump -h -S  try2.elf  > "try2.list"
   text	   data	    bss	    dec	    hex	filename
 124780	    480	   4808	 130068	  1fc14	try2.elf
Finished building: default.size.stdout
 
Finished building: try2.list
 
15:03:59 **** Incremental Build of configuration Debug for project try2 ****
make -j8 all 
arm-none-eabi-gcc "../Core/Src/main.c" -mcpu=cortex-m4 -std=gnu11 -g -DDEBUG -DUSE_HAL_DRIVER -DSTM32L476xx -DARM_MATH_CM4 -c -I../Core/Inc -I../Drivers/STM32L4xx_HAL_Driver/Inc -I../Drivers/STM32L4xx_HAL_Driver/Inc/Legacy -I../Drivers/CMSIS/Device/ST/STM32L4xx/Include -I../Drivers/CMSIS/Include -I../Middlewares/ST/ARM/DSP/Inc -O0 -ffunction-sections -fdata-sections -Wall -fstack-usage -fcyclomatic-complexity -MMD -MP -MF"Core/Src/main.d" -MT"Core/Src/main.o" --specs=nano.specs -mfpu=fpv4-sp-d16 -mfloat-abi=hard -mthumb -o "Core/Src/main.o"
../Core/Src/main.c: In function 'main':
../Core/Src/main.c:137:34: warning: format '%f' expects argument of type 'double', but argument 3 has type 'float *' [-Wformat=]
  137 |           printf("frequency %f: %f \n", ((float32_t)(i*SAMPLING_RATE)/FFT_LENGTH), output_fft_mag);
      |                                 ~^                                                 ~~~~~~~~~~~~~~
      |                                  |                                                 |
      |                                  double                                            float *
../Core/Src/main.c:138:19: warning: pointer targets in passing argument 1 of 'sprintf' differ in signedness [-Wpointer-sign]
  138 |           sprintf(MSG, "frequency %f: %f\n", ((float32_t)(i*SAMPLING_RATE)/FFT_LENGTH), output_fft_mag[i]);
      |                   ^~~
      |                   |
      |                   uint8_t * {aka unsigned char *}
In file included from ../Core/Src/main.c:25:
/opt/st/stm32cubeide_1.13.2/plugins/com.st.stm32cube.ide.mcu.externaltools.gnu-tools-for-stm32.11.3.rel1.linux64_1.1.1.202309131626/tools/arm-none-eabi/include/stdio.h:254:18: note: expected 'char * restrict' but argument is of type 'uint8_t *' {aka 'unsigned char *'}
  254 | int     sprintf (char *__restrict, const char *__restrict, ...)
      |                  ^
../Core/Src/main.c:151:11: warning: pointer targets in passing argument 1 of 'sprintf' differ in signedness [-Wpointer-sign]
  151 |   sprintf(MSG, "Max FFT Amplitude: %f at frequency: %f\n", maxFFT, ((float32_t)(maxFFTIndex*SAMPLING_RATE)/FFT_LENGTH));
      |           ^~~
      |           |
      |           uint8_t * {aka unsigned char *}
In file included from ../Core/Src/main.c:25:
/opt/st/stm32cubeide_1.13.2/plugins/com.st.stm32cube.ide.mcu.externaltools.gnu-tools-for-stm32.11.3.rel1.linux64_1.1.1.202309131626/tools/arm-none-eabi/include/stdio.h:254:18: note: expected 'char * restrict' but argument is of type 'uint8_t *' {aka 'unsigned char *'}
  254 | int     sprintf (char *__restrict, const char *__restrict, ...)
      |                  ^
../Core/Src/main.c:151:55: warning: '
   ' directive writing 1 byte into a region of size between 0 and 10 [-Wformat-overflow=]
  151 |   sprintf(MSG, "Max FFT Amplitude: %f at frequency: %f\n", maxFFT, ((float32_t)(maxFFTIndex*SAMPLING_RATE)/FFT_LENGTH));
      |                                                       ^~
../Core/Src/main.c:151:3: note: 'sprintf' output between 42 and 670 bytes into a destination of size 50
  151 |   sprintf(MSG, "Max FFT Amplitude: %f at frequency: %f\n", maxFFT, ((float32_t)(maxFFTIndex*SAMPLING_RATE)/FFT_LENGTH));
      |   ^~~~~~~~~~~~~~~~~~~~~~~~~~~~~~~~~~~~~~~~~~~~~~~~~~~~~~~~~~~~~~~~~~~~~~~~~~~~~~~~~~~~~~~~~~~~~~~~~~~~~~~~~~~~~~~~~~~~~
arm-none-eabi-gcc -o "try2.elf" @"objects.list"  -l:libarm_cortexM4lf_math.a -mcpu=cortex-m4 -T"/home/joel/STM32CubeIDE/workspace/try2/STM32L476RGTX_FLASH.ld" --specs=nosys.specs -Wl,-Map="try2.map" -Wl,--gc-sections -static -L../Middlewares/ST/ARM/DSP/Lib -u _printf_float --specs=nano.specs -mfpu=fpv4-sp-d16 -mfloat-abi=hard -mthumb -Wl,--start-group -lc -lm -Wl,--end-group
Finished building target: try2.elf
 
arm-none-eabi-size   try2.elf 
arm-none-eabi-objdump -h -S  try2.elf  > "try2.list"
   text	   data	    bss	    dec	    hex	filename
 124772	    480	   4808	 130060	  1fc0c	try2.elf
Finished building: default.size.stdout
 
Finished building: try2.list
 
15:04:24 **** Incremental Build of configuration Debug for project try2 ****
make -j8 all 
arm-none-eabi-gcc "../Core/Src/main.c" -mcpu=cortex-m4 -std=gnu11 -g -DDEBUG -DUSE_HAL_DRIVER -DSTM32L476xx -DARM_MATH_CM4 -c -I../Core/Inc -I../Drivers/STM32L4xx_HAL_Driver/Inc -I../Drivers/STM32L4xx_HAL_Driver/Inc/Legacy -I../Drivers/CMSIS/Device/ST/STM32L4xx/Include -I../Drivers/CMSIS/Include -I../Middlewares/ST/ARM/DSP/Inc -O0 -ffunction-sections -fdata-sections -Wall -fstack-usage -fcyclomatic-complexity -MMD -MP -MF"Core/Src/main.d" -MT"Core/Src/main.o" --specs=nano.specs -mfpu=fpv4-sp-d16 -mfloat-abi=hard -mthumb -o "Core/Src/main.o"
../Core/Src/main.c: In function 'main':
../Core/Src/main.c:137:34: warning: format '%f' expects argument of type 'double', but argument 3 has type 'float *' [-Wformat=]
  137 |           printf("frequency %f: %f \n", ((float32_t)(i*SAMPLING_RATE)/FFT_LENGTH), output_fft_mag);
      |                                 ~^                                                 ~~~~~~~~~~~~~~
      |                                  |                                                 |
      |                                  double                                            float *
../Core/Src/main.c:138:19: warning: pointer targets in passing argument 1 of 'sprintf' differ in signedness [-Wpointer-sign]
  138 |           sprintf(MSG, "frequency %f: %f\n", ((float32_t)(i*SAMPLING_RATE)/FFT_LENGTH), output_fft_mag[i]);
      |                   ^~~
      |                   |
      |                   uint8_t * {aka unsigned char *}
In file included from ../Core/Src/main.c:25:
/opt/st/stm32cubeide_1.13.2/plugins/com.st.stm32cube.ide.mcu.externaltools.gnu-tools-for-stm32.11.3.rel1.linux64_1.1.1.202309131626/tools/arm-none-eabi/include/stdio.h:254:18: note: expected 'char * restrict' but argument is of type 'uint8_t *' {aka 'unsigned char *'}
  254 | int     sprintf (char *__restrict, const char *__restrict, ...)
      |                  ^
../Core/Src/main.c:151:11: warning: pointer targets in passing argument 1 of 'sprintf' differ in signedness [-Wpointer-sign]
  151 |   sprintf(MSG, "Max FFT Amplitude: %f at frequency: %f\n", maxFFT, ((float32_t)(maxFFTIndex*SAMPLING_RATE)/FFT_LENGTH));
      |           ^~~
      |           |
      |           uint8_t * {aka unsigned char *}
In file included from ../Core/Src/main.c:25:
/opt/st/stm32cubeide_1.13.2/plugins/com.st.stm32cube.ide.mcu.externaltools.gnu-tools-for-stm32.11.3.rel1.linux64_1.1.1.202309131626/tools/arm-none-eabi/include/stdio.h:254:18: note: expected 'char * restrict' but argument is of type 'uint8_t *' {aka 'unsigned char *'}
  254 | int     sprintf (char *__restrict, const char *__restrict, ...)
      |                  ^
../Core/Src/main.c:151:55: warning: '
   ' directive writing 1 byte into a region of size between 0 and 10 [-Wformat-overflow=]
  151 |   sprintf(MSG, "Max FFT Amplitude: %f at frequency: %f\n", maxFFT, ((float32_t)(maxFFTIndex*SAMPLING_RATE)/FFT_LENGTH));
      |                                                       ^~
../Core/Src/main.c:151:3: note: 'sprintf' output between 42 and 670 bytes into a destination of size 50
  151 |   sprintf(MSG, "Max FFT Amplitude: %f at frequency: %f\n", maxFFT, ((float32_t)(maxFFTIndex*SAMPLING_RATE)/FFT_LENGTH));
      |   ^~~~~~~~~~~~~~~~~~~~~~~~~~~~~~~~~~~~~~~~~~~~~~~~~~~~~~~~~~~~~~~~~~~~~~~~~~~~~~~~~~~~~~~~~~~~~~~~~~~~~~~~~~~~~~~~~~~~~
arm-none-eabi-gcc -o "try2.elf" @"objects.list"  -l:libarm_cortexM4lf_math.a -mcpu=cortex-m4 -T"/home/joel/STM32CubeIDE/workspace/try2/STM32L476RGTX_FLASH.ld" --specs=nosys.specs -Wl,-Map="try2.map" -Wl,--gc-sections -static -L../Middlewares/ST/ARM/DSP/Lib -u _printf_float --specs=nano.specs -mfpu=fpv4-sp-d16 -mfloat-abi=hard -mthumb -Wl,--start-group -lc -lm -Wl,--end-group
Finished building target: try2.elf
 
arm-none-eabi-size   try2.elf 
arm-none-eabi-objdump -h -S  try2.elf  > "try2.list"
   text	   data	    bss	    dec	    hex	filename
 124780	    480	   4808	 130068	  1fc14	try2.elf
Finished building: default.size.stdout
 
Finished building: try2.list
 
15:06:17 **** Incremental Build of configuration Debug for project try2 ****
make -j8 all 
arm-none-eabi-gcc "../Core/Src/main.c" -mcpu=cortex-m4 -std=gnu11 -g -DDEBUG -DUSE_HAL_DRIVER -DSTM32L476xx -DARM_MATH_CM4 -c -I../Core/Inc -I../Drivers/STM32L4xx_HAL_Driver/Inc -I../Drivers/STM32L4xx_HAL_Driver/Inc/Legacy -I../Drivers/CMSIS/Device/ST/STM32L4xx/Include -I../Drivers/CMSIS/Include -I../Middlewares/ST/ARM/DSP/Inc -O0 -ffunction-sections -fdata-sections -Wall -fstack-usage -fcyclomatic-complexity -MMD -MP -MF"Core/Src/main.d" -MT"Core/Src/main.o" --specs=nano.specs -mfpu=fpv4-sp-d16 -mfloat-abi=hard -mthumb -o "Core/Src/main.o"
../Core/Src/main.c: In function 'main':
../Core/Src/main.c:137:34: warning: format '%f' expects argument of type 'double', but argument 3 has type 'float *' [-Wformat=]
  137 |           printf("frequency %f: %f \n", ((float32_t)(i*SAMPLING_RATE)/FFT_LENGTH), output_fft_mag);
      |                                 ~^                                                 ~~~~~~~~~~~~~~
      |                                  |                                                 |
      |                                  double                                            float *
../Core/Src/main.c:138:19: warning: pointer targets in passing argument 1 of 'sprintf' differ in signedness [-Wpointer-sign]
  138 |           sprintf(MSG, "frequency %f: %f\n", ((float32_t)(i*SAMPLING_RATE)/FFT_LENGTH), output_fft_mag[i]);
      |                   ^~~
      |                   |
      |                   uint8_t * {aka unsigned char *}
In file included from ../Core/Src/main.c:25:
/opt/st/stm32cubeide_1.13.2/plugins/com.st.stm32cube.ide.mcu.externaltools.gnu-tools-for-stm32.11.3.rel1.linux64_1.1.1.202309131626/tools/arm-none-eabi/include/stdio.h:254:18: note: expected 'char * restrict' but argument is of type 'uint8_t *' {aka 'unsigned char *'}
  254 | int     sprintf (char *__restrict, const char *__restrict, ...)
      |                  ^
../Core/Src/main.c:151:11: warning: pointer targets in passing argument 1 of 'sprintf' differ in signedness [-Wpointer-sign]
  151 |   sprintf(MSG, "Max FFT Amplitude: %f at frequency: %f\n", maxFFT, ((float32_t)(maxFFTIndex*SAMPLING_RATE)/FFT_LENGTH));
      |           ^~~
      |           |
      |           uint8_t * {aka unsigned char *}
In file included from ../Core/Src/main.c:25:
/opt/st/stm32cubeide_1.13.2/plugins/com.st.stm32cube.ide.mcu.externaltools.gnu-tools-for-stm32.11.3.rel1.linux64_1.1.1.202309131626/tools/arm-none-eabi/include/stdio.h:254:18: note: expected 'char * restrict' but argument is of type 'uint8_t *' {aka 'unsigned char *'}
  254 | int     sprintf (char *__restrict, const char *__restrict, ...)
      |                  ^
../Core/Src/main.c:151:55: warning: '
   ' directive writing 1 byte into a region of size between 0 and 10 [-Wformat-overflow=]
  151 |   sprintf(MSG, "Max FFT Amplitude: %f at frequency: %f\n", maxFFT, ((float32_t)(maxFFTIndex*SAMPLING_RATE)/FFT_LENGTH));
      |                                                       ^~
../Core/Src/main.c:151:3: note: 'sprintf' output between 42 and 670 bytes into a destination of size 50
  151 |   sprintf(MSG, "Max FFT Amplitude: %f at frequency: %f\n", maxFFT, ((float32_t)(maxFFTIndex*SAMPLING_RATE)/FFT_LENGTH));
      |   ^~~~~~~~~~~~~~~~~~~~~~~~~~~~~~~~~~~~~~~~~~~~~~~~~~~~~~~~~~~~~~~~~~~~~~~~~~~~~~~~~~~~~~~~~~~~~~~~~~~~~~~~~~~~~~~~~~~~~
arm-none-eabi-gcc -o "try2.elf" @"objects.list"  -l:libarm_cortexM4lf_math.a -mcpu=cortex-m4 -T"/home/joel/STM32CubeIDE/workspace/try2/STM32L476RGTX_FLASH.ld" --specs=nosys.specs -Wl,-Map="try2.map" -Wl,--gc-sections -static -L../Middlewares/ST/ARM/DSP/Lib -u _printf_float --specs=nano.specs -mfpu=fpv4-sp-d16 -mfloat-abi=hard -mthumb -Wl,--start-group -lc -lm -Wl,--end-group
Finished building target: try2.elf
 
arm-none-eabi-size   try2.elf 
arm-none-eabi-objdump -h -S  try2.elf  > "try2.list"
   text	   data	    bss	    dec	    hex	filename
 124780	    480	   4808	 130068	  1fc14	try2.elf
Finished building: default.size.stdout
 
Finished building: try2.list
 
15:28:22 **** Incremental Build of configuration Debug for project try2 ****
make -j8 all 
arm-none-eabi-gcc "../Core/Src/main.c" -mcpu=cortex-m4 -std=gnu11 -g -DDEBUG -DUSE_HAL_DRIVER -DSTM32L476xx -DARM_MATH_CM4 -c -I../Core/Inc -I../Drivers/STM32L4xx_HAL_Driver/Inc -I../Drivers/STM32L4xx_HAL_Driver/Inc/Legacy -I../Drivers/CMSIS/Device/ST/STM32L4xx/Include -I../Drivers/CMSIS/Include -I../Middlewares/ST/ARM/DSP/Inc -O0 -ffunction-sections -fdata-sections -Wall -fstack-usage -fcyclomatic-complexity -MMD -MP -MF"Core/Src/main.d" -MT"Core/Src/main.o" --specs=nano.specs -mfpu=fpv4-sp-d16 -mfloat-abi=hard -mthumb -o "Core/Src/main.o"
../Core/Src/main.c: In function 'main':
../Core/Src/main.c:138:34: warning: format '%f' expects argument of type 'double', but argument 3 has type 'float *' [-Wformat=]
  138 |           printf("frequency %f: %f \n", ((float32_t)(i*SAMPLING_RATE)/FFT_LENGTH), output_fft_mag);
      |                                 ~^                                                 ~~~~~~~~~~~~~~
      |                                  |                                                 |
      |                                  double                                            float *
../Core/Src/main.c:139:19: warning: pointer targets in passing argument 1 of 'sprintf' differ in signedness [-Wpointer-sign]
  139 |           sprintf(MSG, "frequency %f: %f\n", ((float32_t)(i*SAMPLING_RATE)/FFT_LENGTH), output_fft_mag[i]);
      |                   ^~~
      |                   |
      |                   uint8_t * {aka unsigned char *}
In file included from ../Core/Src/main.c:25:
/opt/st/stm32cubeide_1.13.2/plugins/com.st.stm32cube.ide.mcu.externaltools.gnu-tools-for-stm32.11.3.rel1.linux64_1.1.1.202309131626/tools/arm-none-eabi/include/stdio.h:254:18: note: expected 'char * restrict' but argument is of type 'uint8_t *' {aka 'unsigned char *'}
  254 | int     sprintf (char *__restrict, const char *__restrict, ...)
      |                  ^
../Core/Src/main.c:152:11: warning: pointer targets in passing argument 1 of 'sprintf' differ in signedness [-Wpointer-sign]
  152 |   sprintf(MSG, "Max FFT Amplitude: %f at frequency: %f\n", maxFFT, ((float32_t)(maxFFTIndex*SAMPLING_RATE)/FFT_LENGTH));
      |           ^~~
      |           |
      |           uint8_t * {aka unsigned char *}
In file included from ../Core/Src/main.c:25:
/opt/st/stm32cubeide_1.13.2/plugins/com.st.stm32cube.ide.mcu.externaltools.gnu-tools-for-stm32.11.3.rel1.linux64_1.1.1.202309131626/tools/arm-none-eabi/include/stdio.h:254:18: note: expected 'char * restrict' but argument is of type 'uint8_t *' {aka 'unsigned char *'}
  254 | int     sprintf (char *__restrict, const char *__restrict, ...)
      |                  ^
../Core/Src/main.c:152:55: warning: '
   ' directive writing 1 byte into a region of size between 0 and 10 [-Wformat-overflow=]
  152 |   sprintf(MSG, "Max FFT Amplitude: %f at frequency: %f\n", maxFFT, ((float32_t)(maxFFTIndex*SAMPLING_RATE)/FFT_LENGTH));
      |                                                       ^~
../Core/Src/main.c:152:3: note: 'sprintf' output between 42 and 670 bytes into a destination of size 50
  152 |   sprintf(MSG, "Max FFT Amplitude: %f at frequency: %f\n", maxFFT, ((float32_t)(maxFFTIndex*SAMPLING_RATE)/FFT_LENGTH));
      |   ^~~~~~~~~~~~~~~~~~~~~~~~~~~~~~~~~~~~~~~~~~~~~~~~~~~~~~~~~~~~~~~~~~~~~~~~~~~~~~~~~~~~~~~~~~~~~~~~~~~~~~~~~~~~~~~~~~~~~
arm-none-eabi-gcc -o "try2.elf" @"objects.list"  -l:libarm_cortexM4lf_math.a -mcpu=cortex-m4 -T"/home/joel/STM32CubeIDE/workspace/try2/STM32L476RGTX_FLASH.ld" --specs=nosys.specs -Wl,-Map="try2.map" -Wl,--gc-sections -static -L../Middlewares/ST/ARM/DSP/Lib -u _printf_float --specs=nano.specs -mfpu=fpv4-sp-d16 -mfloat-abi=hard -mthumb -Wl,--start-group -lc -lm -Wl,--end-group
Finished building target: try2.elf
 
arm-none-eabi-size   try2.elf 
arm-none-eabi-objdump -h -S  try2.elf  > "try2.list"
   text	   data	    bss	    dec	    hex	filename
 124788	    480	   4808	 130076	  1fc1c	try2.elf
Finished building: default.size.stdout
 
Finished building: try2.list
 
15:30:50 **** Incremental Build of configuration Debug for project try2 ****
make -j8 all 
arm-none-eabi-gcc "../Core/Src/main.c" -mcpu=cortex-m4 -std=gnu11 -g -DDEBUG -DUSE_HAL_DRIVER -DSTM32L476xx -DARM_MATH_CM4 -c -I../Core/Inc -I../Drivers/STM32L4xx_HAL_Driver/Inc -I../Drivers/STM32L4xx_HAL_Driver/Inc/Legacy -I../Drivers/CMSIS/Device/ST/STM32L4xx/Include -I../Drivers/CMSIS/Include -I../Middlewares/ST/ARM/DSP/Inc -O0 -ffunction-sections -fdata-sections -Wall -fstack-usage -fcyclomatic-complexity -MMD -MP -MF"Core/Src/main.d" -MT"Core/Src/main.o" --specs=nano.specs -mfpu=fpv4-sp-d16 -mfloat-abi=hard -mthumb -o "Core/Src/main.o"
../Core/Src/main.c: In function 'main':
../Core/Src/main.c:138:34: warning: format '%f' expects argument of type 'double', but argument 3 has type 'float *' [-Wformat=]
  138 |           printf("frequency %f: %f \n", ((float32_t)(i*SAMPLING_RATE)/FFT_LENGTH), output_fft_mag);
      |                                 ~^                                                 ~~~~~~~~~~~~~~
      |                                  |                                                 |
      |                                  double                                            float *
../Core/Src/main.c:139:19: warning: pointer targets in passing argument 1 of 'sprintf' differ in signedness [-Wpointer-sign]
  139 |           sprintf(MSG, "frequency %f: %f\n", ((float32_t)(i*SAMPLING_RATE)/FFT_LENGTH), output_fft_mag[i]);
      |                   ^~~
      |                   |
      |                   uint8_t * {aka unsigned char *}
In file included from ../Core/Src/main.c:25:
/opt/st/stm32cubeide_1.13.2/plugins/com.st.stm32cube.ide.mcu.externaltools.gnu-tools-for-stm32.11.3.rel1.linux64_1.1.1.202309131626/tools/arm-none-eabi/include/stdio.h:254:18: note: expected 'char * restrict' but argument is of type 'uint8_t *' {aka 'unsigned char *'}
  254 | int     sprintf (char *__restrict, const char *__restrict, ...)
      |                  ^
../Core/Src/main.c:152:11: warning: pointer targets in passing argument 1 of 'sprintf' differ in signedness [-Wpointer-sign]
  152 |   sprintf(MSG, "Max FFT Amplitude: %f at frequency: %f\n", maxFFT, ((float32_t)(maxFFTIndex*SAMPLING_RATE)/FFT_LENGTH));
      |           ^~~
      |           |
      |           uint8_t * {aka unsigned char *}
In file included from ../Core/Src/main.c:25:
[...]
  154 |   sprintf(MSG, "Max FFT Amplitude: %f at frequency: %f\n", maxFFT, ((float32_t)(maxFFTIndex*SAMPLING_RATE)/FFT_LENGTH));
      |           ^~~
      |           |
      |           uint8_t * {aka unsigned char *}
In file included from ../Core/Src/main.c:25:
/opt/st/stm32cubeide_1.13.2/plugins/com.st.stm32cube.ide.mcu.externaltools.gnu-tools-for-stm32.11.3.rel1.linux64_1.1.1.202309131626/tools/arm-none-eabi/include/stdio.h:254:18: note: expected 'char * restrict' but argument is of type 'uint8_t *' {aka 'unsigned char *'}
  254 | int     sprintf (char *__restrict, const char *__restrict, ...)
      |                  ^
../Core/Src/main.c:154:55: warning: '
   ' directive writing 1 byte into a region of size between 0 and 10 [-Wformat-overflow=]
  154 |   sprintf(MSG, "Max FFT Amplitude: %f at frequency: %f\n", maxFFT, ((float32_t)(maxFFTIndex*SAMPLING_RATE)/FFT_LENGTH));
      |                                                       ^~
../Core/Src/main.c:154:3: note: 'sprintf' output between 42 and 670 bytes into a destination of size 50
  154 |   sprintf(MSG, "Max FFT Amplitude: %f at frequency: %f\n", maxFFT, ((float32_t)(maxFFTIndex*SAMPLING_RATE)/FFT_LENGTH));
      |   ^~~~~~~~~~~~~~~~~~~~~~~~~~~~~~~~~~~~~~~~~~~~~~~~~~~~~~~~~~~~~~~~~~~~~~~~~~~~~~~~~~~~~~~~~~~~~~~~~~~~~~~~~~~~~~~~~~~~~
arm-none-eabi-gcc -o "try2.elf" @"objects.list"  -l:libarm_cortexM4lf_math.a -mcpu=cortex-m4 -T"/home/joel/STM32CubeIDE/workspace/try2/STM32L476RGTX_FLASH.ld" --specs=nosys.specs -Wl,-Map="try2.map" -Wl,--gc-sections -static -L../Middlewares/ST/ARM/DSP/Lib -u _printf_float --specs=nano.specs -mfpu=fpv4-sp-d16 -mfloat-abi=hard -mthumb -Wl,--start-group -lc -lm -Wl,--end-group
Finished building target: try2.elf
 
arm-none-eabi-size   try2.elf 
arm-none-eabi-objdump -h -S  try2.elf  > "try2.list"
   text	   data	    bss	    dec	    hex	filename
 124796	    480	   4808	 130084	  1fc24	try2.elf
Finished building: default.size.stdout
 
Finished building: try2.list
 
15:54:07 **** Incremental Build of configuration Debug for project try2 ****
make -j8 all 
arm-none-eabi-gcc "../Core/Src/main.c" -mcpu=cortex-m4 -std=gnu11 -g -DDEBUG -DUSE_HAL_DRIVER -DSTM32L476xx -DARM_MATH_CM4 -c -I../Core/Inc -I../Drivers/STM32L4xx_HAL_Driver/Inc -I../Drivers/STM32L4xx_HAL_Driver/Inc/Legacy -I../Drivers/CMSIS/Device/ST/STM32L4xx/Include -I../Drivers/CMSIS/Include -I../Middlewares/ST/ARM/DSP/Inc -O0 -ffunction-sections -fdata-sections -Wall -fstack-usage -fcyclomatic-complexity -MMD -MP -MF"Core/Src/main.d" -MT"Core/Src/main.o" --specs=nano.specs -mfpu=fpv4-sp-d16 -mfloat-abi=hard -mthumb -o "Core/Src/main.o"
../Core/Src/main.c: In function 'main':
../Core/Src/main.c:140:34: warning: format '%f' expects argument of type 'double', but argument 3 has type 'float *' [-Wformat=]
  140 |           printf("frequency %f: %f \n", ((float32_t)(i*SAMPLING_RATE)/FFT_LENGTH), output_fft_mag);
      |                                 ~^                                                 ~~~~~~~~~~~~~~
      |                                  |                                                 |
      |                                  double                                            float *
../Core/Src/main.c:141:19: warning: pointer targets in passing argument 1 of 'sprintf' differ in signedness [-Wpointer-sign]
  141 |           sprintf(MSG, "frequency %f: %f\n", ((float32_t)(i*SAMPLING_RATE)/FFT_LENGTH), output_fft_mag[i]);
      |                   ^~~
      |                   |
      |                   uint8_t * {aka unsigned char *}
In file included from ../Core/Src/main.c:25:
/opt/st/stm32cubeide_1.13.2/plugins/com.st.stm32cube.ide.mcu.externaltools.gnu-tools-for-stm32.11.3.rel1.linux64_1.1.1.202309131626/tools/arm-none-eabi/include/stdio.h:254:18: note: expected 'char * restrict' but argument is of type 'uint8_t *' {aka 'unsigned char *'}
  254 | int     sprintf (char *__restrict, const char *__restrict, ...)
      |                  ^
../Core/Src/main.c:154:11: warning: pointer targets in passing argument 1 of 'sprintf' differ in signedness [-Wpointer-sign]
  154 |   sprintf(MSG, "Max FFT Amplitude: %f at frequency: %f\n", maxFFT, ((float32_t)(maxFFTIndex*SAMPLING_RATE)/FFT_LENGTH));
      |           ^~~
      |           |
      |           uint8_t * {aka unsigned char *}
In file included from ../Core/Src/main.c:25:
/opt/st/stm32cubeide_1.13.2/plugins/com.st.stm32cube.ide.mcu.externaltools.gnu-tools-for-stm32.11.3.rel1.linux64_1.1.1.202309131626/tools/arm-none-eabi/include/stdio.h:254:18: note: expected 'char * restrict' but argument is of type 'uint8_t *' {aka 'unsigned char *'}
  254 | int     sprintf (char *__restrict, const char *__restrict, ...)
      |                  ^
../Core/Src/main.c:154:55: warning: '
   ' directive writing 1 byte into a region of size between 0 and 10 [-Wformat-overflow=]
  154 |   sprintf(MSG, "Max FFT Amplitude: %f at frequency: %f\n", maxFFT, ((float32_t)(maxFFTIndex*SAMPLING_RATE)/FFT_LENGTH));
      |                                                       ^~
../Core/Src/main.c:154:3: note: 'sprintf' output between 42 and 670 bytes into a destination of size 50
  154 |   sprintf(MSG, "Max FFT Amplitude: %f at frequency: %f\n", maxFFT, ((float32_t)(maxFFTIndex*SAMPLING_RATE)/FFT_LENGTH));
      |   ^~~~~~~~~~~~~~~~~~~~~~~~~~~~~~~~~~~~~~~~~~~~~~~~~~~~~~~~~~~~~~~~~~~~~~~~~~~~~~~~~~~~~~~~~~~~~~~~~~~~~~~~~~~~~~~~~~~~~
arm-none-eabi-gcc -o "try2.elf" @"objects.list"  -l:libarm_cortexM4lf_math.a -mcpu=cortex-m4 -T"/home/joel/STM32CubeIDE/workspace/try2/STM32L476RGTX_FLASH.ld" --specs=nosys.specs -Wl,-Map="try2.map" -Wl,--gc-sections -static -L../Middlewares/ST/ARM/DSP/Lib -u _printf_float --specs=nano.specs -mfpu=fpv4-sp-d16 -mfloat-abi=hard -mthumb -Wl,--start-group -lc -lm -Wl,--end-group
Finished building target: try2.elf
 
arm-none-eabi-size   try2.elf 
arm-none-eabi-objdump -h -S  try2.elf  > "try2.list"
   text	   data	    bss	    dec	    hex	filename
 124788	    480	   4808	 130076	  1fc1c	try2.elf
Finished building: default.size.stdout
 
Finished building: try2.list
 
15:54:41 **** Incremental Build of configuration Debug for project try2 ****
make -j8 all 
arm-none-eabi-gcc "../Core/Src/main.c" -mcpu=cortex-m4 -std=gnu11 -g -DDEBUG -DUSE_HAL_DRIVER -DSTM32L476xx -DARM_MATH_CM4 -c -I../Core/Inc -I../Drivers/STM32L4xx_HAL_Driver/Inc -I../Drivers/STM32L4xx_HAL_Driver/Inc/Legacy -I../Drivers/CMSIS/Device/ST/STM32L4xx/Include -I../Drivers/CMSIS/Include -I../Middlewares/ST/ARM/DSP/Inc -O0 -ffunction-sections -fdata-sections -Wall -fstack-usage -fcyclomatic-complexity -MMD -MP -MF"Core/Src/main.d" -MT"Core/Src/main.o" --specs=nano.specs -mfpu=fpv4-sp-d16 -mfloat-abi=hard -mthumb -o "Core/Src/main.o"
../Core/Src/main.c: In function 'main':
../Core/Src/main.c:140:34: warning: format '%f' expects argument of type 'double', but argument 3 has type 'float *' [-Wformat=]
  140 |           printf("frequency %f: %f \n", ((float32_t)(i*SAMPLING_RATE)/FFT_LENGTH), output_fft_mag);
      |                                 ~^                                                 ~~~~~~~~~~~~~~
      |                                  |                                                 |
      |                                  double                                            float *
../Core/Src/main.c:141:19: warning: pointer targets in passing argument 1 of 'sprintf' differ in signedness [-Wpointer-sign]
  141 |           sprintf(MSG, "frequency %f: %f\n", ((float32_t)(i*SAMPLING_RATE)/FFT_LENGTH), output_fft_mag[i]);
      |                   ^~~
      |                   |
      |                   uint8_t * {aka unsigned char *}
In file included from ../Core/Src/main.c:25:
/opt/st/stm32cubeide_1.13.2/plugins/com.st.stm32cube.ide.mcu.externaltools.gnu-tools-for-stm32.11.3.rel1.linux64_1.1.1.202309131626/tools/arm-none-eabi/include/stdio.h:254:18: note: expected 'char * restrict' but argument is of type 'uint8_t *' {aka 'unsigned char *'}
  254 | int     sprintf (char *__restrict, const char *__restrict, ...)
      |                  ^
../Core/Src/main.c:154:11: warning: pointer targets in passing argument 1 of 'sprintf' differ in signedness [-Wpointer-sign]
  154 |   sprintf(MSG, "Max FFT Amplitude: %f at frequency: %f\n", maxFFT, ((float32_t)(maxFFTIndex*SAMPLING_RATE)/FFT_LENGTH));
      |           ^~~
      |           |
      |           uint8_t * {aka unsigned char *}
In file included from ../Core/Src/main.c:25:
/opt/st/stm32cubeide_1.13.2/plugins/com.st.stm32cube.ide.mcu.externaltools.gnu-tools-for-stm32.11.3.rel1.linux64_1.1.1.202309131626/tools/arm-none-eabi/include/stdio.h:254:18: note: expected 'char * restrict' but argument is of type 'uint8_t *' {aka 'unsigned char *'}
  254 | int     sprintf (char *__restrict, const char *__restrict, ...)
      |                  ^
../Core/Src/main.c:154:55: warning: '
   ' directive writing 1 byte into a region of size between 0 and 10 [-Wformat-overflow=]
  154 |   sprintf(MSG, "Max FFT Amplitude: %f at frequency: %f\n", maxFFT, ((float32_t)(maxFFTIndex*SAMPLING_RATE)/FFT_LENGTH));
      |                                                       ^~
../Core/Src/main.c:154:3: note: 'sprintf' output between 42 and 670 bytes into a destination of size 50
  154 |   sprintf(MSG, "Max FFT Amplitude: %f at frequency: %f\n", maxFFT, ((float32_t)(maxFFTIndex*SAMPLING_RATE)/FFT_LENGTH));
      |   ^~~~~~~~~~~~~~~~~~~~~~~~~~~~~~~~~~~~~~~~~~~~~~~~~~~~~~~~~~~~~~~~~~~~~~~~~~~~~~~~~~~~~~~~~~~~~~~~~~~~~~~~~~~~~~~~~~~~~
arm-none-eabi-gcc -o "try2.elf" @"objects.list"  -l:libarm_cortexM4lf_math.a -mcpu=cortex-m4 -T"/home/joel/STM32CubeIDE/workspace/try2/STM32L476RGTX_FLASH.ld" --specs=nosys.specs -Wl,-Map="try2.map" -Wl,--gc-sections -static -L../Middlewares/ST/ARM/DSP/Lib -u _printf_float --specs=nano.specs -mfpu=fpv4-sp-d16 -mfloat-abi=hard -mthumb -Wl,--start-group -lc -lm -Wl,--end-group
Finished building target: try2.elf
 
arm-none-eabi-size   try2.elf 
arm-none-eabi-objdump -h -S  try2.elf  > "try2.list"
   text	   data	    bss	    dec	    hex	filename
 124796	    480	   7368	 132644	  20624	try2.elf
Finished building: default.size.stdout
 
Finished building: try2.list
 
15:55:12 **** Incremental Build of configuration Debug for project try2 ****
make -j8 all 
arm-none-eabi-gcc "../Core/Src/main.c" -mcpu=cortex-m4 -std=gnu11 -g -DDEBUG -DUSE_HAL_DRIVER -DSTM32L476xx -DARM_MATH_CM4 -c -I../Core/Inc -I../Drivers/STM32L4xx_HAL_Driver/Inc -I../Drivers/STM32L4xx_HAL_Driver/Inc/Legacy -I../Drivers/CMSIS/Device/ST/STM32L4xx/Include -I../Drivers/CMSIS/Include -I../Middlewares/ST/ARM/DSP/Inc -O0 -ffunction-sections -fdata-sections -Wall -fstack-usage -fcyclomatic-complexity -MMD -MP -MF"Core/Src/main.d" -MT"Core/Src/main.o" --specs=nano.specs -mfpu=fpv4-sp-d16 -mfloat-abi=hard -mthumb -o "Core/Src/main.o"
../Core/Src/main.c: In function 'main':
../Core/Src/main.c:140:34: warning: format '%f' expects argument of type 'double', but argument 3 has type 'float *' [-Wformat=]
  140 |           printf("frequency %f: %f \n", ((float32_t)(i*SAMPLING_RATE)/FFT_LENGTH), output_fft_mag);
      |                                 ~^                                                 ~~~~~~~~~~~~~~
      |                                  |                                                 |
      |                                  double                                            float *
../Core/Src/main.c:141:19: warning: pointer targets in passing argument 1 of 'sprintf' differ in signedness [-Wpointer-sign]
  141 |           sprintf(MSG, "frequency %f: %f\n", ((float32_t)(i*SAMPLING_RATE)/FFT_LENGTH), output_fft_mag[i]);
      |                   ^~~
      |                   |
      |                   uint8_t * {aka unsigned char *}
In file included from ../Core/Src/main.c:25:
/opt/st/stm32cubeide_1.13.2/plugins/com.st.stm32cube.ide.mcu.externaltools.gnu-tools-for-stm32.11.3.rel1.linux64_1.1.1.202309131626/tools/arm-none-eabi/include/stdio.h:254:18: note: expected 'char * restrict' but argument is of type 'uint8_t *' {aka 'unsigned char *'}
  254 | int     sprintf (char *__restrict, const char *__restrict, ...)
      |                  ^
../Core/Src/main.c:154:11: warning: pointer targets in passing argument 1 of 'sprintf' differ in signedness [-Wpointer-sign]
  154 |   sprintf(MSG, "Max FFT Amplitude: %f at frequency: %f\n", maxFFT, ((float32_t)(maxFFTIndex*SAMPLING_RATE)/FFT_LENGTH));
      |           ^~~
      |           |
      |           uint8_t * {aka unsigned char *}
In file included from ../Core/Src/main.c:25:
/opt/st/stm32cubeide_1.13.2/plugins/com.st.stm32cube.ide.mcu.externaltools.gnu-tools-for-stm32.11.3.rel1.linux64_1.1.1.202309131626/tools/arm-none-eabi/include/stdio.h:254:18: note: expected 'char * restrict' but argument is of type 'uint8_t *' {aka 'unsigned char *'}
  254 | int     sprintf (char *__restrict, const char *__restrict, ...)
      |                  ^
../Core/Src/main.c:154:55: warning: '
   ' directive writing 1 byte into a region of size between 0 and 10 [-Wformat-overflow=]
  154 |   sprintf(MSG, "Max FFT Amplitude: %f at frequency: %f\n", maxFFT, ((float32_t)(maxFFTIndex*SAMPLING_RATE)/FFT_LENGTH));
      |                                                       ^~
../Core/Src/main.c:154:3: note: 'sprintf' output between 42 and 670 bytes into a destination of size 50
  154 |   sprintf(MSG, "Max FFT Amplitude: %f at frequency: %f\n", maxFFT, ((float32_t)(maxFFTIndex*SAMPLING_RATE)/FFT_LENGTH));
      |   ^~~~~~~~~~~~~~~~~~~~~~~~~~~~~~~~~~~~~~~~~~~~~~~~~~~~~~~~~~~~~~~~~~~~~~~~~~~~~~~~~~~~~~~~~~~~~~~~~~~~~~~~~~~~~~~~~~~~~
arm-none-eabi-gcc -o "try2.elf" @"objects.list"  -l:libarm_cortexM4lf_math.a -mcpu=cortex-m4 -T"/home/joel/STM32CubeIDE/workspace/try2/STM32L476RGTX_FLASH.ld" --specs=nosys.specs -Wl,-Map="try2.map" -Wl,--gc-sections -static -L../Middlewares/ST/ARM/DSP/Lib -u _printf_float --specs=nano.specs -mfpu=fpv4-sp-d16 -mfloat-abi=hard -mthumb -Wl,--start-group -lc -lm -Wl,--end-group
Finished building target: try2.elf
 
arm-none-eabi-size   try2.elf 
arm-none-eabi-objdump -h -S  try2.elf  > "try2.list"
   text	   data	    bss	    dec	    hex	filename
 124796	    480	   7368	 132644	  20624	try2.elf
Finished building: default.size.stdout
 
Finished building: try2.list
 
15:55:54 **** Incremental Build of configuration Debug for project try2 ****
make -j8 all 
arm-none-eabi-gcc "../Core/Src/main.c" -mcpu=cortex-m4 -std=gnu11 -g -DDEBUG -DUSE_HAL_DRIVER -DSTM32L476xx -DARM_MATH_CM4 -c -I../Core/Inc -I../Drivers/STM32L4xx_HAL_Driver/Inc -I../Drivers/STM32L4xx_HAL_Driver/Inc/Legacy -I../Drivers/CMSIS/Device/ST/STM32L4xx/Include -I../Drivers/CMSIS/Include -I../Middlewares/ST/ARM/DSP/Inc -O0 -ffunction-sections -fdata-sections -Wall -fstack-usage -fcyclomatic-complexity -MMD -MP -MF"Core/Src/main.d" -MT"Core/Src/main.o" --specs=nano.specs -mfpu=fpv4-sp-d16 -mfloat-abi=hard -mthumb -o "Core/Src/main.o"
../Core/Src/main.c: In function 'main':
../Core/Src/main.c:140:34: warning: format '%f' expects argument of type 'double', but argument 3 has type 'float *' [-Wformat=]
  140 |           printf("frequency %f: %f \n", ((float32_t)(i*SAMPLING_RATE)/FFT_LENGTH), output_fft_mag);
      |                                 ~^                                                 ~~~~~~~~~~~~~~
      |                                  |                                                 |
      |                                  double                                            float *
../Core/Src/main.c:141:19: warning: pointer targets in passing argument 1 of 'sprintf' differ in signedness [-Wpointer-sign]
  141 |           sprintf(MSG, "frequency %f: %f\n", ((float32_t)(i*SAMPLING_RATE)/FFT_LENGTH), output_fft_mag[i]);
      |                   ^~~
      |                   |
      |                   uint8_t * {aka unsigned char *}
In file included from ../Core/Src/main.c:25:
/opt/st/stm32cubeide_1.13.2/plugins/com.st.stm32cube.ide.mcu.externaltools.gnu-tools-for-stm32.11.3.rel1.linux64_1.1.1.202309131626/tools/arm-none-eabi/include/stdio.h:254:18: note: expected 'char * restrict' but argument is of type 'uint8_t *' {aka 'unsigned char *'}
  254 | int     sprintf (char *__restrict, const char *__restrict, ...)
      |                  ^
../Core/Src/main.c:154:11: warning: pointer targets in passing argument 1 of 'sprintf' differ in signedness [-Wpointer-sign]
  154 |   sprintf(MSG, "Max FFT Amplitude: %f at frequency: %f\n", maxFFT, ((float32_t)(maxFFTIndex*SAMPLING_RATE)/FFT_LENGTH));
      |           ^~~
      |           |
      |           uint8_t * {aka unsigned char *}
In file included from ../Core/Src/main.c:25:
/opt/st/stm32cubeide_1.13.2/plugins/com.st.stm32cube.ide.mcu.externaltools.gnu-tools-for-stm32.11.3.rel1.linux64_1.1.1.202309131626/tools/arm-none-eabi/include/stdio.h:254:18: note: expected 'char * restrict' but argument is of type 'uint8_t *' {aka 'unsigned char *'}
  254 | int     sprintf (char *__restrict, const char *__restrict, ...)
      |                  ^
../Core/Src/main.c:154:55: warning: '
   ' directive writing 1 byte into a region of size between 0 and 10 [-Wformat-overflow=]
  154 |   sprintf(MSG, "Max FFT Amplitude: %f at frequency: %f\n", maxFFT, ((float32_t)(maxFFTIndex*SAMPLING_RATE)/FFT_LENGTH));
      |                                                       ^~
../Core/Src/main.c:154:3: note: 'sprintf' output between 42 and 670 bytes into a destination of size 50
  154 |   sprintf(MSG, "Max FFT Amplitude: %f at frequency: %f\n", maxFFT, ((float32_t)(maxFFTIndex*SAMPLING_RATE)/FFT_LENGTH));
      |   ^~~~~~~~~~~~~~~~~~~~~~~~~~~~~~~~~~~~~~~~~~~~~~~~~~~~~~~~~~~~~~~~~~~~~~~~~~~~~~~~~~~~~~~~~~~~~~~~~~~~~~~~~~~~~~~~~~~~~
arm-none-eabi-gcc -o "try2.elf" @"objects.list"  -l:libarm_cortexM4lf_math.a -mcpu=cortex-m4 -T"/home/joel/STM32CubeIDE/workspace/try2/STM32L476RGTX_FLASH.ld" --specs=nosys.specs -Wl,-Map="try2.map" -Wl,--gc-sections -static -L../Middlewares/ST/ARM/DSP/Lib -u _printf_float --specs=nano.specs -mfpu=fpv4-sp-d16 -mfloat-abi=hard -mthumb -Wl,--start-group -lc -lm -Wl,--end-group
Finished building target: try2.elf
 
arm-none-eabi-size   try2.elf 
arm-none-eabi-objdump -h -S  try2.elf  > "try2.list"
   text	   data	    bss	    dec	    hex	filename
 124796	    480	   7368	 132644	  20624	try2.elf
Finished building: default.size.stdout
 
Finished building: try2.list
 
16:05:58 **** Incremental Build of configuration Debug for project try2 ****
make -j8 all 
arm-none-eabi-size   try2.elf 
   text	   data	    bss	    dec	    hex	filename
 124796	    480	   7368	 132644	  20624	try2.elf
Finished building: default.size.stdout
 
16:06:50 **** Incremental Build of configuration Debug for project try2 ****
make -j8 all 
arm-none-eabi-size   try2.elf 
   text	   data	    bss	    dec	    hex	filename
 124796	    480	   7368	 132644	  20624	try2.elf
Finished building: default.size.stdout
 
16:15:25 **** Incremental Build of configuration Debug for project try2 ****
make -j8 all 
arm-none-eabi-size   try2.elf 
   text	   data	    bss	    dec	    hex	filename
 124796	    480	   7368	 132644	  20624	try2.elf
Finished building: default.size.stdout
 
16:16:03 **** Incremental Build of configuration Debug for project try2 ****
make -j8 all 
arm-none-eabi-size   try2.elf 
   text	   data	    bss	    dec	    hex	filename
 124796	    480	   7368	 132644	  20624	try2.elf
Finished building: default.size.stdout
 
16:16:12 **** Incremental Build of configuration Debug for project try2 ****
make -j8 all 
arm-none-eabi-size   try2.elf 
   text	   data	    bss	    dec	    hex	filename
 124796	    480	   7368	 132644	  20624	try2.elf
Finished building: default.size.stdout
 
16:18:49 **** Incremental Build of configuration Debug for project try2 ****
make -j8 all 
arm-none-eabi-size   try2.elf 
   text	   data	    bss	    dec	    hex	filename
 124796	    480	   7368	 132644	  20624	try2.elf
Finished building: default.size.stdout
 
