11:46:21 **** Incremental Build of configuration Debug for project try2 ****
make -j8 all 
arm-none-eabi-gcc "../Core/Src/main.c" -mcpu=cortex-m4 -std=gnu11 -g -DDEBUG -DUSE_HAL_DRIVER -DSTM32L476xx -DARM_MATH_CM4 -c -I../Core/Inc -I../Drivers/STM32L4xx_HAL_Driver/Inc -I../Drivers/STM32L4xx_HAL_Driver/Inc/Legacy -I../Drivers/CMSIS/Device/ST/STM32L4xx/Include -I../Drivers/CMSIS/Include -I../Middlewares/ST/ARM/DSP/Inc -O0 -ffunction-sections -fdata-sections -Wall -fstack-usage -fcyclomatic-complexity -MMD -MP -MF"Core/Src/main.d" -MT"Core/Src/main.o" --specs=nano.specs -mfpu=fpv4-sp-d16 -mfloat-abi=hard -mthumb -o "Core/Src/main.o"
../Core/Src/main.c: In function 'main':
../Core/Src/main.c:119:19: warning: pointer targets in passing argument 1 of 'sprintf' differ in signedness [-Wpointer-sign]
  119 |           sprintf(MSG, "frequency %f: %f\n", ((float32_t)(i*SAMPLING_RATE)/FFT_LENGTH), output_fft_mag[i]);
      |                   ^~~
      |                   |
      |                   uint8_t * {aka unsigned char *}
In file included from ../Core/Src/main.c:25:
/opt/st/stm32cubeide_1.13.2/plugins/com.st.stm32cube.ide.mcu.externaltools.gnu-tools-for-stm32.11.3.rel1.linux64_1.1.1.202309131626/tools/arm-none-eabi/include/stdio.h:254:18: note: expected 'char * restrict' but argument is of type 'uint8_t *' {aka 'unsigned char *'}
  254 | int     sprintf (char *__restrict, const char *__restrict, ...)
      |                  ^
../Core/Src/main.c:121:60: warning: passing argument 4 of 'arm_max_f32' from incompatible pointer type [-Wincompatible-pointer-types]
  121 |           arm_max_f32(output_fft_mag, FFT_LENGTH, &maxFFT, &maxFFTIndex);
      |                                                            ^~~~~~~~~~~~
      |                                                            |
      |                                                            int *
In file included from ../Core/Src/main.c:24:
../Middlewares/ST/ARM/DSP/Inc/arm_math.h:6522:14: note: expected 'uint32_t *' {aka 'long unsigned int *'} but argument is of type 'int *'
 6522 |   uint32_t * pIndex);
      |   ~~~~~~~~~~~^~~~~~
../Core/Src/main.c:124:11: warning: pointer targets in passing argument 1 of 'sprintf' differ in signedness [-Wpointer-sign]
  124 |   sprintf(MSG, "Max FFT Amplitude: %f at frequency: %f\n", maxFFT, ((float32_t)(maxFFTIndex*SAMPLING_RATE)/FFT_LENGTH));
      |           ^~~
      |           |
      |           uint8_t * {aka unsigned char *}
In file included from ../Core/Src/main.c:25:
/opt/st/stm32cubeide_1.13.2/plugins/com.st.stm32cube.ide.mcu.externaltools.gnu-tools-for-stm32.11.3.rel1.linux64_1.1.1.202309131626/tools/arm-none-eabi/include/stdio.h:254:18: note: expected 'char * restrict' but argument is of type 'uint8_t *' {aka 'unsigned char *'}
  254 | int     sprintf (char *__restrict, const char *__restrict, ...)
      |                  ^
../Core/Src/main.c:124:55: warning: '
   ' directive writing 1 byte into a region of size between 0 and 10 [-Wformat-overflow=]
  124 |   sprintf(MSG, "Max FFT Amplitude: %f at frequency: %f\n", maxFFT, ((float32_t)(maxFFTIndex*SAMPLING_RATE)/FFT_LENGTH));
      |                                                       ^~
../Core/Src/main.c:124:3: note: 'sprintf' output between 42 and 670 bytes into a destination of size 50
  124 |   sprintf(MSG, "Max FFT Amplitude: %f at frequency: %f\n", maxFFT, ((float32_t)(maxFFTIndex*SAMPLING_RATE)/FFT_LENGTH));
      |   ^~~~~~~~~~~~~~~~~~~~~~~~~~~~~~~~~~~~~~~~~~~~~~~~~~~~~~~~~~~~~~~~~~~~~~~~~~~~~~~~~~~~~~~~~~~~~~~~~~~~~~~~~~~~~~~~~~~~~
arm-none-eabi-gcc -o "try2.elf" @"objects.list"  -l:libarm_cortexM4lf_math.a -mcpu=cortex-m4 -T"/home/joel/STM32CubeIDE/workspace_1.13.2/try2/STM32L476RGTX_FLASH.ld" --specs=nosys.specs -Wl,-Map="try2.map" -Wl,--gc-sections -static -L../Middlewares/ST/ARM/DSP/Lib -u _printf_float --specs=nano.specs -mfpu=fpv4-sp-d16 -mfloat-abi=hard -mthumb -Wl,--start-group -lc -lm -Wl,--end-group
Finished building target: try2.elf
 
arm-none-eabi-size   try2.elf 
arm-none-eabi-objdump -h -S  try2.elf  > "try2.list"
   text	   data	    bss	    dec	    hex	filename
 113648	    480	   4624	 118752	  1cfe0	try2.elf
Finished building: default.size.stdout
 
Finished building: try2.list
 

11:46:22 Build Finished. 0 errors, 4 warnings. (took 474ms)

